<!doctype html public "-//w3c//dtd html 4.0 transitional//en">
<html><head>
<title>Static Call Graph - [.\Objects\monster_fish.axf]</title></head>
<body><HR>
<H1>Static Call Graph for image .\Objects\monster_fish.axf</H1><HR>
<BR><P>#&#060CALLGRAPH&#062# ARM Linker, 5040049: Last Updated: Sun Jul 26 13:31:44 2015
<BR><P>
<H3>Maximum Stack Usage =        128 bytes + Unknown(Functions without stacksize, Cycles, Untraceable Function Pointers)</H3><H3>
Call chain for Maximum Stack Depth:</H3>
__rt_entry_main &rArr; main &rArr; _RFM69W_init &rArr; RFM69W_REG_init &rArr; RFM69W_encrypt &rArr; _RFM69W_setMode &rArr; _RFM69W_send &rArr; RFM69W_SPI_write &rArr; RFM69W_FIFO_fill
<P>
<H3>
Functions with no stack information
</H3><UL>
 <LI><a href="#[43]">__user_initial_stackheap</a>
</UL>
</UL>
<P>
<H3>
Mutually Recursive functions
</H3> <LI><a href="#[9]">NMI_Handler</a>&nbsp;&nbsp;&nbsp;&rArr;&nbsp;&nbsp;&nbsp;<a href="#[9]">NMI_Handler</a><BR>
 <LI><a href="#[a]">HardFault_Handler</a>&nbsp;&nbsp;&nbsp;&rArr;&nbsp;&nbsp;&nbsp;<a href="#[a]">HardFault_Handler</a><BR>
 <LI><a href="#[b]">MemManage_Handler</a>&nbsp;&nbsp;&nbsp;&rArr;&nbsp;&nbsp;&nbsp;<a href="#[b]">MemManage_Handler</a><BR>
 <LI><a href="#[c]">BusFault_Handler</a>&nbsp;&nbsp;&nbsp;&rArr;&nbsp;&nbsp;&nbsp;<a href="#[c]">BusFault_Handler</a><BR>
 <LI><a href="#[d]">UsageFault_Handler</a>&nbsp;&nbsp;&nbsp;&rArr;&nbsp;&nbsp;&nbsp;<a href="#[d]">UsageFault_Handler</a><BR>
 <LI><a href="#[e]">SVC_Handler</a>&nbsp;&nbsp;&nbsp;&rArr;&nbsp;&nbsp;&nbsp;<a href="#[e]">SVC_Handler</a><BR>
 <LI><a href="#[f]">DebugMon_Handler</a>&nbsp;&nbsp;&nbsp;&rArr;&nbsp;&nbsp;&nbsp;<a href="#[f]">DebugMon_Handler</a><BR>
 <LI><a href="#[10]">PendSV_Handler</a>&nbsp;&nbsp;&nbsp;&rArr;&nbsp;&nbsp;&nbsp;<a href="#[10]">PendSV_Handler</a><BR>
 <LI><a href="#[24]">ADC1_IRQHandler</a>&nbsp;&nbsp;&nbsp;&rArr;&nbsp;&nbsp;&nbsp;<a href="#[24]">ADC1_IRQHandler</a><BR>
</UL>
<P>
<H3>
Function Pointers
</H3><UL>
 <LI><a href="#[24]">ADC1_IRQHandler</a> from startup_stm32l1xx_md.o(.text) referenced from startup_stm32l1xx_md.o(RESET)
 <LI><a href="#[c]">BusFault_Handler</a> from startup_stm32l1xx_md.o(.text) referenced from startup_stm32l1xx_md.o(RESET)
 <LI><a href="#[28]">COMP_IRQHandler</a> from startup_stm32l1xx_md.o(.text) referenced from startup_stm32l1xx_md.o(RESET)
 <LI><a href="#[27]">DAC_IRQHandler</a> from startup_stm32l1xx_md.o(.text) referenced from startup_stm32l1xx_md.o(RESET)
 <LI><a href="#[1d]">DMA1_Channel1_IRQHandler</a> from startup_stm32l1xx_md.o(.text) referenced from startup_stm32l1xx_md.o(RESET)
 <LI><a href="#[1e]">DMA1_Channel2_IRQHandler</a> from startup_stm32l1xx_md.o(.text) referenced from startup_stm32l1xx_md.o(RESET)
 <LI><a href="#[1f]">DMA1_Channel3_IRQHandler</a> from startup_stm32l1xx_md.o(.text) referenced from startup_stm32l1xx_md.o(RESET)
 <LI><a href="#[20]">DMA1_Channel4_IRQHandler</a> from startup_stm32l1xx_md.o(.text) referenced from startup_stm32l1xx_md.o(RESET)
 <LI><a href="#[21]">DMA1_Channel5_IRQHandler</a> from startup_stm32l1xx_md.o(.text) referenced from startup_stm32l1xx_md.o(RESET)
 <LI><a href="#[22]">DMA1_Channel6_IRQHandler</a> from startup_stm32l1xx_md.o(.text) referenced from startup_stm32l1xx_md.o(RESET)
 <LI><a href="#[23]">DMA1_Channel7_IRQHandler</a> from startup_stm32l1xx_md.o(.text) referenced from startup_stm32l1xx_md.o(RESET)
 <LI><a href="#[f]">DebugMon_Handler</a> from startup_stm32l1xx_md.o(.text) referenced from startup_stm32l1xx_md.o(RESET)
 <LI><a href="#[18]">EXTI0_IRQHandler</a> from startup_stm32l1xx_md.o(.text) referenced from startup_stm32l1xx_md.o(RESET)
 <LI><a href="#[3a]">EXTI15_10_IRQHandler</a> from rfm69w.o(i.EXTI15_10_IRQHandler) referenced from startup_stm32l1xx_md.o(RESET)
 <LI><a href="#[19]">EXTI1_IRQHandler</a> from startup_stm32l1xx_md.o(.text) referenced from startup_stm32l1xx_md.o(RESET)
 <LI><a href="#[1a]">EXTI2_IRQHandler</a> from startup_stm32l1xx_md.o(.text) referenced from startup_stm32l1xx_md.o(RESET)
 <LI><a href="#[1b]">EXTI3_IRQHandler</a> from startup_stm32l1xx_md.o(.text) referenced from startup_stm32l1xx_md.o(RESET)
 <LI><a href="#[1c]">EXTI4_IRQHandler</a> from startup_stm32l1xx_md.o(.text) referenced from startup_stm32l1xx_md.o(RESET)
 <LI><a href="#[29]">EXTI9_5_IRQHandler</a> from startup_stm32l1xx_md.o(.text) referenced from startup_stm32l1xx_md.o(RESET)
 <LI><a href="#[16]">FLASH_IRQHandler</a> from startup_stm32l1xx_md.o(.text) referenced from startup_stm32l1xx_md.o(RESET)
 <LI><a href="#[a]">HardFault_Handler</a> from startup_stm32l1xx_md.o(.text) referenced from startup_stm32l1xx_md.o(RESET)
 <LI><a href="#[32]">I2C1_ER_IRQHandler</a> from startup_stm32l1xx_md.o(.text) referenced from startup_stm32l1xx_md.o(RESET)
 <LI><a href="#[31]">I2C1_EV_IRQHandler</a> from startup_stm32l1xx_md.o(.text) referenced from startup_stm32l1xx_md.o(RESET)
 <LI><a href="#[34]">I2C2_ER_IRQHandler</a> from startup_stm32l1xx_md.o(.text) referenced from startup_stm32l1xx_md.o(RESET)
 <LI><a href="#[33]">I2C2_EV_IRQHandler</a> from startup_stm32l1xx_md.o(.text) referenced from startup_stm32l1xx_md.o(RESET)
 <LI><a href="#[2a]">LCD_IRQHandler</a> from startup_stm32l1xx_md.o(.text) referenced from startup_stm32l1xx_md.o(RESET)
 <LI><a href="#[b]">MemManage_Handler</a> from startup_stm32l1xx_md.o(.text) referenced from startup_stm32l1xx_md.o(RESET)
 <LI><a href="#[9]">NMI_Handler</a> from startup_stm32l1xx_md.o(.text) referenced from startup_stm32l1xx_md.o(RESET)
 <LI><a href="#[13]">PVD_IRQHandler</a> from startup_stm32l1xx_md.o(.text) referenced from startup_stm32l1xx_md.o(RESET)
 <LI><a href="#[10]">PendSV_Handler</a> from startup_stm32l1xx_md.o(.text) referenced from startup_stm32l1xx_md.o(RESET)
 <LI><a href="#[17]">RCC_IRQHandler</a> from startup_stm32l1xx_md.o(.text) referenced from startup_stm32l1xx_md.o(RESET)
 <LI><a href="#[3b]">RTC_Alarm_IRQHandler</a> from startup_stm32l1xx_md.o(.text) referenced from startup_stm32l1xx_md.o(RESET)
 <LI><a href="#[15]">RTC_WKUP_IRQHandler</a> from startup_stm32l1xx_md.o(.text) referenced from startup_stm32l1xx_md.o(RESET)
 <LI><a href="#[41]">Reset_Handler</a> from startup_stm32l1xx_md.o(.text) referenced from startup_stm32l1xx_md.o(RESET)
 <LI><a href="#[35]">SPI1_IRQHandler</a> from rfm69w.o(i.SPI1_IRQHandler) referenced from startup_stm32l1xx_md.o(RESET)
 <LI><a href="#[36]">SPI2_IRQHandler</a> from startup_stm32l1xx_md.o(.text) referenced from startup_stm32l1xx_md.o(RESET)
 <LI><a href="#[e]">SVC_Handler</a> from startup_stm32l1xx_md.o(.text) referenced from startup_stm32l1xx_md.o(RESET)
 <LI><a href="#[11]">SysTick_Handler</a> from main.o(i.SysTick_Handler) referenced from startup_stm32l1xx_md.o(RESET)
 <LI><a href="#[3f]">SystemInit</a> from system_stm32l1xx.o(i.SystemInit) referenced from startup_stm32l1xx_md.o(.text)
 <LI><a href="#[14]">TAMPER_STAMP_IRQHandler</a> from startup_stm32l1xx_md.o(.text) referenced from startup_stm32l1xx_md.o(RESET)
 <LI><a href="#[2c]">TIM10_IRQHandler</a> from startup_stm32l1xx_md.o(.text) referenced from startup_stm32l1xx_md.o(RESET)
 <LI><a href="#[2d]">TIM11_IRQHandler</a> from startup_stm32l1xx_md.o(.text) referenced from startup_stm32l1xx_md.o(RESET)
 <LI><a href="#[2e]">TIM2_IRQHandler</a> from startup_stm32l1xx_md.o(.text) referenced from startup_stm32l1xx_md.o(RESET)
 <LI><a href="#[2f]">TIM3_IRQHandler</a> from startup_stm32l1xx_md.o(.text) referenced from startup_stm32l1xx_md.o(RESET)
 <LI><a href="#[30]">TIM4_IRQHandler</a> from startup_stm32l1xx_md.o(.text) referenced from startup_stm32l1xx_md.o(RESET)
 <LI><a href="#[3d]">TIM6_IRQHandler</a> from key.o(i.TIM6_IRQHandler) referenced from startup_stm32l1xx_md.o(RESET)
 <LI><a href="#[3e]">TIM7_IRQHandler</a> from startup_stm32l1xx_md.o(.text) referenced from startup_stm32l1xx_md.o(RESET)
 <LI><a href="#[2b]">TIM9_IRQHandler</a> from startup_stm32l1xx_md.o(.text) referenced from startup_stm32l1xx_md.o(RESET)
 <LI><a href="#[37]">USART1_IRQHandler</a> from usart.o(i.USART1_IRQHandler) referenced from startup_stm32l1xx_md.o(RESET)
 <LI><a href="#[38]">USART2_IRQHandler</a> from startup_stm32l1xx_md.o(.text) referenced from startup_stm32l1xx_md.o(RESET)
 <LI><a href="#[39]">USART3_IRQHandler</a> from startup_stm32l1xx_md.o(.text) referenced from startup_stm32l1xx_md.o(RESET)
 <LI><a href="#[3c]">USB_FS_WKUP_IRQHandler</a> from startup_stm32l1xx_md.o(.text) referenced from startup_stm32l1xx_md.o(RESET)
 <LI><a href="#[25]">USB_HP_IRQHandler</a> from startup_stm32l1xx_md.o(.text) referenced from startup_stm32l1xx_md.o(RESET)
 <LI><a href="#[26]">USB_LP_IRQHandler</a> from startup_stm32l1xx_md.o(.text) referenced from startup_stm32l1xx_md.o(RESET)
 <LI><a href="#[d]">UsageFault_Handler</a> from startup_stm32l1xx_md.o(.text) referenced from startup_stm32l1xx_md.o(RESET)
 <LI><a href="#[12]">WWDG_IRQHandler</a> from startup_stm32l1xx_md.o(.text) referenced from startup_stm32l1xx_md.o(RESET)
 <LI><a href="#[42]">__main</a> from __main.o(!!!main) referenced from startup_stm32l1xx_md.o(.text)
</UL>
<P>
<H3>
Global Symbols
</H3>
<P><STRONG><a name="[42]"></a>__main</STRONG> (Thumb, 8 bytes, Stack size 0 bytes, __main.o(!!!main))
<BR><BR>[Calls]<UL><LI><a href="#[44]">&gt;&gt;</a>&nbsp;&nbsp;&nbsp;__scatterload
<LI><a href="#[45]">&gt;&gt;</a>&nbsp;&nbsp;&nbsp;__rt_entry
</UL>

<P><STRONG><a name="[44]"></a>__scatterload</STRONG> (Thumb, 0 bytes, Stack size unknown bytes, __scatter.o(!!!scatter))
<BR><BR>[Called By]<UL><LI><a href="#[42]">&gt;&gt;</a>&nbsp;&nbsp;&nbsp;__main
</UL>

<P><STRONG><a name="[46]"></a>__scatterload_rt2</STRONG> (Thumb, 44 bytes, Stack size unknown bytes, __scatter.o(!!!scatter), UNUSED)
<BR><BR>[Calls]<UL><LI><a href="#[45]">&gt;&gt;</a>&nbsp;&nbsp;&nbsp;__rt_entry
</UL>

<P><STRONG><a name="[67]"></a>__scatterload_rt2_thumb_only</STRONG> (Thumb, 0 bytes, Stack size unknown bytes, __scatter.o(!!!scatter), UNUSED)

<P><STRONG><a name="[68]"></a>__scatterload_null</STRONG> (Thumb, 0 bytes, Stack size unknown bytes, __scatter.o(!!!scatter), UNUSED)

<P><STRONG><a name="[47]"></a>__scatterload_copy</STRONG> (Thumb, 26 bytes, Stack size unknown bytes, __scatter_copy.o(!!handler_copy), UNUSED)
<BR><BR>[Calls]<UL><LI><a href="#[47]">&gt;&gt;</a>&nbsp;&nbsp;&nbsp;__scatterload_copy
</UL>
<BR>[Called By]<UL><LI><a href="#[47]">&gt;&gt;</a>&nbsp;&nbsp;&nbsp;__scatterload_copy
</UL>

<P><STRONG><a name="[69]"></a>__scatterload_zeroinit</STRONG> (Thumb, 28 bytes, Stack size unknown bytes, __scatter_zi.o(!!handler_zi), UNUSED)

<P><STRONG><a name="[4b]"></a>__rt_lib_init</STRONG> (Thumb, 0 bytes, Stack size unknown bytes, libinit.o(.ARM.Collect$$libinit$$00000000))
<BR><BR>[Called By]<UL><LI><a href="#[4a]">&gt;&gt;</a>&nbsp;&nbsp;&nbsp;__rt_entry_li
</UL>

<P><STRONG><a name="[6a]"></a>__rt_lib_init_alloca_1</STRONG> (Thumb, 0 bytes, Stack size unknown bytes, libinit2.o(.ARM.Collect$$libinit$$0000002C))

<P><STRONG><a name="[6b]"></a>__rt_lib_init_argv_1</STRONG> (Thumb, 0 bytes, Stack size unknown bytes, libinit2.o(.ARM.Collect$$libinit$$0000002A))

<P><STRONG><a name="[6c]"></a>__rt_lib_init_atexit_1</STRONG> (Thumb, 0 bytes, Stack size unknown bytes, libinit2.o(.ARM.Collect$$libinit$$00000019))

<P><STRONG><a name="[6d]"></a>__rt_lib_init_clock_1</STRONG> (Thumb, 0 bytes, Stack size unknown bytes, libinit2.o(.ARM.Collect$$libinit$$0000001F))

<P><STRONG><a name="[6e]"></a>__rt_lib_init_cpp_1</STRONG> (Thumb, 0 bytes, Stack size unknown bytes, libinit2.o(.ARM.Collect$$libinit$$00000030))

<P><STRONG><a name="[6f]"></a>__rt_lib_init_exceptions_1</STRONG> (Thumb, 0 bytes, Stack size unknown bytes, libinit2.o(.ARM.Collect$$libinit$$0000002E))

<P><STRONG><a name="[70]"></a>__rt_lib_init_fp_1</STRONG> (Thumb, 0 bytes, Stack size unknown bytes, libinit2.o(.ARM.Collect$$libinit$$00000002))

<P><STRONG><a name="[71]"></a>__rt_lib_init_fp_trap_1</STRONG> (Thumb, 0 bytes, Stack size unknown bytes, libinit2.o(.ARM.Collect$$libinit$$0000001D))

<P><STRONG><a name="[72]"></a>__rt_lib_init_getenv_1</STRONG> (Thumb, 0 bytes, Stack size unknown bytes, libinit2.o(.ARM.Collect$$libinit$$00000021))

<P><STRONG><a name="[73]"></a>__rt_lib_init_heap_1</STRONG> (Thumb, 0 bytes, Stack size unknown bytes, libinit2.o(.ARM.Collect$$libinit$$00000008))

<P><STRONG><a name="[74]"></a>__rt_lib_init_lc_collate_1</STRONG> (Thumb, 0 bytes, Stack size unknown bytes, libinit2.o(.ARM.Collect$$libinit$$0000000F))

<P><STRONG><a name="[75]"></a>__rt_lib_init_lc_ctype_1</STRONG> (Thumb, 0 bytes, Stack size unknown bytes, libinit2.o(.ARM.Collect$$libinit$$00000011))

<P><STRONG><a name="[76]"></a>__rt_lib_init_lc_monetary_1</STRONG> (Thumb, 0 bytes, Stack size unknown bytes, libinit2.o(.ARM.Collect$$libinit$$00000013))

<P><STRONG><a name="[77]"></a>__rt_lib_init_lc_numeric_1</STRONG> (Thumb, 0 bytes, Stack size unknown bytes, libinit2.o(.ARM.Collect$$libinit$$00000015))

<P><STRONG><a name="[78]"></a>__rt_lib_init_lc_time_1</STRONG> (Thumb, 0 bytes, Stack size unknown bytes, libinit2.o(.ARM.Collect$$libinit$$00000017))

<P><STRONG><a name="[79]"></a>__rt_lib_init_rand_1</STRONG> (Thumb, 0 bytes, Stack size unknown bytes, libinit2.o(.ARM.Collect$$libinit$$0000000C))

<P><STRONG><a name="[7a]"></a>__rt_lib_init_return</STRONG> (Thumb, 0 bytes, Stack size unknown bytes, libinit2.o(.ARM.Collect$$libinit$$00000031))

<P><STRONG><a name="[7b]"></a>__rt_lib_init_signal_1</STRONG> (Thumb, 0 bytes, Stack size unknown bytes, libinit2.o(.ARM.Collect$$libinit$$0000001B))

<P><STRONG><a name="[7c]"></a>__rt_lib_init_stdio_1</STRONG> (Thumb, 0 bytes, Stack size unknown bytes, libinit2.o(.ARM.Collect$$libinit$$00000023))

<P><STRONG><a name="[7d]"></a>__rt_lib_init_user_alloc_1</STRONG> (Thumb, 0 bytes, Stack size unknown bytes, libinit2.o(.ARM.Collect$$libinit$$0000000A))

<P><STRONG><a name="[50]"></a>__rt_lib_shutdown</STRONG> (Thumb, 0 bytes, Stack size unknown bytes, libshutdown.o(.ARM.Collect$$libshutdown$$00000000))
<BR><BR>[Called By]<UL><LI><a href="#[4f]">&gt;&gt;</a>&nbsp;&nbsp;&nbsp;__rt_exit_ls
</UL>

<P><STRONG><a name="[7e]"></a>__rt_lib_shutdown_fp_trap_1</STRONG> (Thumb, 0 bytes, Stack size unknown bytes, libshutdown2.o(.ARM.Collect$$libshutdown$$00000006))

<P><STRONG><a name="[7f]"></a>__rt_lib_shutdown_heap_1</STRONG> (Thumb, 0 bytes, Stack size unknown bytes, libshutdown2.o(.ARM.Collect$$libshutdown$$0000000E))

<P><STRONG><a name="[80]"></a>__rt_lib_shutdown_return</STRONG> (Thumb, 0 bytes, Stack size unknown bytes, libshutdown2.o(.ARM.Collect$$libshutdown$$0000000F))

<P><STRONG><a name="[81]"></a>__rt_lib_shutdown_signal_1</STRONG> (Thumb, 0 bytes, Stack size unknown bytes, libshutdown2.o(.ARM.Collect$$libshutdown$$00000009))

<P><STRONG><a name="[82]"></a>__rt_lib_shutdown_stdio_1</STRONG> (Thumb, 0 bytes, Stack size unknown bytes, libshutdown2.o(.ARM.Collect$$libshutdown$$00000003))

<P><STRONG><a name="[83]"></a>__rt_lib_shutdown_user_alloc_1</STRONG> (Thumb, 0 bytes, Stack size unknown bytes, libshutdown2.o(.ARM.Collect$$libshutdown$$0000000B))

<P><STRONG><a name="[45]"></a>__rt_entry</STRONG> (Thumb, 0 bytes, Stack size unknown bytes, rtentry.o(.ARM.Collect$$rtentry$$00000000))
<BR><BR>[Called By]<UL><LI><a href="#[42]">&gt;&gt;</a>&nbsp;&nbsp;&nbsp;__main
<LI><a href="#[46]">&gt;&gt;</a>&nbsp;&nbsp;&nbsp;__scatterload_rt2
</UL>

<P><STRONG><a name="[84]"></a>__rt_entry_presh_1</STRONG> (Thumb, 0 bytes, Stack size unknown bytes, rtentry2.o(.ARM.Collect$$rtentry$$00000002))

<P><STRONG><a name="[48]"></a>__rt_entry_sh</STRONG> (Thumb, 0 bytes, Stack size unknown bytes, rtentry4.o(.ARM.Collect$$rtentry$$00000004))
<BR><BR>[Stack]<UL><LI>Max Depth = 8 + Unknown Stack Size
<LI>Call Chain = __rt_entry_sh &rArr; __user_setup_stackheap
</UL>
<BR>[Calls]<UL><LI><a href="#[49]">&gt;&gt;</a>&nbsp;&nbsp;&nbsp;__user_setup_stackheap
</UL>

<P><STRONG><a name="[4a]"></a>__rt_entry_li</STRONG> (Thumb, 0 bytes, Stack size unknown bytes, rtentry2.o(.ARM.Collect$$rtentry$$0000000A))
<BR><BR>[Calls]<UL><LI><a href="#[4b]">&gt;&gt;</a>&nbsp;&nbsp;&nbsp;__rt_lib_init
</UL>

<P><STRONG><a name="[85]"></a>__rt_entry_postsh_1</STRONG> (Thumb, 0 bytes, Stack size unknown bytes, rtentry2.o(.ARM.Collect$$rtentry$$00000009))

<P><STRONG><a name="[4c]"></a>__rt_entry_main</STRONG> (Thumb, 0 bytes, Stack size unknown bytes, rtentry2.o(.ARM.Collect$$rtentry$$0000000D))
<BR><BR>[Stack]<UL><LI>Max Depth = 128 + Unknown Stack Size
<LI>Call Chain = __rt_entry_main &rArr; main &rArr; _RFM69W_init &rArr; RFM69W_REG_init &rArr; RFM69W_encrypt &rArr; _RFM69W_setMode &rArr; _RFM69W_send &rArr; RFM69W_SPI_write &rArr; RFM69W_FIFO_fill
</UL>
<BR>[Calls]<UL><LI><a href="#[4d]">&gt;&gt;</a>&nbsp;&nbsp;&nbsp;main
<LI><a href="#[4e]">&gt;&gt;</a>&nbsp;&nbsp;&nbsp;exit
</UL>

<P><STRONG><a name="[86]"></a>__rt_entry_postli_1</STRONG> (Thumb, 0 bytes, Stack size unknown bytes, rtentry2.o(.ARM.Collect$$rtentry$$0000000C))

<P><STRONG><a name="[54]"></a>__rt_exit</STRONG> (Thumb, 0 bytes, Stack size unknown bytes, rtexit.o(.ARM.Collect$$rtexit$$00000000))
<BR><BR>[Called By]<UL><LI><a href="#[4e]">&gt;&gt;</a>&nbsp;&nbsp;&nbsp;exit
</UL>

<P><STRONG><a name="[4f]"></a>__rt_exit_ls</STRONG> (Thumb, 0 bytes, Stack size unknown bytes, rtexit2.o(.ARM.Collect$$rtexit$$00000003))
<BR><BR>[Calls]<UL><LI><a href="#[50]">&gt;&gt;</a>&nbsp;&nbsp;&nbsp;__rt_lib_shutdown
</UL>

<P><STRONG><a name="[87]"></a>__rt_exit_prels_1</STRONG> (Thumb, 0 bytes, Stack size unknown bytes, rtexit2.o(.ARM.Collect$$rtexit$$00000002))

<P><STRONG><a name="[51]"></a>__rt_exit_exit</STRONG> (Thumb, 0 bytes, Stack size unknown bytes, rtexit2.o(.ARM.Collect$$rtexit$$00000004))
<BR><BR>[Calls]<UL><LI><a href="#[52]">&gt;&gt;</a>&nbsp;&nbsp;&nbsp;_sys_exit
</UL>

<P><STRONG><a name="[41]"></a>Reset_Handler</STRONG> (Thumb, 8 bytes, Stack size 0 bytes, startup_stm32l1xx_md.o(.text))

<P><STRONG><a name="[9]"></a>NMI_Handler</STRONG> (Thumb, 2 bytes, Stack size 0 bytes, startup_stm32l1xx_md.o(.text))
<BR><BR>[Calls]<UL><LI><a href="#[9]">&gt;&gt;</a>&nbsp;&nbsp;&nbsp;NMI_Handler
</UL>
<BR>[Called By]<UL><LI><a href="#[9]">&gt;&gt;</a>&nbsp;&nbsp;&nbsp;NMI_Handler
</UL>
<BR>[Address Reference Count : 1]<UL><LI> startup_stm32l1xx_md.o(RESET)
</UL>
<P><STRONG><a name="[a]"></a>HardFault_Handler</STRONG> (Thumb, 2 bytes, Stack size 0 bytes, startup_stm32l1xx_md.o(.text))
<BR><BR>[Calls]<UL><LI><a href="#[a]">&gt;&gt;</a>&nbsp;&nbsp;&nbsp;HardFault_Handler
</UL>
<BR>[Called By]<UL><LI><a href="#[a]">&gt;&gt;</a>&nbsp;&nbsp;&nbsp;HardFault_Handler
</UL>
<BR>[Address Reference Count : 1]<UL><LI> startup_stm32l1xx_md.o(RESET)
</UL>
<P><STRONG><a name="[b]"></a>MemManage_Handler</STRONG> (Thumb, 2 bytes, Stack size 0 bytes, startup_stm32l1xx_md.o(.text))
<BR><BR>[Calls]<UL><LI><a href="#[b]">&gt;&gt;</a>&nbsp;&nbsp;&nbsp;MemManage_Handler
</UL>
<BR>[Called By]<UL><LI><a href="#[b]">&gt;&gt;</a>&nbsp;&nbsp;&nbsp;MemManage_Handler
</UL>
<BR>[Address Reference Count : 1]<UL><LI> startup_stm32l1xx_md.o(RESET)
</UL>
<P><STRONG><a name="[c]"></a>BusFault_Handler</STRONG> (Thumb, 2 bytes, Stack size 0 bytes, startup_stm32l1xx_md.o(.text))
<BR><BR>[Calls]<UL><LI><a href="#[c]">&gt;&gt;</a>&nbsp;&nbsp;&nbsp;BusFault_Handler
</UL>
<BR>[Called By]<UL><LI><a href="#[c]">&gt;&gt;</a>&nbsp;&nbsp;&nbsp;BusFault_Handler
</UL>
<BR>[Address Reference Count : 1]<UL><LI> startup_stm32l1xx_md.o(RESET)
</UL>
<P><STRONG><a name="[d]"></a>UsageFault_Handler</STRONG> (Thumb, 2 bytes, Stack size 0 bytes, startup_stm32l1xx_md.o(.text))
<BR><BR>[Calls]<UL><LI><a href="#[d]">&gt;&gt;</a>&nbsp;&nbsp;&nbsp;UsageFault_Handler
</UL>
<BR>[Called By]<UL><LI><a href="#[d]">&gt;&gt;</a>&nbsp;&nbsp;&nbsp;UsageFault_Handler
</UL>
<BR>[Address Reference Count : 1]<UL><LI> startup_stm32l1xx_md.o(RESET)
</UL>
<P><STRONG><a name="[e]"></a>SVC_Handler</STRONG> (Thumb, 2 bytes, Stack size 0 bytes, startup_stm32l1xx_md.o(.text))
<BR><BR>[Calls]<UL><LI><a href="#[e]">&gt;&gt;</a>&nbsp;&nbsp;&nbsp;SVC_Handler
</UL>
<BR>[Called By]<UL><LI><a href="#[e]">&gt;&gt;</a>&nbsp;&nbsp;&nbsp;SVC_Handler
</UL>
<BR>[Address Reference Count : 1]<UL><LI> startup_stm32l1xx_md.o(RESET)
</UL>
<P><STRONG><a name="[f]"></a>DebugMon_Handler</STRONG> (Thumb, 2 bytes, Stack size 0 bytes, startup_stm32l1xx_md.o(.text))
<BR><BR>[Calls]<UL><LI><a href="#[f]">&gt;&gt;</a>&nbsp;&nbsp;&nbsp;DebugMon_Handler
</UL>
<BR>[Called By]<UL><LI><a href="#[f]">&gt;&gt;</a>&nbsp;&nbsp;&nbsp;DebugMon_Handler
</UL>
<BR>[Address Reference Count : 1]<UL><LI> startup_stm32l1xx_md.o(RESET)
</UL>
<P><STRONG><a name="[10]"></a>PendSV_Handler</STRONG> (Thumb, 2 bytes, Stack size 0 bytes, startup_stm32l1xx_md.o(.text))
<BR><BR>[Calls]<UL><LI><a href="#[10]">&gt;&gt;</a>&nbsp;&nbsp;&nbsp;PendSV_Handler
</UL>
<BR>[Called By]<UL><LI><a href="#[10]">&gt;&gt;</a>&nbsp;&nbsp;&nbsp;PendSV_Handler
</UL>
<BR>[Address Reference Count : 1]<UL><LI> startup_stm32l1xx_md.o(RESET)
</UL>
<P><STRONG><a name="[24]"></a>ADC1_IRQHandler</STRONG> (Thumb, 0 bytes, Stack size 0 bytes, startup_stm32l1xx_md.o(.text))
<BR><BR>[Calls]<UL><LI><a href="#[24]">&gt;&gt;</a>&nbsp;&nbsp;&nbsp;ADC1_IRQHandler
</UL>
<BR>[Called By]<UL><LI><a href="#[24]">&gt;&gt;</a>&nbsp;&nbsp;&nbsp;ADC1_IRQHandler
</UL>
<BR>[Address Reference Count : 1]<UL><LI> startup_stm32l1xx_md.o(RESET)
</UL>
<P><STRONG><a name="[28]"></a>COMP_IRQHandler</STRONG> (Thumb, 0 bytes, Stack size 0 bytes, startup_stm32l1xx_md.o(.text))
<BR>[Address Reference Count : 1]<UL><LI> startup_stm32l1xx_md.o(RESET)
</UL>
<P><STRONG><a name="[27]"></a>DAC_IRQHandler</STRONG> (Thumb, 0 bytes, Stack size 0 bytes, startup_stm32l1xx_md.o(.text))
<BR>[Address Reference Count : 1]<UL><LI> startup_stm32l1xx_md.o(RESET)
</UL>
<P><STRONG><a name="[1d]"></a>DMA1_Channel1_IRQHandler</STRONG> (Thumb, 0 bytes, Stack size 0 bytes, startup_stm32l1xx_md.o(.text))
<BR>[Address Reference Count : 1]<UL><LI> startup_stm32l1xx_md.o(RESET)
</UL>
<P><STRONG><a name="[1e]"></a>DMA1_Channel2_IRQHandler</STRONG> (Thumb, 0 bytes, Stack size 0 bytes, startup_stm32l1xx_md.o(.text))
<BR>[Address Reference Count : 1]<UL><LI> startup_stm32l1xx_md.o(RESET)
</UL>
<P><STRONG><a name="[1f]"></a>DMA1_Channel3_IRQHandler</STRONG> (Thumb, 0 bytes, Stack size 0 bytes, startup_stm32l1xx_md.o(.text))
<BR>[Address Reference Count : 1]<UL><LI> startup_stm32l1xx_md.o(RESET)
</UL>
<P><STRONG><a name="[20]"></a>DMA1_Channel4_IRQHandler</STRONG> (Thumb, 0 bytes, Stack size 0 bytes, startup_stm32l1xx_md.o(.text))
<BR>[Address Reference Count : 1]<UL><LI> startup_stm32l1xx_md.o(RESET)
</UL>
<P><STRONG><a name="[21]"></a>DMA1_Channel5_IRQHandler</STRONG> (Thumb, 0 bytes, Stack size 0 bytes, startup_stm32l1xx_md.o(.text))
<BR>[Address Reference Count : 1]<UL><LI> startup_stm32l1xx_md.o(RESET)
</UL>
<P><STRONG><a name="[22]"></a>DMA1_Channel6_IRQHandler</STRONG> (Thumb, 0 bytes, Stack size 0 bytes, startup_stm32l1xx_md.o(.text))
<BR>[Address Reference Count : 1]<UL><LI> startup_stm32l1xx_md.o(RESET)
</UL>
<P><STRONG><a name="[23]"></a>DMA1_Channel7_IRQHandler</STRONG> (Thumb, 0 bytes, Stack size 0 bytes, startup_stm32l1xx_md.o(.text))
<BR>[Address Reference Count : 1]<UL><LI> startup_stm32l1xx_md.o(RESET)
</UL>
<P><STRONG><a name="[18]"></a>EXTI0_IRQHandler</STRONG> (Thumb, 0 bytes, Stack size 0 bytes, startup_stm32l1xx_md.o(.text))
<BR>[Address Reference Count : 1]<UL><LI> startup_stm32l1xx_md.o(RESET)
</UL>
<P><STRONG><a name="[19]"></a>EXTI1_IRQHandler</STRONG> (Thumb, 0 bytes, Stack size 0 bytes, startup_stm32l1xx_md.o(.text))
<BR>[Address Reference Count : 1]<UL><LI> startup_stm32l1xx_md.o(RESET)
</UL>
<P><STRONG><a name="[1a]"></a>EXTI2_IRQHandler</STRONG> (Thumb, 0 bytes, Stack size 0 bytes, startup_stm32l1xx_md.o(.text))
<BR>[Address Reference Count : 1]<UL><LI> startup_stm32l1xx_md.o(RESET)
</UL>
<P><STRONG><a name="[1b]"></a>EXTI3_IRQHandler</STRONG> (Thumb, 0 bytes, Stack size 0 bytes, startup_stm32l1xx_md.o(.text))
<BR>[Address Reference Count : 1]<UL><LI> startup_stm32l1xx_md.o(RESET)
</UL>
<P><STRONG><a name="[1c]"></a>EXTI4_IRQHandler</STRONG> (Thumb, 0 bytes, Stack size 0 bytes, startup_stm32l1xx_md.o(.text))
<BR>[Address Reference Count : 1]<UL><LI> startup_stm32l1xx_md.o(RESET)
</UL>
<P><STRONG><a name="[29]"></a>EXTI9_5_IRQHandler</STRONG> (Thumb, 0 bytes, Stack size 0 bytes, startup_stm32l1xx_md.o(.text))
<BR>[Address Reference Count : 1]<UL><LI> startup_stm32l1xx_md.o(RESET)
</UL>
<P><STRONG><a name="[16]"></a>FLASH_IRQHandler</STRONG> (Thumb, 0 bytes, Stack size 0 bytes, startup_stm32l1xx_md.o(.text))
<BR>[Address Reference Count : 1]<UL><LI> startup_stm32l1xx_md.o(RESET)
</UL>
<P><STRONG><a name="[32]"></a>I2C1_ER_IRQHandler</STRONG> (Thumb, 0 bytes, Stack size 0 bytes, startup_stm32l1xx_md.o(.text))
<BR>[Address Reference Count : 1]<UL><LI> startup_stm32l1xx_md.o(RESET)
</UL>
<P><STRONG><a name="[31]"></a>I2C1_EV_IRQHandler</STRONG> (Thumb, 0 bytes, Stack size 0 bytes, startup_stm32l1xx_md.o(.text))
<BR>[Address Reference Count : 1]<UL><LI> startup_stm32l1xx_md.o(RESET)
</UL>
<P><STRONG><a name="[34]"></a>I2C2_ER_IRQHandler</STRONG> (Thumb, 0 bytes, Stack size 0 bytes, startup_stm32l1xx_md.o(.text))
<BR>[Address Reference Count : 1]<UL><LI> startup_stm32l1xx_md.o(RESET)
</UL>
<P><STRONG><a name="[33]"></a>I2C2_EV_IRQHandler</STRONG> (Thumb, 0 bytes, Stack size 0 bytes, startup_stm32l1xx_md.o(.text))
<BR>[Address Reference Count : 1]<UL><LI> startup_stm32l1xx_md.o(RESET)
</UL>
<P><STRONG><a name="[2a]"></a>LCD_IRQHandler</STRONG> (Thumb, 0 bytes, Stack size 0 bytes, startup_stm32l1xx_md.o(.text))
<BR>[Address Reference Count : 1]<UL><LI> startup_stm32l1xx_md.o(RESET)
</UL>
<P><STRONG><a name="[13]"></a>PVD_IRQHandler</STRONG> (Thumb, 0 bytes, Stack size 0 bytes, startup_stm32l1xx_md.o(.text))
<BR>[Address Reference Count : 1]<UL><LI> startup_stm32l1xx_md.o(RESET)
</UL>
<P><STRONG><a name="[17]"></a>RCC_IRQHandler</STRONG> (Thumb, 0 bytes, Stack size 0 bytes, startup_stm32l1xx_md.o(.text))
<BR>[Address Reference Count : 1]<UL><LI> startup_stm32l1xx_md.o(RESET)
</UL>
<P><STRONG><a name="[3b]"></a>RTC_Alarm_IRQHandler</STRONG> (Thumb, 0 bytes, Stack size 0 bytes, startup_stm32l1xx_md.o(.text))
<BR>[Address Reference Count : 1]<UL><LI> startup_stm32l1xx_md.o(RESET)
</UL>
<P><STRONG><a name="[15]"></a>RTC_WKUP_IRQHandler</STRONG> (Thumb, 0 bytes, Stack size 0 bytes, startup_stm32l1xx_md.o(.text))
<BR>[Address Reference Count : 1]<UL><LI> startup_stm32l1xx_md.o(RESET)
</UL>
<P><STRONG><a name="[36]"></a>SPI2_IRQHandler</STRONG> (Thumb, 0 bytes, Stack size 0 bytes, startup_stm32l1xx_md.o(.text))
<BR>[Address Reference Count : 1]<UL><LI> startup_stm32l1xx_md.o(RESET)
</UL>
<P><STRONG><a name="[14]"></a>TAMPER_STAMP_IRQHandler</STRONG> (Thumb, 0 bytes, Stack size 0 bytes, startup_stm32l1xx_md.o(.text))
<BR>[Address Reference Count : 1]<UL><LI> startup_stm32l1xx_md.o(RESET)
</UL>
<P><STRONG><a name="[2c]"></a>TIM10_IRQHandler</STRONG> (Thumb, 0 bytes, Stack size 0 bytes, startup_stm32l1xx_md.o(.text))
<BR>[Address Reference Count : 1]<UL><LI> startup_stm32l1xx_md.o(RESET)
</UL>
<P><STRONG><a name="[2d]"></a>TIM11_IRQHandler</STRONG> (Thumb, 0 bytes, Stack size 0 bytes, startup_stm32l1xx_md.o(.text))
<BR>[Address Reference Count : 1]<UL><LI> startup_stm32l1xx_md.o(RESET)
</UL>
<P><STRONG><a name="[2e]"></a>TIM2_IRQHandler</STRONG> (Thumb, 0 bytes, Stack size 0 bytes, startup_stm32l1xx_md.o(.text))
<BR>[Address Reference Count : 1]<UL><LI> startup_stm32l1xx_md.o(RESET)
</UL>
<P><STRONG><a name="[2f]"></a>TIM3_IRQHandler</STRONG> (Thumb, 0 bytes, Stack size 0 bytes, startup_stm32l1xx_md.o(.text))
<BR>[Address Reference Count : 1]<UL><LI> startup_stm32l1xx_md.o(RESET)
</UL>
<P><STRONG><a name="[30]"></a>TIM4_IRQHandler</STRONG> (Thumb, 0 bytes, Stack size 0 bytes, startup_stm32l1xx_md.o(.text))
<BR>[Address Reference Count : 1]<UL><LI> startup_stm32l1xx_md.o(RESET)
</UL>
<P><STRONG><a name="[3e]"></a>TIM7_IRQHandler</STRONG> (Thumb, 0 bytes, Stack size 0 bytes, startup_stm32l1xx_md.o(.text))
<BR>[Address Reference Count : 1]<UL><LI> startup_stm32l1xx_md.o(RESET)
</UL>
<P><STRONG><a name="[2b]"></a>TIM9_IRQHandler</STRONG> (Thumb, 0 bytes, Stack size 0 bytes, startup_stm32l1xx_md.o(.text))
<BR>[Address Reference Count : 1]<UL><LI> startup_stm32l1xx_md.o(RESET)
</UL>
<P><STRONG><a name="[38]"></a>USART2_IRQHandler</STRONG> (Thumb, 0 bytes, Stack size 0 bytes, startup_stm32l1xx_md.o(.text))
<BR>[Address Reference Count : 1]<UL><LI> startup_stm32l1xx_md.o(RESET)
</UL>
<P><STRONG><a name="[39]"></a>USART3_IRQHandler</STRONG> (Thumb, 0 bytes, Stack size 0 bytes, startup_stm32l1xx_md.o(.text))
<BR>[Address Reference Count : 1]<UL><LI> startup_stm32l1xx_md.o(RESET)
</UL>
<P><STRONG><a name="[3c]"></a>USB_FS_WKUP_IRQHandler</STRONG> (Thumb, 0 bytes, Stack size 0 bytes, startup_stm32l1xx_md.o(.text))
<BR>[Address Reference Count : 1]<UL><LI> startup_stm32l1xx_md.o(RESET)
</UL>
<P><STRONG><a name="[25]"></a>USB_HP_IRQHandler</STRONG> (Thumb, 0 bytes, Stack size 0 bytes, startup_stm32l1xx_md.o(.text))
<BR>[Address Reference Count : 1]<UL><LI> startup_stm32l1xx_md.o(RESET)
</UL>
<P><STRONG><a name="[26]"></a>USB_LP_IRQHandler</STRONG> (Thumb, 0 bytes, Stack size 0 bytes, startup_stm32l1xx_md.o(.text))
<BR>[Address Reference Count : 1]<UL><LI> startup_stm32l1xx_md.o(RESET)
</UL>
<P><STRONG><a name="[12]"></a>WWDG_IRQHandler</STRONG> (Thumb, 0 bytes, Stack size 0 bytes, startup_stm32l1xx_md.o(.text))
<BR>[Address Reference Count : 1]<UL><LI> startup_stm32l1xx_md.o(RESET)
</UL>
<P><STRONG><a name="[43]"></a>__user_initial_stackheap</STRONG> (Thumb, 0 bytes, Stack size unknown bytes, startup_stm32l1xx_md.o(.text))
<BR><BR>[Called By]<UL><LI><a href="#[49]">&gt;&gt;</a>&nbsp;&nbsp;&nbsp;__user_setup_stackheap
</UL>

<P><STRONG><a name="[88]"></a>__use_two_region_memory</STRONG> (Thumb, 2 bytes, Stack size 0 bytes, heapauxi.o(.text), UNUSED)

<P><STRONG><a name="[1]"></a>__rt_heap_escrow</STRONG> (Thumb, 2 bytes, Stack size 0 bytes, heapauxi.o(.text), UNUSED)

<P><STRONG><a name="[0]"></a>__rt_heap_expand</STRONG> (Thumb, 2 bytes, Stack size 0 bytes, heapauxi.o(.text), UNUSED)

<P><STRONG><a name="[89]"></a>__user_libspace</STRONG> (Thumb, 8 bytes, Stack size 0 bytes, libspace.o(.text), UNUSED)

<P><STRONG><a name="[53]"></a>__user_perproc_libspace</STRONG> (Thumb, 0 bytes, Stack size 0 bytes, libspace.o(.text))
<BR><BR>[Called By]<UL><LI><a href="#[49]">&gt;&gt;</a>&nbsp;&nbsp;&nbsp;__user_setup_stackheap
</UL>

<P><STRONG><a name="[8a]"></a>__user_perthread_libspace</STRONG> (Thumb, 0 bytes, Stack size 0 bytes, libspace.o(.text), UNUSED)

<P><STRONG><a name="[8b]"></a>__I$use$semihosting</STRONG> (Thumb, 0 bytes, Stack size 0 bytes, use_no_semi.o(.text), UNUSED)

<P><STRONG><a name="[8c]"></a>__use_no_semihosting_swi</STRONG> (Thumb, 2 bytes, Stack size 0 bytes, use_no_semi.o(.text), UNUSED)

<P><STRONG><a name="[8d]"></a>__semihosting_library_function</STRONG> (Thumb, 0 bytes, Stack size 8 bytes, indicate_semi.o(.text), UNUSED)

<P><STRONG><a name="[49]"></a>__user_setup_stackheap</STRONG> (Thumb, 74 bytes, Stack size 8 bytes, sys_stackheap_outer.o(.text))
<BR><BR>[Stack]<UL><LI>Max Depth = 8 + Unknown Stack Size
<LI>Call Chain = __user_setup_stackheap
</UL>
<BR>[Calls]<UL><LI><a href="#[43]">&gt;&gt;</a>&nbsp;&nbsp;&nbsp;__user_initial_stackheap
<LI><a href="#[53]">&gt;&gt;</a>&nbsp;&nbsp;&nbsp;__user_perproc_libspace
</UL>
<BR>[Called By]<UL><LI><a href="#[48]">&gt;&gt;</a>&nbsp;&nbsp;&nbsp;__rt_entry_sh
</UL>

<P><STRONG><a name="[4e]"></a>exit</STRONG> (Thumb, 12 bytes, Stack size 0 bytes, exit.o(.text))
<BR><BR>[Calls]<UL><LI><a href="#[54]">&gt;&gt;</a>&nbsp;&nbsp;&nbsp;__rt_exit
</UL>
<BR>[Called By]<UL><LI><a href="#[4c]">&gt;&gt;</a>&nbsp;&nbsp;&nbsp;__rt_entry_main
</UL>

<P><STRONG><a name="[52]"></a>_sys_exit</STRONG> (Thumb, 8 bytes, Stack size 0 bytes, sys_exit.o(.text))
<BR><BR>[Called By]<UL><LI><a href="#[51]">&gt;&gt;</a>&nbsp;&nbsp;&nbsp;__rt_exit_exit
</UL>

<P><STRONG><a name="[55]"></a>ClrKeyb</STRONG> (Thumb, 50 bytes, Stack size 4 bytes, key.o(i.ClrKeyb))
<BR><BR>[Stack]<UL><LI>Max Depth = 4<LI>Call Chain = ClrKeyb
</UL>
<BR>[Calls]<UL><LI><a href="#[56]">&gt;&gt;</a>&nbsp;&nbsp;&nbsp;GetKeybSample
</UL>
<BR>[Called By]<UL><LI><a href="#[57]">&gt;&gt;</a>&nbsp;&nbsp;&nbsp;KeybProc
</UL>

<P><STRONG><a name="[3a]"></a>EXTI15_10_IRQHandler</STRONG> (Thumb, 24 bytes, Stack size 0 bytes, rfm69w.o(i.EXTI15_10_IRQHandler))
<BR>[Address Reference Count : 1]<UL><LI> startup_stm32l1xx_md.o(RESET)
</UL>
<P><STRONG><a name="[59]"></a>GPIO_config</STRONG> (Thumb, 342 bytes, Stack size 28 bytes, system_stm32l1xx.o(i.GPIO_config))
<BR><BR>[Stack]<UL><LI>Max Depth = 28<LI>Call Chain = GPIO_config
</UL>
<BR>[Called By]<UL><LI><a href="#[5a]">&gt;&gt;</a>&nbsp;&nbsp;&nbsp;RFM69W_REG_init
<LI><a href="#[58]">&gt;&gt;</a>&nbsp;&nbsp;&nbsp;RFM69W_GPIO_init
<LI><a href="#[66]">&gt;&gt;</a>&nbsp;&nbsp;&nbsp;_USART_init
<LI><a href="#[4d]">&gt;&gt;</a>&nbsp;&nbsp;&nbsp;main
</UL>

<P><STRONG><a name="[56]"></a>GetKeybSample</STRONG> (Thumb, 26 bytes, Stack size 0 bytes, key.o(i.GetKeybSample))
<BR><BR>[Called By]<UL><LI><a href="#[57]">&gt;&gt;</a>&nbsp;&nbsp;&nbsp;KeybProc
<LI><a href="#[55]">&gt;&gt;</a>&nbsp;&nbsp;&nbsp;ClrKeyb
</UL>

<P><STRONG><a name="[57]"></a>KeybProc</STRONG> (Thumb, 138 bytes, Stack size 4 bytes, key.o(i.KeybProc))
<BR><BR>[Stack]<UL><LI>Max Depth = 8<LI>Call Chain = KeybProc &rArr; ClrKeyb
</UL>
<BR>[Calls]<UL><LI><a href="#[56]">&gt;&gt;</a>&nbsp;&nbsp;&nbsp;GetKeybSample
<LI><a href="#[55]">&gt;&gt;</a>&nbsp;&nbsp;&nbsp;ClrKeyb
</UL>
<BR>[Called By]<UL><LI><a href="#[3d]">&gt;&gt;</a>&nbsp;&nbsp;&nbsp;TIM6_IRQHandler
</UL>

<P><STRONG><a name="[63]"></a>RFM69W_FIFO_fill</STRONG> (Thumb, 60 bytes, Stack size 12 bytes, rfm69w.o(i.RFM69W_FIFO_fill))
<BR><BR>[Stack]<UL><LI>Max Depth = 12<LI>Call Chain = RFM69W_FIFO_fill
</UL>
<BR>[Called By]<UL><LI><a href="#[62]">&gt;&gt;</a>&nbsp;&nbsp;&nbsp;RFM69W_SPI_write
</UL>

<P><STRONG><a name="[58]"></a>RFM69W_GPIO_init</STRONG> (Thumb, 140 bytes, Stack size 16 bytes, rfm69w.o(i.RFM69W_GPIO_init))
<BR><BR>[Stack]<UL><LI>Max Depth = 44<LI>Call Chain = RFM69W_GPIO_init &rArr; GPIO_config
</UL>
<BR>[Calls]<UL><LI><a href="#[59]">&gt;&gt;</a>&nbsp;&nbsp;&nbsp;GPIO_config
</UL>
<BR>[Called By]<UL><LI><a href="#[65]">&gt;&gt;</a>&nbsp;&nbsp;&nbsp;_RFM69W_init
</UL>

<P><STRONG><a name="[5a]"></a>RFM69W_REG_init</STRONG> (Thumb, 422 bytes, Stack size 32 bytes, rfm69w.o(i.RFM69W_REG_init))
<BR><BR>[Stack]<UL><LI>Max Depth = 104<LI>Call Chain = RFM69W_REG_init &rArr; RFM69W_encrypt &rArr; _RFM69W_setMode &rArr; _RFM69W_send &rArr; RFM69W_SPI_write &rArr; RFM69W_FIFO_fill
</UL>
<BR>[Calls]<UL><LI><a href="#[5f]">&gt;&gt;</a>&nbsp;&nbsp;&nbsp;_RFM69W_setMode
<LI><a href="#[5c]">&gt;&gt;</a>&nbsp;&nbsp;&nbsp;_RFM69W_send_poll
<LI><a href="#[5b]">&gt;&gt;</a>&nbsp;&nbsp;&nbsp;_RFM69W_send
<LI><a href="#[5e]">&gt;&gt;</a>&nbsp;&nbsp;&nbsp;RFM69W_setHighPower
<LI><a href="#[5d]">&gt;&gt;</a>&nbsp;&nbsp;&nbsp;RFM69W_encrypt
<LI><a href="#[60]">&gt;&gt;</a>&nbsp;&nbsp;&nbsp;NVIC_EnableIRQ
<LI><a href="#[59]">&gt;&gt;</a>&nbsp;&nbsp;&nbsp;GPIO_config
</UL>
<BR>[Called By]<UL><LI><a href="#[65]">&gt;&gt;</a>&nbsp;&nbsp;&nbsp;_RFM69W_init
</UL>

<P><STRONG><a name="[61]"></a>RFM69W_SPI_init</STRONG> (Thumb, 36 bytes, Stack size 8 bytes, rfm69w.o(i.RFM69W_SPI_init))
<BR><BR>[Stack]<UL><LI>Max Depth = 8<LI>Call Chain = RFM69W_SPI_init
</UL>
<BR>[Calls]<UL><LI><a href="#[60]">&gt;&gt;</a>&nbsp;&nbsp;&nbsp;NVIC_EnableIRQ
</UL>
<BR>[Called By]<UL><LI><a href="#[65]">&gt;&gt;</a>&nbsp;&nbsp;&nbsp;_RFM69W_init
</UL>

<P><STRONG><a name="[62]"></a>RFM69W_SPI_write</STRONG> (Thumb, 106 bytes, Stack size 16 bytes, rfm69w.o(i.RFM69W_SPI_write))
<BR><BR>[Stack]<UL><LI>Max Depth = 28<LI>Call Chain = RFM69W_SPI_write &rArr; RFM69W_FIFO_fill
</UL>
<BR>[Calls]<UL><LI><a href="#[63]">&gt;&gt;</a>&nbsp;&nbsp;&nbsp;RFM69W_FIFO_fill
</UL>
<BR>[Called By]<UL><LI><a href="#[5b]">&gt;&gt;</a>&nbsp;&nbsp;&nbsp;_RFM69W_send
</UL>

<P><STRONG><a name="[5d]"></a>RFM69W_encrypt</STRONG> (Thumb, 76 bytes, Stack size 16 bytes, rfm69w.o(i.RFM69W_encrypt))
<BR><BR>[Stack]<UL><LI>Max Depth = 72<LI>Call Chain = RFM69W_encrypt &rArr; _RFM69W_setMode &rArr; _RFM69W_send &rArr; RFM69W_SPI_write &rArr; RFM69W_FIFO_fill
</UL>
<BR>[Calls]<UL><LI><a href="#[5f]">&gt;&gt;</a>&nbsp;&nbsp;&nbsp;_RFM69W_setMode
<LI><a href="#[5c]">&gt;&gt;</a>&nbsp;&nbsp;&nbsp;_RFM69W_send_poll
<LI><a href="#[5b]">&gt;&gt;</a>&nbsp;&nbsp;&nbsp;_RFM69W_send
</UL>
<BR>[Called By]<UL><LI><a href="#[5a]">&gt;&gt;</a>&nbsp;&nbsp;&nbsp;RFM69W_REG_init
</UL>

<P><STRONG><a name="[5e]"></a>RFM69W_setHighPower</STRONG> (Thumb, 72 bytes, Stack size 12 bytes, rfm69w.o(i.RFM69W_setHighPower))
<BR><BR>[Stack]<UL><LI>Max Depth = 56<LI>Call Chain = RFM69W_setHighPower &rArr; _RFM69W_send &rArr; RFM69W_SPI_write &rArr; RFM69W_FIFO_fill
</UL>
<BR>[Calls]<UL><LI><a href="#[5c]">&gt;&gt;</a>&nbsp;&nbsp;&nbsp;_RFM69W_send_poll
<LI><a href="#[5b]">&gt;&gt;</a>&nbsp;&nbsp;&nbsp;_RFM69W_send
</UL>
<BR>[Called By]<UL><LI><a href="#[5a]">&gt;&gt;</a>&nbsp;&nbsp;&nbsp;RFM69W_REG_init
</UL>

<P><STRONG><a name="[35]"></a>SPI1_IRQHandler</STRONG> (Thumb, 172 bytes, Stack size 0 bytes, rfm69w.o(i.SPI1_IRQHandler))
<BR>[Address Reference Count : 1]<UL><LI> startup_stm32l1xx_md.o(RESET)
</UL>
<P><STRONG><a name="[11]"></a>SysTick_Handler</STRONG> (Thumb, 2 bytes, Stack size 0 bytes, main.o(i.SysTick_Handler))
<BR>[Address Reference Count : 1]<UL><LI> startup_stm32l1xx_md.o(RESET)
</UL>
<P><STRONG><a name="[3f]"></a>SystemInit</STRONG> (Thumb, 88 bytes, Stack size 8 bytes, system_stm32l1xx.o(i.SystemInit))
<BR><BR>[Stack]<UL><LI>Max Depth = 20<LI>Call Chain = SystemInit &rArr; SetSysClock
</UL>
<BR>[Calls]<UL><LI><a href="#[64]">&gt;&gt;</a>&nbsp;&nbsp;&nbsp;SetSysClock
</UL>
<BR>[Address Reference Count : 1]<UL><LI> startup_stm32l1xx_md.o(.text)
</UL>
<P><STRONG><a name="[3d]"></a>TIM6_IRQHandler</STRONG> (Thumb, 30 bytes, Stack size 4 bytes, key.o(i.TIM6_IRQHandler))
<BR><BR>[Stack]<UL><LI>Max Depth = 12<LI>Call Chain = TIM6_IRQHandler &rArr; KeybProc &rArr; ClrKeyb
</UL>
<BR>[Calls]<UL><LI><a href="#[57]">&gt;&gt;</a>&nbsp;&nbsp;&nbsp;KeybProc
</UL>
<BR>[Address Reference Count : 1]<UL><LI> startup_stm32l1xx_md.o(RESET)
</UL>
<P><STRONG><a name="[37]"></a>USART1_IRQHandler</STRONG> (Thumb, 114 bytes, Stack size 0 bytes, usart.o(i.USART1_IRQHandler))
<BR>[Address Reference Count : 1]<UL><LI> startup_stm32l1xx_md.o(RESET)
</UL>
<P><STRONG><a name="[65]"></a>_RFM69W_init</STRONG> (Thumb, 22 bytes, Stack size 8 bytes, rfm69w.o(i._RFM69W_init))
<BR><BR>[Stack]<UL><LI>Max Depth = 112<LI>Call Chain = _RFM69W_init &rArr; RFM69W_REG_init &rArr; RFM69W_encrypt &rArr; _RFM69W_setMode &rArr; _RFM69W_send &rArr; RFM69W_SPI_write &rArr; RFM69W_FIFO_fill
</UL>
<BR>[Calls]<UL><LI><a href="#[61]">&gt;&gt;</a>&nbsp;&nbsp;&nbsp;RFM69W_SPI_init
<LI><a href="#[5a]">&gt;&gt;</a>&nbsp;&nbsp;&nbsp;RFM69W_REG_init
<LI><a href="#[58]">&gt;&gt;</a>&nbsp;&nbsp;&nbsp;RFM69W_GPIO_init
</UL>
<BR>[Called By]<UL><LI><a href="#[4d]">&gt;&gt;</a>&nbsp;&nbsp;&nbsp;main
</UL>

<P><STRONG><a name="[5b]"></a>_RFM69W_send</STRONG> (Thumb, 132 bytes, Stack size 16 bytes, rfm69w.o(i._RFM69W_send))
<BR><BR>[Stack]<UL><LI>Max Depth = 44<LI>Call Chain = _RFM69W_send &rArr; RFM69W_SPI_write &rArr; RFM69W_FIFO_fill
</UL>
<BR>[Calls]<UL><LI><a href="#[62]">&gt;&gt;</a>&nbsp;&nbsp;&nbsp;RFM69W_SPI_write
</UL>
<BR>[Called By]<UL><LI><a href="#[5f]">&gt;&gt;</a>&nbsp;&nbsp;&nbsp;_RFM69W_setMode
<LI><a href="#[5e]">&gt;&gt;</a>&nbsp;&nbsp;&nbsp;RFM69W_setHighPower
<LI><a href="#[5d]">&gt;&gt;</a>&nbsp;&nbsp;&nbsp;RFM69W_encrypt
<LI><a href="#[5a]">&gt;&gt;</a>&nbsp;&nbsp;&nbsp;RFM69W_REG_init
</UL>

<P><STRONG><a name="[5c]"></a>_RFM69W_send_poll</STRONG> (Thumb, 150 bytes, Stack size 8 bytes, rfm69w.o(i._RFM69W_send_poll))
<BR><BR>[Stack]<UL><LI>Max Depth = 8<LI>Call Chain = _RFM69W_send_poll
</UL>
<BR>[Called By]<UL><LI><a href="#[5f]">&gt;&gt;</a>&nbsp;&nbsp;&nbsp;_RFM69W_setMode
<LI><a href="#[5e]">&gt;&gt;</a>&nbsp;&nbsp;&nbsp;RFM69W_setHighPower
<LI><a href="#[5d]">&gt;&gt;</a>&nbsp;&nbsp;&nbsp;RFM69W_encrypt
<LI><a href="#[5a]">&gt;&gt;</a>&nbsp;&nbsp;&nbsp;RFM69W_REG_init
</UL>

<P><STRONG><a name="[5f]"></a>_RFM69W_setMode</STRONG> (Thumb, 208 bytes, Stack size 12 bytes, rfm69w.o(i._RFM69W_setMode))
<BR><BR>[Stack]<UL><LI>Max Depth = 56<LI>Call Chain = _RFM69W_setMode &rArr; _RFM69W_send &rArr; RFM69W_SPI_write &rArr; RFM69W_FIFO_fill
</UL>
<BR>[Calls]<UL><LI><a href="#[5c]">&gt;&gt;</a>&nbsp;&nbsp;&nbsp;_RFM69W_send_poll
<LI><a href="#[5b]">&gt;&gt;</a>&nbsp;&nbsp;&nbsp;_RFM69W_send
</UL>
<BR>[Called By]<UL><LI><a href="#[5d]">&gt;&gt;</a>&nbsp;&nbsp;&nbsp;RFM69W_encrypt
<LI><a href="#[5a]">&gt;&gt;</a>&nbsp;&nbsp;&nbsp;RFM69W_REG_init
</UL>

<P><STRONG><a name="[66]"></a>_USART_init</STRONG> (Thumb, 168 bytes, Stack size 24 bytes, usart.o(i._USART_init))
<BR><BR>[Stack]<UL><LI>Max Depth = 52<LI>Call Chain = _USART_init &rArr; GPIO_config
</UL>
<BR>[Calls]<UL><LI><a href="#[59]">&gt;&gt;</a>&nbsp;&nbsp;&nbsp;GPIO_config
</UL>
<BR>[Called By]<UL><LI><a href="#[4d]">&gt;&gt;</a>&nbsp;&nbsp;&nbsp;main
</UL>

<P><STRONG><a name="[4d]"></a>main</STRONG> (Thumb, 58 bytes, Stack size 16 bytes, main.o(i.main))
<BR><BR>[Stack]<UL><LI>Max Depth = 128<LI>Call Chain = main &rArr; _RFM69W_init &rArr; RFM69W_REG_init &rArr; RFM69W_encrypt &rArr; _RFM69W_setMode &rArr; _RFM69W_send &rArr; RFM69W_SPI_write &rArr; RFM69W_FIFO_fill
</UL>
<BR>[Calls]<UL><LI><a href="#[66]">&gt;&gt;</a>&nbsp;&nbsp;&nbsp;_USART_init
<LI><a href="#[65]">&gt;&gt;</a>&nbsp;&nbsp;&nbsp;_RFM69W_init
<LI><a href="#[59]">&gt;&gt;</a>&nbsp;&nbsp;&nbsp;GPIO_config
</UL>
<BR>[Called By]<UL><LI><a href="#[4c]">&gt;&gt;</a>&nbsp;&nbsp;&nbsp;__rt_entry_main
</UL>
<P>
<H3>
Local Symbols
</H3>
<P><STRONG><a name="[64]"></a>SetSysClock</STRONG> (Thumb, 258 bytes, Stack size 12 bytes, system_stm32l1xx.o(i.SetSysClock))
<BR><BR>[Stack]<UL><LI>Max Depth = 12<LI>Call Chain = SetSysClock
</UL>
<BR>[Called By]<UL><LI><a href="#[3f]">&gt;&gt;</a>&nbsp;&nbsp;&nbsp;SystemInit
</UL>

<P><STRONG><a name="[60]"></a>NVIC_EnableIRQ</STRONG> (Thumb, 22 bytes, Stack size 0 bytes, rfm69w.o(i.NVIC_EnableIRQ))
<BR><BR>[Called By]<UL><LI><a href="#[61]">&gt;&gt;</a>&nbsp;&nbsp;&nbsp;RFM69W_SPI_init
<LI><a href="#[5a]">&gt;&gt;</a>&nbsp;&nbsp;&nbsp;RFM69W_REG_init
</UL>
<P>
<H3>
Undefined Global Symbols
</H3><HR></body></html>
