Product: MDK-ARM Lite 5.10
Component: ARM Compiler 5.04 update 1 (build 49)
Tool: armlink [5040049]

==============================================================================

Section Cross References

    startup_stm32l1xx_md.o(STACK) refers (Special) to heapauxi.o(.text) for __use_two_region_memory
    startup_stm32l1xx_md.o(HEAP) refers (Special) to heapauxi.o(.text) for __use_two_region_memory
    startup_stm32l1xx_md.o(RESET) refers (Special) to heapauxi.o(.text) for __use_two_region_memory
    startup_stm32l1xx_md.o(RESET) refers to startup_stm32l1xx_md.o(STACK) for __initial_sp
    startup_stm32l1xx_md.o(RESET) refers to startup_stm32l1xx_md.o(.text) for Reset_Handler
    startup_stm32l1xx_md.o(RESET) refers to main.o(i.SysTick_Handler) for SysTick_Handler
    startup_stm32l1xx_md.o(RESET) refers to rfm69w.o(i.SPI1_IRQHandler) for SPI1_IRQHandler
    startup_stm32l1xx_md.o(RESET) refers to usart.o(i.USART1_IRQHandler) for USART1_IRQHandler
    startup_stm32l1xx_md.o(RESET) refers to rfm69w.o(i.EXTI15_10_IRQHandler) for EXTI15_10_IRQHandler
    startup_stm32l1xx_md.o(RESET) refers to key.o(i.TIM6_IRQHandler) for TIM6_IRQHandler
    startup_stm32l1xx_md.o(.text) refers (Special) to heapauxi.o(.text) for __use_two_region_memory
    startup_stm32l1xx_md.o(.text) refers to system_stm32l1xx.o(i.SystemInit) for SystemInit
    startup_stm32l1xx_md.o(.text) refers to __main.o(!!!main) for __main
    startup_stm32l1xx_md.o(.text) refers to startup_stm32l1xx_md.o(HEAP) for Heap_Mem
    startup_stm32l1xx_md.o(.text) refers to startup_stm32l1xx_md.o(STACK) for Stack_Mem
    system_stm32l1xx.o(i.SystemCoreClockUpdate) refers to system_stm32l1xx.o(.data) for SystemCoreClock
    system_stm32l1xx.o(i.SystemInit) refers to system_stm32l1xx.o(i.SetSysClock) for SetSysClock
    eeprom.o(i.EEPROM_option_unlock) refers to eeprom.o(i.EEPROM_unlock) for EEPROM_unlock
    eeprom.o(i._EEPROM_16_fast_write) refers to eeprom.o(i.EEPROM_unlock) for EEPROM_unlock
    eeprom.o(i._EEPROM_16_write) refers to eeprom.o(i.EEPROM_unlock) for EEPROM_unlock
    eeprom.o(i._EEPROM_32_erase) refers to eeprom.o(i.EEPROM_unlock) for EEPROM_unlock
    eeprom.o(i._EEPROM_32_fast_write) refers to eeprom.o(i.EEPROM_unlock) for EEPROM_unlock
    eeprom.o(i._EEPROM_32_write) refers to eeprom.o(i.EEPROM_unlock) for EEPROM_unlock
    eeprom.o(i._EEPROM_64_erase) refers to eeprom.o(i.EEPROM_unlock) for EEPROM_unlock
    eeprom.o(i._EEPROM_64_write) refers to eeprom.o(i.EEPROM_unlock) for EEPROM_unlock
    eeprom.o(i._EEPROM_8_fast_write) refers to eeprom.o(i.EEPROM_unlock) for EEPROM_unlock
    eeprom.o(i._EEPROM_8_write) refers to eeprom.o(i.EEPROM_unlock) for EEPROM_unlock
    main.o(i.main) refers to system_stm32l1xx.o(i.GPIO_config) for GPIO_config
    main.o(i.main) refers to usart.o(i._USART_init) for _USART_init
    main.o(i.main) refers to rfm69w.o(i.RFM69W_init) for RFM69W_init
    rfm69w.o(i.EXTI15_10_IRQHandler) refers to rfm69w.o(i.RFM69W_interruptHandler) for RFM69W_interruptHandler
    rfm69w.o(i.RFM69W_ACKReceived) refers to rfm69w.o(i.RFM69W_receiveDone) for RFM69W_receiveDone
    rfm69w.o(i.RFM69W_ACKReceived) refers to rfm69w.o(.data) for SENDERID
    rfm69w.o(i.RFM69W_ACKRequested) refers to rfm69w.o(.data) for ACK_REQUESTED
    rfm69w.o(i.RFM69W_GPIO_init) refers to system_stm32l1xx.o(i.GPIO_config) for GPIO_config
    rfm69w.o(i.RFM69W_REG_init) refers to rfm69w.o(i.RFM69W_SPI_send_poll) for RFM69W_SPI_send_poll
    rfm69w.o(i.RFM69W_REG_init) refers to rfm69w.o(i.RFM69W_encrypt) for RFM69W_encrypt
    rfm69w.o(i.RFM69W_REG_init) refers to rfm69w.o(i.RFM69W_setHighPower) for RFM69W_setHighPower
    rfm69w.o(i.RFM69W_REG_init) refers to rfm69w.o(i.RFM69W_setMode) for RFM69W_setMode
    rfm69w.o(i.RFM69W_REG_init) refers to system_stm32l1xx.o(i.GPIO_config) for GPIO_config
    rfm69w.o(i.RFM69W_REG_init) refers to rfm69w.o(i.NVIC_EnableIRQ) for NVIC_EnableIRQ
    rfm69w.o(i.RFM69W_REG_init) refers to rfm69w.o(.data) for RFM69W_address
    rfm69w.o(i.RFM69W_SPI_init) refers to rfm69w.o(i.NVIC_EnableIRQ) for NVIC_EnableIRQ
    rfm69w.o(i.RFM69W_SPI_send) refers to rfm69w.o(i.RFM69W_SPI_write) for RFM69W_SPI_write
    rfm69w.o(i.RFM69W_SPI_send) refers to rfm69w.o(.bss) for RFM69W_FIFO
    rfm69w.o(i.RFM69W_SPI_write) refers to rfm69w.o(.bss) for RFM69W_FIFO
    rfm69w.o(i.RFM69W_canSend) refers to rfm69w.o(i.RFM69W_readRSSI) for RFM69W_readRSSI
    rfm69w.o(i.RFM69W_canSend) refers to rfm69w.o(i.RFM69W_setMode) for RFM69W_setMode
    rfm69w.o(i.RFM69W_canSend) refers to rfm69w.o(.data) for RFM69W_mode
    rfm69w.o(i.RFM69W_encrypt) refers to rfm69w.o(i.RFM69W_setMode) for RFM69W_setMode
    rfm69w.o(i.RFM69W_encrypt) refers to rfm69w.o(i.RFM69W_SPI_send_poll) for RFM69W_SPI_send_poll
    rfm69w.o(i.RFM69W_getFrequency) refers to rfm69w.o(i.RFM69W_SPI_send_poll) for RFM69W_SPI_send_poll
    rfm69w.o(i.RFM69W_getFrequency) refers to dflt_clz.o(x$fpl$dfltu) for __aeabi_ui2d
    rfm69w.o(i.RFM69W_getFrequency) refers to dmul.o(x$fpl$dmul) for __aeabi_dmul
    rfm69w.o(i.RFM69W_getFrequency) refers to dfixu.o(x$fpl$dfixu) for __aeabi_d2uiz
    rfm69w.o(i.RFM69W_init) refers to rfm69w.o(i.RFM69W_GPIO_init) for RFM69W_GPIO_init
    rfm69w.o(i.RFM69W_init) refers to rfm69w.o(i.RFM69W_SPI_init) for RFM69W_SPI_init
    rfm69w.o(i.RFM69W_init) refers to rfm69w.o(i.RFM69W_REG_init) for RFM69W_REG_init
    rfm69w.o(i.RFM69W_interruptHandler) refers to rfm69w.o(i.RFM69W_SPI_send_poll) for RFM69W_SPI_send_poll
    rfm69w.o(i.RFM69W_interruptHandler) refers to rfm69w.o(i.RFM69W_setMode) for RFM69W_setMode
    rfm69w.o(i.RFM69W_interruptHandler) refers to rfm69w.o(i.RFM69W_SPI_send_8poll) for RFM69W_SPI_send_8poll
    rfm69w.o(i.RFM69W_interruptHandler) refers to rfm69w.o(i.RFM69W_receiveBegin) for RFM69W_receiveBegin
    rfm69w.o(i.RFM69W_interruptHandler) refers to rfm69w.o(i.RFM69W_readRSSI) for RFM69W_readRSSI
    rfm69w.o(i.RFM69W_interruptHandler) refers to rfm69w.o(.data) for RFM69W_mode
    rfm69w.o(i.RFM69W_interruptHandler) refers to rfm69w.o(.bss) for DATA
    rfm69w.o(i.RFM69W_promiscuous) refers to rfm69w.o(.data) for RFM69W_promiscuousMode
    rfm69w.o(i.RFM69W_rcCalibration) refers to rfm69w.o(i.RFM69W_SPI_send_poll) for RFM69W_SPI_send_poll
    rfm69w.o(i.RFM69W_readAllRegs) refers to rfm69w.o(i.RFM69W_SPI_send_poll) for RFM69W_SPI_send_poll
    rfm69w.o(i.RFM69W_readAllRegs) refers to usart.o(i._USART_write_buf) for _USART_write_buf
    rfm69w.o(i.RFM69W_readAllRegs) refers to usart.o(i._USART_send) for _USART_send
    rfm69w.o(i.RFM69W_readRSSI) refers to rfm69w.o(i.RFM69W_SPI_send_poll) for RFM69W_SPI_send_poll
    rfm69w.o(i.RFM69W_receiveBegin) refers to rfm69w.o(i.RFM69W_SPI_send_poll) for RFM69W_SPI_send_poll
    rfm69w.o(i.RFM69W_receiveBegin) refers to rfm69w.o(i.RFM69W_setMode) for RFM69W_setMode
    rfm69w.o(i.RFM69W_receiveBegin) refers to rfm69w.o(.data) for DATALEN
    rfm69w.o(i.RFM69W_receiveDone) refers to rfm69w.o(i.RFM69W_setMode) for RFM69W_setMode
    rfm69w.o(i.RFM69W_receiveDone) refers to rfm69w.o(i.RFM69W_receiveBegin) for RFM69W_receiveBegin
    rfm69w.o(i.RFM69W_receiveDone) refers to rfm69w.o(.data) for RFM69W_mode
    rfm69w.o(i.RFM69W_send) refers to rfm69w.o(i.RFM69W_SPI_send_poll) for RFM69W_SPI_send_poll
    rfm69w.o(i.RFM69W_send) refers to rfm69w.o(i.milis) for milis
    rfm69w.o(i.RFM69W_send) refers to rfm69w.o(i.RFM69W_receiveDone) for RFM69W_receiveDone
    rfm69w.o(i.RFM69W_send) refers to rfm69w.o(i.RFM69W_canSend) for RFM69W_canSend
    rfm69w.o(i.RFM69W_send) refers to rfm69w.o(i.RFM69W_sendFrame) for RFM69W_sendFrame
    rfm69w.o(i.RFM69W_sendACK) refers to rfm69w.o(i.RFM69W_SPI_send_poll) for RFM69W_SPI_send_poll
    rfm69w.o(i.RFM69W_sendACK) refers to rfm69w.o(i.milis) for milis
    rfm69w.o(i.RFM69W_sendACK) refers to rfm69w.o(i.RFM69W_receiveDone) for RFM69W_receiveDone
    rfm69w.o(i.RFM69W_sendACK) refers to rfm69w.o(i.RFM69W_canSend) for RFM69W_canSend
    rfm69w.o(i.RFM69W_sendACK) refers to rfm69w.o(i.RFM69W_sendFrame) for RFM69W_sendFrame
    rfm69w.o(i.RFM69W_sendACK) refers to rfm69w.o(.data) for SENDERID
    rfm69w.o(i.RFM69W_sendFrame) refers to rfm69w.o(i.RFM69W_setMode) for RFM69W_setMode
    rfm69w.o(i.RFM69W_sendFrame) refers to rfm69w.o(i.RFM69W_SPI_send_poll) for RFM69W_SPI_send_poll
    rfm69w.o(i.RFM69W_sendFrame) refers to rfm69w.o(i.milis) for milis
    rfm69w.o(i.RFM69W_sendFrame) refers to rfm69w.o(.data) for RFM69W_address
    rfm69w.o(i.RFM69W_sendWithRetry) refers to rfm69w.o(i.RFM69W_send) for RFM69W_send
    rfm69w.o(i.RFM69W_sendWithRetry) refers to rfm69w.o(i.milis) for milis
    rfm69w.o(i.RFM69W_sendWithRetry) refers to rfm69w.o(i.RFM69W_ACKReceived) for RFM69W_ACKReceived
    rfm69w.o(i.RFM69W_setAddress) refers to rfm69w.o(.data) for RFM69W_address
    rfm69w.o(i.RFM69W_setFrequency) refers to rfm69w.o(i.RFM69W_setMode) for RFM69W_setMode
    rfm69w.o(i.RFM69W_setFrequency) refers to dflt_clz.o(x$fpl$dfltu) for __aeabi_ui2d
    rfm69w.o(i.RFM69W_setFrequency) refers to ddiv.o(x$fpl$ddiv) for __aeabi_ddiv
    rfm69w.o(i.RFM69W_setFrequency) refers to dfixu.o(x$fpl$dfixu) for __aeabi_d2uiz
    rfm69w.o(i.RFM69W_setFrequency) refers to rfm69w.o(.data) for RFM69W_mode
    rfm69w.o(i.RFM69W_setHighPower) refers to rfm69w.o(i.RFM69W_SPI_send_poll) for RFM69W_SPI_send_poll
    rfm69w.o(i.RFM69W_setHighPower) refers to rfm69w.o(.data) for RFM69W_powerLevel
    rfm69w.o(i.RFM69W_setMode) refers to rfm69w.o(i.RFM69W_SPI_send_poll) for RFM69W_SPI_send_poll
    rfm69w.o(i.RFM69W_setMode) refers to rfm69w.o(.data) for RFM69W_mode
    rfm69w.o(i.RFM69W_setPowerLevel) refers to rfm69w.o(i.RFM69W_SPI_send_poll) for RFM69W_SPI_send_poll
    rfm69w.o(i.RFM69W_setPowerLevel) refers to rfm69w.o(.data) for RFM69W_powerLevel
    rfm69w.o(i.RFM69W_sleep) refers to rfm69w.o(i.RFM69W_setMode) for RFM69W_setMode
    rfm69w.o(i.SPI1_IRQHandler) refers to rfm69w.o(.bss) for RFM69W_FIFO
    usart.o(i.USART1_IRQHandler) refers to usart.o(.bss) for USART_FIFO
    usart.o(i.USART_write) refers to usart.o(.bss) for USART_FIFO
    usart.o(i._USART_init) refers to system_stm32l1xx.o(i.GPIO_config) for GPIO_config
    usart.o(i._USART_init) refers to system_stm32l1xx.o(.data) for SystemCoreClock
    usart.o(i._USART_init) refers to usart.o(.bss) for USART_FIFO
    usart.o(i._USART_send) refers to usart.o(i.USART_write) for USART_write
    usart.o(i._USART_write_buf) refers to dflt_clz.o(x$fpl$dfltu) for __aeabi_ui2d
    usart.o(i._USART_write_buf) refers to float.o(i._dbl2stri) for _dbl2stri
    usart.o(i._USART_write_buf) refers to usart.o(i._USART_send) for _USART_send
    usart.o(i._USART_write_buf) refers to float.o(i._decimal_binary) for _decimal_binary
    usart.o(i._USART_write_buf) refers to dflt_clz.o(x$fpl$dflt) for __aeabi_i2d
    key.o(i.ClrKeyb) refers to key.o(i.GetKeybSample) for GetKeybSample
    key.o(i.ClrKeyb) refers to key.o(.data) for prevKeybSt
    key.o(i.GetKeys) refers to key.o(.data) for keycnt
    key.o(i.IsKey) refers to key.o(.data) for keycnt
    key.o(i.IsKeyPressed) refers to key.o(.data) for keys
    key.o(i.KeybLock) refers to key.o(.data) for keyblock
    key.o(i.KeybProc) refers to key.o(i.GetKeybSample) for GetKeybSample
    key.o(i.KeybProc) refers to key.o(i.ClrKeyb) for ClrKeyb
    key.o(i.KeybProc) refers to key.o(.data) for prevKeybSt
    key.o(i.KeybSetAutoRepeatTimes) refers to key.o(.constdata) for DefaultAutoRepeatTab
    key.o(i.KeybSetAutoRepeatTimes) refers to key.o(.data) for art
    key.o(i.KeysTime) refers to key.o(.data) for keytime
    key.o(i.TIM6_IRQHandler) refers to key.o(i.KeybProc) for KeybProc
    key.o(i._KEY_init) refers to system_stm32l1xx.o(i.GPIO_config) for GPIO_config
    key.o(.data) refers to key.o(.constdata) for DefaultAutoRepeatTab
    menu.o(i._MENU_init) refers to h1_alloc.o(.text) for malloc
    menu.o(i._MENU_init) refers to menu.o(.data) for _1_menu
    menu.o(i._MENU_init) refers to menu.o(i._menu_1_fun) for _menu_1_fun
    menu.o(i._MENU_init) refers to menu.o(i._menu_2_fun) for _menu_2_fun
    menu.o(i._MENU_init) refers to menu.o(i._menu_3_fun) for _menu_3_fun
    menu.o(i._MENU_init) refers to menu.o(i._menu_4_fun) for _menu_4_fun
    menu.o(i._menu_1_fun) refers to key.o(i.ClrKeyb) for ClrKeyb
    menu.o(i._menu_1_fun) refers to menu.o(.data) for _actual
    menu.o(i._menu_2_fun) refers to key.o(i.ClrKeyb) for ClrKeyb
    menu.o(i._menu_2_fun) refers to menu.o(.data) for _actual
    menu.o(i._menu_3_fun) refers to key.o(i.ClrKeyb) for ClrKeyb
    menu.o(i._menu_3_fun) refers to menu.o(.data) for _actual
    menu.o(i._menu_4_fun) refers to key.o(i.ClrKeyb) for ClrKeyb
    menu.o(i._menu_4_fun) refers to menu.o(.data) for _actual
    float.o(i._dbl2stri) refers to dleqf.o(x$fpl$dleqf) for __aeabi_cdcmple
    float.o(i._dbl2stri) refers to dmul.o(x$fpl$dmul) for __aeabi_dmul
    float.o(i._dbl2stri) refers to daddsub_clz.o(x$fpl$dadd) for __aeabi_dadd
    float.o(i._dbl2stri) refers to dfixu.o(x$fpl$dfixu) for __aeabi_d2uiz
    float.o(i._dbl2stri) refers to dflt_clz.o(x$fpl$dfltu) for __aeabi_ui2d
    float.o(i._dbl2stri) refers to daddsub_clz.o(x$fpl$drsb) for __aeabi_drsub
    float.o(i._dbl2stri) refers to float.o(.bss) for local_bfr
    float.o(i._dbl2stri) refers to float.o(.data) for use_leading_plus
    float.o(i._dbl2stri) refers to float.o(.constdata) for round_nums
    malloc.o(.text) refers (Special) to hguard.o(.text) for __heap$guard
    malloc.o(.text) refers (Special) to init_alloc.o(.text) for _init_alloc
    malloc.o(.text) refers to rt_heap_descriptor_intlibspace.o(.text) for __rt_heap_descriptor
    malloc.o(.text) refers to heapstubs.o(.text) for __Heap_Alloc
    h1_alloc.o(.text) refers (Special) to h1_init.o(.text) for __Heap_Initialize
    h1_alloc.o(.text) refers to rt_heap_descriptor_intlibspace.o(.text) for __rt_heap_descriptor
    h1_alloc.o(.text) refers to init_alloc.o(.text) for __Heap_Full
    h1_alloc_mt.o(.text) refers (Special) to h1_init.o(.text) for __Heap_Initialize
    h1_alloc_mt.o(.text) refers to init_alloc.o(.text) for __Heap_Full
    h1_alloc_mt.o(.text) refers to rt_heap_descriptor_intlibspace.o(.text) for __rt_heap_descriptor
    heap2.o(i._FDIterate) refers to heap2.o(.conststring) for .conststring
    heap2.o(i.___Heap_ProvideMemory$realtime) refers to fdtree.o(i._FDTree_Delete) for _FDTree_Delete
    heap2.o(i.___Heap_ProvideMemory$realtime) refers to fdtree.o(i._FDTree_Insert) for _FDTree_Insert
    heap2.o(i.___Heap_Stats$realtime) refers to heap2.o(i._Heap2_StatsIterate) for _Heap2_StatsIterate
    heap2.o(i.___Heap_Valid$realtime) refers to heap2.o(i._FDIterate) for _FDIterate
    heap2.o(i.___Heap_Valid$realtime) refers to heap2.o(.conststring) for .conststring
    heap2.o(i._free$realtime) refers to rt_heap_descriptor_intlibspace.o(.text) for __rt_heap_descriptor
    heap2.o(i._free$realtime) refers to fdtree.o(i._FDTree_Delete) for _FDTree_Delete
    heap2.o(i._free$realtime) refers to fdtree.o(i._FDTree_Insert) for _FDTree_Insert
    heap2.o(i._malloc$realtime) refers to rt_heap_descriptor_intlibspace.o(.text) for __rt_heap_descriptor
    heap2.o(i._malloc$realtime) refers to fdtree.o(i._FDTree_FindFirst) for _FDTree_FindFirst
    heap2.o(i._malloc$realtime) refers to init_alloc.o(.text) for __Heap_Full
    heap2.o(i._malloc$realtime) refers to fdtree.o(i._FDTree_RemoveNode) for _FDTree_RemoveNode
    heap2.o(i._malloc$realtime) refers to fdtree.o(i._FDTree_Insert) for _FDTree_Insert
    heap2.o(i._posix_memalign$realtime) refers to rt_heap_descriptor_intlibspace.o(.text) for __rt_heap_descriptor
    heap2.o(i._posix_memalign$realtime) refers to fdtree.o(i._FDTree_FindFirst) for _FDTree_FindFirst
    heap2.o(i._posix_memalign$realtime) refers to init_alloc.o(.text) for __Heap_Full
    heap2.o(i._posix_memalign$realtime) refers to fdtree.o(i._FDTree_RemoveNode) for _FDTree_RemoveNode
    heap2.o(i._posix_memalign$realtime) refers to fdtree.o(i._FDTree_Insert) for _FDTree_Insert
    heap2.o(i._realloc$realtime) refers to rt_heap_descriptor_intlibspace.o(.text) for __rt_heap_descriptor
    heap2.o(i._realloc$realtime) refers to fdtree.o(i._FDTree_Insert) for _FDTree_Insert
    heap2.o(i._realloc$realtime) refers to h1_free.o(.text) for free
    heap2.o(i._realloc$realtime) refers to h1_alloc.o(.text) for malloc
    heap2.o(i._realloc$realtime) refers to fdtree.o(i._FDTree_Delete) for _FDTree_Delete
    heap2.o(i._realloc$realtime) refers to rt_memcpy_w.o(.text) for __aeabi_memcpy4
    heap2mt.o(i._FDIterate) refers to heap2mt.o(.conststring) for .conststring
    heap2mt.o(i.___Heap_Initialize$realtime$concurrent) refers to mutex_dummy.o(.text) for _mutex_initialize
    heap2mt.o(i.___Heap_ProvideMemory$realtime$concurrent) refers to fdtree.o(i._FDTree_Delete) for _FDTree_Delete
    heap2mt.o(i.___Heap_ProvideMemory$realtime$concurrent) refers to fdtree.o(i._FDTree_Insert) for _FDTree_Insert
    heap2mt.o(i.___Heap_Stats$realtime$concurrent) refers to heap2mt.o(i._Heap2_StatsIterate) for _Heap2_StatsIterate
    heap2mt.o(i.___Heap_Valid$realtime$concurrent) refers to heap2mt.o(i._FDIterate) for _FDIterate
    heap2mt.o(i.___Heap_Valid$realtime$concurrent) refers to heap2mt.o(.conststring) for .conststring
    heap2mt.o(i._free$realtime$concurrent) refers to rt_heap_descriptor_intlibspace.o(.text) for __rt_heap_descriptor
    heap2mt.o(i._free$realtime$concurrent) refers to fdtree.o(i._FDTree_Delete) for _FDTree_Delete
    heap2mt.o(i._free$realtime$concurrent) refers to fdtree.o(i._FDTree_Insert) for _FDTree_Insert
    heap2mt.o(i._malloc$realtime$concurrent) refers to rt_heap_descriptor_intlibspace.o(.text) for __rt_heap_descriptor
    heap2mt.o(i._malloc$realtime$concurrent) refers to fdtree.o(i._FDTree_FindFirst) for _FDTree_FindFirst
    heap2mt.o(i._malloc$realtime$concurrent) refers to init_alloc.o(.text) for __Heap_Full
    heap2mt.o(i._malloc$realtime$concurrent) refers to fdtree.o(i._FDTree_RemoveNode) for _FDTree_RemoveNode
    heap2mt.o(i._malloc$realtime$concurrent) refers to fdtree.o(i._FDTree_Insert) for _FDTree_Insert
    heap2mt.o(i._posix_memalign$realtime$concurrent) refers to rt_heap_descriptor_intlibspace.o(.text) for __rt_heap_descriptor
    heap2mt.o(i._posix_memalign$realtime$concurrent) refers to fdtree.o(i._FDTree_FindFirst) for _FDTree_FindFirst
    heap2mt.o(i._posix_memalign$realtime$concurrent) refers to init_alloc.o(.text) for __Heap_Full
    heap2mt.o(i._posix_memalign$realtime$concurrent) refers to fdtree.o(i._FDTree_RemoveNode) for _FDTree_RemoveNode
    heap2mt.o(i._posix_memalign$realtime$concurrent) refers to fdtree.o(i._FDTree_Insert) for _FDTree_Insert
    heap2mt.o(i._realloc$realtime$concurrent) refers to rt_heap_descriptor_intlibspace.o(.text) for __rt_heap_descriptor
    heap2mt.o(i._realloc$realtime$concurrent) refers to fdtree.o(i._FDTree_Insert) for _FDTree_Insert
    heap2mt.o(i._realloc$realtime$concurrent) refers to h1_free.o(.text) for free
    heap2mt.o(i._realloc$realtime$concurrent) refers to h1_alloc.o(.text) for malloc
    heap2mt.o(i._realloc$realtime$concurrent) refers to fdtree.o(i._FDTree_Delete) for _FDTree_Delete
    heap2mt.o(i._realloc$realtime$concurrent) refers to rt_memcpy_w.o(.text) for __aeabi_memcpy4
    __main.o(!!!main) refers to rtentry.o(.ARM.Collect$$rtentry$$00000000) for __rt_entry
    daddsub_clz.o(x$fpl$dadd) refers (Special) to usenofp.o(x$fpl$usenofp) for __I$use$fp
    daddsub_clz.o(x$fpl$dadd) refers to daddsub_clz.o(x$fpl$dsub) for _dsub1
    daddsub_clz.o(x$fpl$dadd) refers to dretinf.o(x$fpl$dretinf) for __fpl_dretinf
    daddsub_clz.o(x$fpl$dadd) refers to dnaninf.o(x$fpl$dnaninf) for __fpl_dnaninf
    daddsub_clz.o(x$fpl$drsb) refers (Special) to usenofp.o(x$fpl$usenofp) for __I$use$fp
    daddsub_clz.o(x$fpl$drsb) refers to daddsub_clz.o(x$fpl$dadd) for _dadd1
    daddsub_clz.o(x$fpl$drsb) refers to daddsub_clz.o(x$fpl$dsub) for _dsub1
    daddsub_clz.o(x$fpl$dsub) refers (Special) to usenofp.o(x$fpl$usenofp) for __I$use$fp
    daddsub_clz.o(x$fpl$dsub) refers to daddsub_clz.o(x$fpl$dadd) for _dadd1
    daddsub_clz.o(x$fpl$dsub) refers to dnaninf.o(x$fpl$dnaninf) for __fpl_dnaninf
    ddiv.o(x$fpl$drdiv) refers (Special) to usenofp.o(x$fpl$usenofp) for __I$use$fp
    ddiv.o(x$fpl$drdiv) refers to ddiv.o(x$fpl$ddiv) for ddiv_entry
    ddiv.o(x$fpl$ddiv) refers (Special) to usenofp.o(x$fpl$usenofp) for __I$use$fp
    ddiv.o(x$fpl$ddiv) refers to dretinf.o(x$fpl$dretinf) for __fpl_dretinf
    ddiv.o(x$fpl$ddiv) refers to dnaninf.o(x$fpl$dnaninf) for __fpl_dnaninf
    dfixu.o(x$fpl$dfixu) refers (Special) to usenofp.o(x$fpl$usenofp) for __I$use$fp
    dfixu.o(x$fpl$dfixu) refers to dnaninf.o(x$fpl$dnaninf) for __fpl_dnaninf
    dfixu.o(x$fpl$dfixur) refers (Special) to usenofp.o(x$fpl$usenofp) for __I$use$fp
    dfixu.o(x$fpl$dfixur) refers to dnaninf.o(x$fpl$dnaninf) for __fpl_dnaninf
    dflt_clz.o(x$fpl$dfltu) refers (Special) to usenofp.o(x$fpl$usenofp) for __I$use$fp
    dflt_clz.o(x$fpl$dflt) refers (Special) to usenofp.o(x$fpl$usenofp) for __I$use$fp
    dflt_clz.o(x$fpl$dfltn) refers (Special) to usenofp.o(x$fpl$usenofp) for __I$use$fp
    dleqf.o(x$fpl$dleqf) refers (Special) to usenofp.o(x$fpl$usenofp) for __I$use$fp
    dleqf.o(x$fpl$dleqf) refers to dnaninf.o(x$fpl$dnaninf) for __fpl_dnaninf
    dleqf.o(x$fpl$dleqf) refers to dcmpi.o(x$fpl$dcmpinf) for __fpl_dcmp_Inf
    dmul.o(x$fpl$dmul) refers (Special) to usenofp.o(x$fpl$usenofp) for __I$use$fp
    dmul.o(x$fpl$dmul) refers to dretinf.o(x$fpl$dretinf) for __fpl_dretinf
    dmul.o(x$fpl$dmul) refers to dnaninf.o(x$fpl$dnaninf) for __fpl_dnaninf
    rtentry.o(.ARM.Collect$$rtentry$$00000000) refers (Special) to rtentry2.o(.ARM.Collect$$rtentry$$0000000A) for __rt_entry_li
    rtentry.o(.ARM.Collect$$rtentry$$00000000) refers (Special) to rtentry2.o(.ARM.Collect$$rtentry$$0000000D) for __rt_entry_main
    rtentry.o(.ARM.Collect$$rtentry$$00000000) refers (Special) to rtentry2.o(.ARM.Collect$$rtentry$$0000000C) for __rt_entry_postli_1
    rtentry.o(.ARM.Collect$$rtentry$$00000000) refers (Special) to rtentry2.o(.ARM.Collect$$rtentry$$00000009) for __rt_entry_postsh_1
    rtentry.o(.ARM.Collect$$rtentry$$00000000) refers (Special) to rtentry2.o(.ARM.Collect$$rtentry$$00000002) for __rt_entry_presh_1
    rtentry.o(.ARM.Collect$$rtentry$$00000000) refers (Special) to rtentry4.o(.ARM.Collect$$rtentry$$00000004) for __rt_entry_sh
    rt_heap_descriptor.o(.text) refers to rt_heap_descriptor.o(.bss) for __rt_heap_descriptor_data
    rt_heap_descriptor_intlibspace.o(.text) refers to libspace.o(.bss) for __libspace_start
    init_alloc.o(.text) refers (Special) to hguard.o(.text) for __heap$guard
    init_alloc.o(.text) refers (Special) to libinit2.o(.ARM.Collect$$libinit$$00000003) for __rt_lib_init_heap_2
    init_alloc.o(.text) refers (Special) to maybetermalloc1.o(.emb_text) for _maybe_terminate_alloc
    init_alloc.o(.text) refers to h1_extend.o(.text) for __Heap_ProvideMemory
    init_alloc.o(.text) refers to defsig_rtmem_outer.o(.text) for __rt_SIGRTMEM
    init_alloc.o(.text) refers to rt_heap_descriptor_intlibspace.o(.text) for __rt_heap_descriptor
    init_alloc.o(.text) refers to h1_init.o(.text) for __Heap_Initialize
    free.o(.text) refers (Special) to hguard.o(.text) for __heap$guard
    free.o(.text) refers to rt_heap_descriptor_intlibspace.o(.text) for __rt_heap_descriptor
    free.o(.text) refers to heapstubs.o(.text) for __Heap_Free
    h1_free.o(.text) refers to rt_heap_descriptor_intlibspace.o(.text) for __rt_heap_descriptor
    h1_init_mt.o(.text) refers to mutex_dummy.o(.text) for _mutex_initialize
    h1_free_mt.o(.text) refers to rt_heap_descriptor_intlibspace.o(.text) for __rt_heap_descriptor
    _get_argv.o(.text) refers (Special) to hrguard.o(.text) for __heap_region$guard
    _get_argv.o(.text) refers to h1_alloc.o(.text) for malloc
    _get_argv.o(.text) refers to defsig_rtmem_outer.o(.text) for __rt_SIGRTMEM
    _get_argv.o(.text) refers to sys_command.o(.text) for _sys_command_string
    libinit2.o(.ARM.Collect$$libinit$$00000003) refers (Weak) to init_alloc.o(.text) for _init_alloc
    libinit2.o(.ARM.Collect$$libinit$$0000000E) refers to libinit2.o(.ARM.Collect$$libinit$$0000000D) for .ARM.Collect$$libinit$$0000000D
    libinit2.o(.ARM.Collect$$libinit$$00000010) refers to libinit2.o(.ARM.Collect$$libinit$$0000000D) for .ARM.Collect$$libinit$$0000000D
    libinit2.o(.ARM.Collect$$libinit$$00000012) refers to libinit2.o(.ARM.Collect$$libinit$$0000000D) for .ARM.Collect$$libinit$$0000000D
    libinit2.o(.ARM.Collect$$libinit$$00000014) refers to libinit2.o(.ARM.Collect$$libinit$$0000000D) for .ARM.Collect$$libinit$$0000000D
    libinit2.o(.ARM.Collect$$libinit$$00000016) refers to libinit2.o(.ARM.Collect$$libinit$$0000000D) for .ARM.Collect$$libinit$$0000000D
    libinit2.o(.ARM.Collect$$libinit$$00000024) refers to argv_veneer.o(.emb_text) for __ARM_argv_veneer
    libinit2.o(.ARM.Collect$$libinit$$00000025) refers to argv_veneer.o(.emb_text) for __ARM_argv_veneer
    dcmpi.o(x$fpl$dcmpinf) refers (Special) to usenofp.o(x$fpl$usenofp) for __I$use$fp
    dnaninf.o(x$fpl$dnaninf) refers (Special) to usenofp.o(x$fpl$usenofp) for __I$use$fp
    dretinf.o(x$fpl$dretinf) refers (Special) to usenofp.o(x$fpl$usenofp) for __I$use$fp
    sys_command.o(.text) refers (Special) to use_no_semi.o(.text) for __I$use$semihosting
    sys_command.o(.text) refers (Special) to indicate_semi.o(.text) for __semihosting_library_function
    libspace.o(.text) refers to libspace.o(.bss) for __libspace_start
    rtentry2.o(.ARM.Collect$$rtentry$$00000008) refers to boardinit2.o(.text) for _platform_post_stackheap_init
    rtentry2.o(.ARM.Collect$$rtentry$$0000000A) refers to libinit.o(.ARM.Collect$$libinit$$00000000) for __rt_lib_init
    rtentry2.o(.ARM.Collect$$rtentry$$0000000B) refers to boardinit3.o(.text) for _platform_post_lib_init
    rtentry2.o(.ARM.Collect$$rtentry$$0000000D) refers to main.o(i.main) for main
    rtentry2.o(.ARM.Collect$$rtentry$$0000000D) refers to exit.o(.text) for exit
    rtentry2.o(.ARM.exidx) refers to rtentry2.o(.ARM.Collect$$rtentry$$00000001) for .ARM.Collect$$rtentry$$00000001
    rtentry2.o(.ARM.exidx) refers to rtentry2.o(.ARM.Collect$$rtentry$$00000008) for .ARM.Collect$$rtentry$$00000008
    rtentry2.o(.ARM.exidx) refers to rtentry2.o(.ARM.Collect$$rtentry$$0000000A) for .ARM.Collect$$rtentry$$0000000A
    rtentry2.o(.ARM.exidx) refers to rtentry2.o(.ARM.Collect$$rtentry$$0000000B) for .ARM.Collect$$rtentry$$0000000B
    rtentry2.o(.ARM.exidx) refers to rtentry2.o(.ARM.Collect$$rtentry$$0000000D) for .ARM.Collect$$rtentry$$0000000D
    rtentry4.o(.ARM.Collect$$rtentry$$00000004) refers to sys_stackheap_outer.o(.text) for __user_setup_stackheap
    rtentry4.o(.ARM.exidx) refers to rtentry4.o(.ARM.Collect$$rtentry$$00000004) for .ARM.Collect$$rtentry$$00000004
    maybetermalloc2.o(.emb_text) refers (Special) to term_alloc.o(.text) for _terminate_alloc
    h1_extend.o(.text) refers to h1_free.o(.text) for free
    h1_extend_mt.o(.text) refers to h1_free_mt.o(.text) for _free_internal
    defsig_rtmem_outer.o(.text) refers to defsig_rtmem_inner.o(.text) for __rt_SIGRTMEM_inner
    defsig_rtmem_outer.o(.text) refers to defsig_exit.o(.text) for __sig_exit
    defsig_rtmem_formal.o(.text) refers to rt_raise.o(.text) for __rt_raise
    heapauxa.o(.text) refers to heapauxa.o(.data) for .data
    argv_veneer.o(.emb_text) refers to no_argv.o(.text) for __ARM_get_argv
    sys_stackheap_outer.o(.text) refers to libspace.o(.text) for __user_perproc_libspace
    sys_stackheap_outer.o(.text) refers to startup_stm32l1xx_md.o(.text) for __user_initial_stackheap
    rt_raise.o(.text) refers to __raise.o(.text) for __raise
    rt_raise.o(.text) refers to sys_exit.o(.text) for _sys_exit
    term_alloc.o(.text) refers (Special) to libshutdown2.o(.ARM.Collect$$libshutdown$$0000000D) for __rt_lib_shutdown_heap_2
    term_alloc.o(.text) refers to rt_heap_descriptor_intlibspace.o(.text) for __rt_heap_descriptor
    term_alloc.o(.text) refers to h1_final.o(.text) for __Heap_Finalize
    exit.o(.text) refers to rtexit.o(.ARM.Collect$$rtexit$$00000000) for __rt_exit
    defsig_exit.o(.text) refers to sys_exit.o(.text) for _sys_exit
    defsig_rtmem_inner.o(.text) refers to defsig_general.o(.text) for __default_signal_display
    _get_argv_nomalloc.o(.text) refers (Special) to hrguard.o(.text) for __heap_region$guard
    _get_argv_nomalloc.o(.text) refers to defsig_rtmem_outer.o(.text) for __rt_SIGRTMEM
    _get_argv_nomalloc.o(.text) refers to sys_command.o(.text) for _sys_command_string
    libinit.o(.ARM.Collect$$libinit$$00000000) refers (Special) to libinit2.o(.ARM.Collect$$libinit$$0000002C) for __rt_lib_init_alloca_1
    libinit.o(.ARM.Collect$$libinit$$00000000) refers (Special) to libinit2.o(.ARM.Collect$$libinit$$0000002A) for __rt_lib_init_argv_1
    libinit.o(.ARM.Collect$$libinit$$00000000) refers (Special) to libinit2.o(.ARM.Collect$$libinit$$00000019) for __rt_lib_init_atexit_1
    libinit.o(.ARM.Collect$$libinit$$00000000) refers (Special) to libinit2.o(.ARM.Collect$$libinit$$0000001F) for __rt_lib_init_clock_1
    libinit.o(.ARM.Collect$$libinit$$00000000) refers (Special) to libinit2.o(.ARM.Collect$$libinit$$00000030) for __rt_lib_init_cpp_1
    libinit.o(.ARM.Collect$$libinit$$00000000) refers (Special) to libinit2.o(.ARM.Collect$$libinit$$0000002E) for __rt_lib_init_exceptions_1
    libinit.o(.ARM.Collect$$libinit$$00000000) refers (Special) to libinit2.o(.ARM.Collect$$libinit$$00000002) for __rt_lib_init_fp_1
    libinit.o(.ARM.Collect$$libinit$$00000000) refers (Special) to libinit2.o(.ARM.Collect$$libinit$$0000001D) for __rt_lib_init_fp_trap_1
    libinit.o(.ARM.Collect$$libinit$$00000000) refers (Special) to libinit2.o(.ARM.Collect$$libinit$$00000021) for __rt_lib_init_getenv_1
    libinit.o(.ARM.Collect$$libinit$$00000000) refers (Special) to libinit2.o(.ARM.Collect$$libinit$$00000008) for __rt_lib_init_heap_1
    libinit.o(.ARM.Collect$$libinit$$00000000) refers (Special) to libinit2.o(.ARM.Collect$$libinit$$0000000F) for __rt_lib_init_lc_collate_1
    libinit.o(.ARM.Collect$$libinit$$00000000) refers (Special) to libinit2.o(.ARM.Collect$$libinit$$00000011) for __rt_lib_init_lc_ctype_1
    libinit.o(.ARM.Collect$$libinit$$00000000) refers (Special) to libinit2.o(.ARM.Collect$$libinit$$00000013) for __rt_lib_init_lc_monetary_1
    libinit.o(.ARM.Collect$$libinit$$00000000) refers (Special) to libinit2.o(.ARM.Collect$$libinit$$00000015) for __rt_lib_init_lc_numeric_1
    libinit.o(.ARM.Collect$$libinit$$00000000) refers (Special) to libinit2.o(.ARM.Collect$$libinit$$00000017) for __rt_lib_init_lc_time_1
    libinit.o(.ARM.Collect$$libinit$$00000000) refers (Special) to libinit2.o(.ARM.Collect$$libinit$$0000000C) for __rt_lib_init_rand_1
    libinit.o(.ARM.Collect$$libinit$$00000000) refers (Special) to libinit2.o(.ARM.Collect$$libinit$$00000031) for __rt_lib_init_return
    libinit.o(.ARM.Collect$$libinit$$00000000) refers (Special) to libinit2.o(.ARM.Collect$$libinit$$0000001B) for __rt_lib_init_signal_1
    libinit.o(.ARM.Collect$$libinit$$00000000) refers (Special) to libinit2.o(.ARM.Collect$$libinit$$00000023) for __rt_lib_init_stdio_1
    libinit.o(.ARM.Collect$$libinit$$00000000) refers (Special) to libinit2.o(.ARM.Collect$$libinit$$0000000A) for __rt_lib_init_user_alloc_1
    sys_exit.o(.text) refers (Special) to use_no_semi.o(.text) for __I$use$semihosting
    sys_exit.o(.text) refers (Special) to indicate_semi.o(.text) for __semihosting_library_function
    rtexit.o(.ARM.Collect$$rtexit$$00000000) refers (Special) to rtexit2.o(.ARM.Collect$$rtexit$$00000004) for __rt_exit_exit
    rtexit.o(.ARM.Collect$$rtexit$$00000000) refers (Special) to rtexit2.o(.ARM.Collect$$rtexit$$00000003) for __rt_exit_ls
    rtexit.o(.ARM.Collect$$rtexit$$00000000) refers (Special) to rtexit2.o(.ARM.Collect$$rtexit$$00000002) for __rt_exit_prels_1
    rtexit.o(.ARM.exidx) refers (Special) to rtexit2.o(.ARM.Collect$$rtexit$$00000004) for __rt_exit_exit
    rtexit.o(.ARM.exidx) refers (Special) to rtexit2.o(.ARM.Collect$$rtexit$$00000003) for __rt_exit_ls
    rtexit.o(.ARM.exidx) refers (Special) to rtexit2.o(.ARM.Collect$$rtexit$$00000002) for __rt_exit_prels_1
    rtexit.o(.ARM.exidx) refers to rtexit.o(.ARM.Collect$$rtexit$$00000000) for .ARM.Collect$$rtexit$$00000000
    __raise.o(.text) refers to defsig.o(CL$$defsig) for __default_signal_handler
    defsig_general.o(.text) refers to sys_wrch.o(.text) for _ttywrch
    libshutdown2.o(.ARM.Collect$$libshutdown$$0000000C) refers (Weak) to term_alloc.o(.text) for _terminate_alloc
    sys_wrch.o(.text) refers (Special) to use_no_semi.o(.text) for __I$use$semihosting
    sys_wrch.o(.text) refers (Special) to indicate_semi.o(.text) for __semihosting_library_function
    rtexit2.o(.ARM.Collect$$rtexit$$00000003) refers to libshutdown.o(.ARM.Collect$$libshutdown$$00000000) for __rt_lib_shutdown
    rtexit2.o(.ARM.Collect$$rtexit$$00000004) refers to sys_exit.o(.text) for _sys_exit
    rtexit2.o(.ARM.exidx) refers to rtexit2.o(.ARM.Collect$$rtexit$$00000001) for .ARM.Collect$$rtexit$$00000001
    rtexit2.o(.ARM.exidx) refers to rtexit2.o(.ARM.Collect$$rtexit$$00000003) for .ARM.Collect$$rtexit$$00000003
    rtexit2.o(.ARM.exidx) refers to rtexit2.o(.ARM.Collect$$rtexit$$00000004) for .ARM.Collect$$rtexit$$00000004
    defsig.o(CL$$defsig) refers to defsig_rtmem_inner.o(.text) for __rt_SIGRTMEM_inner
    defsig_abrt_inner.o(.text) refers to defsig_general.o(.text) for __default_signal_display
    defsig_fpe_inner.o(.text) refers to defsig_general.o(.text) for __default_signal_display
    defsig_rtred_inner.o(.text) refers to defsig_general.o(.text) for __default_signal_display
    defsig_stak_inner.o(.text) refers to defsig_general.o(.text) for __default_signal_display
    defsig_pvfn_inner.o(.text) refers to defsig_general.o(.text) for __default_signal_display
    defsig_cppl_inner.o(.text) refers to defsig_general.o(.text) for __default_signal_display
    defsig_segv_inner.o(.text) refers to defsig_general.o(.text) for __default_signal_display
    defsig_other.o(.text) refers to defsig_general.o(.text) for __default_signal_display
    libshutdown.o(.ARM.Collect$$libshutdown$$00000000) refers (Special) to libshutdown2.o(.ARM.Collect$$libshutdown$$00000006) for __rt_lib_shutdown_fp_trap_1
    libshutdown.o(.ARM.Collect$$libshutdown$$00000000) refers (Special) to libshutdown2.o(.ARM.Collect$$libshutdown$$0000000E) for __rt_lib_shutdown_heap_1
    libshutdown.o(.ARM.Collect$$libshutdown$$00000000) refers (Special) to libshutdown2.o(.ARM.Collect$$libshutdown$$0000000F) for __rt_lib_shutdown_return
    libshutdown.o(.ARM.Collect$$libshutdown$$00000000) refers (Special) to libshutdown2.o(.ARM.Collect$$libshutdown$$00000009) for __rt_lib_shutdown_signal_1
    libshutdown.o(.ARM.Collect$$libshutdown$$00000000) refers (Special) to libshutdown2.o(.ARM.Collect$$libshutdown$$00000003) for __rt_lib_shutdown_stdio_1
    libshutdown.o(.ARM.Collect$$libshutdown$$00000000) refers (Special) to libshutdown2.o(.ARM.Collect$$libshutdown$$0000000B) for __rt_lib_shutdown_user_alloc_1


==============================================================================

Removing Unused input sections from the image.

    Removing system_stm32l1xx.o(.rev16_text), (4 bytes).
    Removing system_stm32l1xx.o(.revsh_text), (4 bytes).
    Removing system_stm32l1xx.o(i.SystemCoreClockUpdate), (220 bytes).
    Removing eeprom.o(.rev16_text), (4 bytes).
    Removing eeprom.o(.revsh_text), (4 bytes).
    Removing eeprom.o(i.EEPROM_lock), (20 bytes).
    Removing eeprom.o(i.EEPROM_option_lock), (20 bytes).
    Removing eeprom.o(i.EEPROM_option_unlock), (32 bytes).
    Removing eeprom.o(i.EEPROM_unlock), (40 bytes).
    Removing eeprom.o(i._EEPROM_16_fast_write), (72 bytes).
    Removing eeprom.o(i._EEPROM_16_read), (16 bytes).
    Removing eeprom.o(i._EEPROM_16_write), (72 bytes).
    Removing eeprom.o(i._EEPROM_32_erase), (60 bytes).
    Removing eeprom.o(i._EEPROM_32_fast_write), (72 bytes).
    Removing eeprom.o(i._EEPROM_32_read), (16 bytes).
    Removing eeprom.o(i._EEPROM_32_write), (72 bytes).
    Removing eeprom.o(i._EEPROM_64_erase), (116 bytes).
    Removing eeprom.o(i._EEPROM_64_read), (16 bytes).
    Removing eeprom.o(i._EEPROM_64_write), (120 bytes).
    Removing eeprom.o(i._EEPROM_8_fast_write), (72 bytes).
    Removing eeprom.o(i._EEPROM_8_read), (16 bytes).
    Removing eeprom.o(i._EEPROM_8_write), (72 bytes).
    Removing main.o(.rev16_text), (4 bytes).
    Removing main.o(.revsh_text), (4 bytes).
    Removing main.o(i.SYS_TICK_init), (80 bytes).
    Removing rfm69w.o(.rev16_text), (4 bytes).
    Removing rfm69w.o(.revsh_text), (4 bytes).
    Removing rfm69w.o(i.RFM69W_ACKReceived), (48 bytes).
    Removing rfm69w.o(i.RFM69W_ACKRequested), (32 bytes).
    Removing rfm69w.o(i.RFM69W_SPI_send), (160 bytes).
    Removing rfm69w.o(i.RFM69W_SPI_write), (168 bytes).
    Removing rfm69w.o(i.RFM69W_canSend), (52 bytes).
    Removing rfm69w.o(i.RFM69W_getFrequency), (76 bytes).
    Removing rfm69w.o(i.RFM69W_promiscuous), (12 bytes).
    Removing rfm69w.o(i.RFM69W_rcCalibration), (34 bytes).
    Removing rfm69w.o(i.RFM69W_readAllRegs), (80 bytes).
    Removing rfm69w.o(i.RFM69W_receiveDone), (60 bytes).
    Removing rfm69w.o(i.RFM69W_send), (102 bytes).
    Removing rfm69w.o(i.RFM69W_sendACK), (120 bytes).
    Removing rfm69w.o(i.RFM69W_sendFrame), (208 bytes).
    Removing rfm69w.o(i.RFM69W_sendWithRetry), (86 bytes).
    Removing rfm69w.o(i.RFM69W_setAddress), (24 bytes).
    Removing rfm69w.o(i.RFM69W_setFrequency), (108 bytes).
    Removing rfm69w.o(i.RFM69W_setHighPowerRegs), (42 bytes).
    Removing rfm69w.o(i.RFM69W_setNetwork), (16 bytes).
    Removing rfm69w.o(i.RFM69W_setPowerLevel), (56 bytes).
    Removing rfm69w.o(i.RFM69W_sleep), (10 bytes).
    Removing rfm69w.o(i.milis), (76 bytes).
    Removing usart.o(.rev16_text), (4 bytes).
    Removing usart.o(.revsh_text), (4 bytes).
    Removing usart.o(i.USART_write), (132 bytes).
    Removing usart.o(i._USART_send), (28 bytes).
    Removing usart.o(i._USART_write_buf), (88 bytes).
    Removing key.o(.rev16_text), (4 bytes).
    Removing key.o(.revsh_text), (4 bytes).
    Removing key.o(i.GetKeys), (36 bytes).
    Removing key.o(i.IsKey), (28 bytes).
    Removing key.o(i.IsKeyPressed), (16 bytes).
    Removing key.o(i.KeybLock), (12 bytes).
    Removing key.o(i.KeybSetAutoRepeatTimes), (24 bytes).
    Removing key.o(i.KeysTime), (12 bytes).
    Removing key.o(i._KEY_init), (140 bytes).
    Removing menu.o(.rev16_text), (4 bytes).
    Removing menu.o(.revsh_text), (4 bytes).
    Removing menu.o(i._MENU_init), (216 bytes).
    Removing menu.o(i._menu_1_fun), (48 bytes).
    Removing menu.o(i._menu_2_fun), (48 bytes).
    Removing menu.o(i._menu_3_fun), (48 bytes).
    Removing menu.o(i._menu_4_fun), (48 bytes).
    Removing menu.o(.data), (20 bytes).
    Removing low_mode.o(.rev16_text), (4 bytes).
    Removing low_mode.o(.revsh_text), (4 bytes).
    Removing rtc.o(.rev16_text), (4 bytes).
    Removing rtc.o(.revsh_text), (4 bytes).
    Removing float.o(i._dbl2stri), (392 bytes).
    Removing float.o(i._decimal_binary), (44 bytes).
    Removing float.o(.bss), (128 bytes).
    Removing float.o(.constdata), (64 bytes).
    Removing float.o(.data), (4 bytes).

79 unused section(s) (total 4422 bytes) removed from the image.

==============================================================================

Memory Map of the image

  Image Entry point : 0x00000000

  Load Region LR_1 (Base: 0x08000000, Size: 0x00001064, Max: 0xffffffff, ABSOLUTE)

    Execution Region ER_RO (Base: 0x08000000, Size: 0x00001018, Max: 0xffffffff, ABSOLUTE)

    Base Addr    Size         Type   Attr      Idx    E Section Name        Object

    0x08000000   0x000000f4   Data   RO            3    RESET               startup_stm32l1xx_md.o
    0x080000f4   0x00000008   Code   RO          791  * !!!main             c_w.l(__main.o)
    0x080000fc   0x00000002   Code   RO          968    .ARM.Collect$$libinit$$00000000  c_w.l(libinit.o)
    0x080000fe   0x00000000   Code   RO          856    .ARM.Collect$$libinit$$00000002  c_w.l(libinit2.o)
    0x080000fe   0x00000000   Code   RO          859    .ARM.Collect$$libinit$$00000008  c_w.l(libinit2.o)
    0x080000fe   0x00000000   Code   RO          861    .ARM.Collect$$libinit$$0000000A  c_w.l(libinit2.o)
    0x080000fe   0x00000000   Code   RO          863    .ARM.Collect$$libinit$$0000000C  c_w.l(libinit2.o)
    0x080000fe   0x00000000   Code   RO          866    .ARM.Collect$$libinit$$0000000F  c_w.l(libinit2.o)
    0x080000fe   0x00000000   Code   RO          868    .ARM.Collect$$libinit$$00000011  c_w.l(libinit2.o)
    0x080000fe   0x00000000   Code   RO          870    .ARM.Collect$$libinit$$00000013  c_w.l(libinit2.o)
    0x080000fe   0x00000000   Code   RO          872    .ARM.Collect$$libinit$$00000015  c_w.l(libinit2.o)
    0x080000fe   0x00000000   Code   RO          874    .ARM.Collect$$libinit$$00000017  c_w.l(libinit2.o)
    0x080000fe   0x00000000   Code   RO          876    .ARM.Collect$$libinit$$00000019  c_w.l(libinit2.o)
    0x080000fe   0x00000000   Code   RO          878    .ARM.Collect$$libinit$$0000001B  c_w.l(libinit2.o)
    0x080000fe   0x00000000   Code   RO          880    .ARM.Collect$$libinit$$0000001D  c_w.l(libinit2.o)
    0x080000fe   0x00000000   Code   RO          882    .ARM.Collect$$libinit$$0000001F  c_w.l(libinit2.o)
    0x080000fe   0x00000000   Code   RO          884    .ARM.Collect$$libinit$$00000021  c_w.l(libinit2.o)
    0x080000fe   0x00000000   Code   RO          886    .ARM.Collect$$libinit$$00000023  c_w.l(libinit2.o)
    0x080000fe   0x00000000   Code   RO          890    .ARM.Collect$$libinit$$0000002A  c_w.l(libinit2.o)
    0x080000fe   0x00000000   Code   RO          892    .ARM.Collect$$libinit$$0000002C  c_w.l(libinit2.o)
    0x080000fe   0x00000000   Code   RO          894    .ARM.Collect$$libinit$$0000002E  c_w.l(libinit2.o)
    0x080000fe   0x00000000   Code   RO          896    .ARM.Collect$$libinit$$00000030  c_w.l(libinit2.o)
    0x080000fe   0x00000002   Code   RO          897    .ARM.Collect$$libinit$$00000031  c_w.l(libinit2.o)
    0x08000100   0x00000002   Code   RO         1025    .ARM.Collect$$libshutdown$$00000000  c_w.l(libshutdown.o)
    0x08000102   0x00000000   Code   RO          983    .ARM.Collect$$libshutdown$$00000003  c_w.l(libshutdown2.o)
    0x08000102   0x00000000   Code   RO          986    .ARM.Collect$$libshutdown$$00000006  c_w.l(libshutdown2.o)
    0x08000102   0x00000000   Code   RO          989    .ARM.Collect$$libshutdown$$00000009  c_w.l(libshutdown2.o)
    0x08000102   0x00000000   Code   RO          991    .ARM.Collect$$libshutdown$$0000000B  c_w.l(libshutdown2.o)
    0x08000102   0x00000000   Code   RO          994    .ARM.Collect$$libshutdown$$0000000E  c_w.l(libshutdown2.o)
    0x08000102   0x00000002   Code   RO          995    .ARM.Collect$$libshutdown$$0000000F  c_w.l(libshutdown2.o)
    0x08000104   0x00000000   Code   RO          819    .ARM.Collect$$rtentry$$00000000  c_w.l(rtentry.o)
    0x08000104   0x00000000   Code   RO          911    .ARM.Collect$$rtentry$$00000002  c_w.l(rtentry2.o)
    0x08000104   0x00000006   Code   RO          923    .ARM.Collect$$rtentry$$00000004  c_w.l(rtentry4.o)
    0x0800010a   0x00000000   Code   RO          913    .ARM.Collect$$rtentry$$00000009  c_w.l(rtentry2.o)
    0x0800010a   0x00000004   Code   RO          914    .ARM.Collect$$rtentry$$0000000A  c_w.l(rtentry2.o)
    0x0800010e   0x00000000   Code   RO          916    .ARM.Collect$$rtentry$$0000000C  c_w.l(rtentry2.o)
    0x0800010e   0x00000008   Code   RO          917    .ARM.Collect$$rtentry$$0000000D  c_w.l(rtentry2.o)
    0x08000116   0x00000002   Code   RO          971    .ARM.Collect$$rtexit$$00000000  c_w.l(rtexit.o)
    0x08000118   0x00000000   Code   RO          999    .ARM.Collect$$rtexit$$00000002  c_w.l(rtexit2.o)
    0x08000118   0x00000004   Code   RO         1000    .ARM.Collect$$rtexit$$00000003  c_w.l(rtexit2.o)
    0x0800011c   0x00000006   Code   RO         1001    .ARM.Collect$$rtexit$$00000004  c_w.l(rtexit2.o)
    0x08000122   0x00000002   PAD
    0x08000124   0x00000040   Code   RO            4  * .text               startup_stm32l1xx_md.o
    0x08000164   0x00000006   Code   RO          789    .text               c_w.l(heapauxi.o)
    0x0800016a   0x00000002   PAD
    0x0800016c   0x00000008   Code   RO          907    .text               c_w.l(libspace.o)
    0x08000174   0x00000002   Code   RO          944    .text               c_w.l(use_no_semi.o)
    0x08000176   0x00000000   Code   RO          946    .text               c_w.l(indicate_semi.o)
    0x08000176   0x0000004a   Code   RO          947    .text               c_w.l(sys_stackheap_outer.o)
    0x080001c0   0x0000000c   Code   RO          953    .text               c_w.l(exit.o)
    0x080001cc   0x0000000c   Code   RO          969    .text               c_w.l(sys_exit.o)
    0x080001d8   0x00000054   Code   RO          538    i.ClrKeyb           key.o
    0x0800022c   0x00000024   Code   RO          254    i.EXTI15_10_IRQHandler  rfm69w.o
    0x08000250   0x00000164   Code   RO           12    i.GPIO_config       system_stm32l1xx.o
    0x080003b4   0x00000020   Code   RO          539    i.GetKeybSample     key.o
    0x080003d4   0x000000b0   Code   RO          544    i.KeybProc          key.o
    0x08000484   0x00000016   Code   RO          255    i.NVIC_EnableIRQ    rfm69w.o
    0x0800049a   0x00000002   PAD
    0x0800049c   0x00000098   Code   RO          258    i.RFM69W_GPIO_init  rfm69w.o
    0x08000534   0x000001bc   Code   RO          259    i.RFM69W_REG_init   rfm69w.o
    0x080006f0   0x0000002c   Code   RO          260    i.RFM69W_SPI_init   rfm69w.o
    0x0800071c   0x00000068   Code   RO          262    i.RFM69W_SPI_send_8poll  rfm69w.o
    0x08000784   0x00000124   Code   RO          263    i.RFM69W_SPI_send_poll  rfm69w.o
    0x080008a8   0x0000004a   Code   RO          266    i.RFM69W_encrypt    rfm69w.o
    0x080008f2   0x00000016   Code   RO          268    i.RFM69W_init       rfm69w.o
    0x08000908   0x00000144   Code   RO          269    i.RFM69W_interruptHandler  rfm69w.o
    0x08000a4c   0x0000003a   Code   RO          273    i.RFM69W_readRSSI   rfm69w.o
    0x08000a86   0x00000002   PAD
    0x08000a88   0x00000078   Code   RO          274    i.RFM69W_receiveBegin  rfm69w.o
    0x08000b00   0x0000004c   Code   RO          282    i.RFM69W_setHighPower  rfm69w.o
    0x08000b4c   0x000000d4   Code   RO          284    i.RFM69W_setMode    rfm69w.o
    0x08000c20   0x000000c0   Code   RO          288    i.SPI1_IRQHandler   rfm69w.o
    0x08000ce0   0x00000110   Code   RO           13    i.SetSysClock       system_stm32l1xx.o
    0x08000df0   0x00000002   Code   RO          203    i.SysTick_Handler   main.o
    0x08000df2   0x00000002   PAD
    0x08000df4   0x00000068   Code   RO           15    i.SystemInit        system_stm32l1xx.o
    0x08000e5c   0x00000024   Code   RO          547    i.TIM6_IRQHandler   key.o
    0x08000e80   0x0000007c   Code   RO          491    i.USART1_IRQHandler  usart.o
    0x08000efc   0x000000c0   Code   RO          493    i._USART_init       usart.o
    0x08000fbc   0x00000044   Code   RO          204    i.main              main.o
    0x08001000   0x00000016   Data   RO          549    .constdata          key.o
    0x08001016   0x00000002   PAD
    0x08001018   0x00000000   Data   RO         1026    Region$$Table       anon$$obj.o


    Execution Region ER_RW (Base: 0x20000000, Size: 0x0000004c, Max: 0xffffffff, ABSOLUTE)

    Base Addr    Size         Type   Attr      Idx    E Section Name        Object

    0x20000000   0x0000001d   Data   RW           16    .data               system_stm32l1xx.o
    0x2000001d   0x00000001   PAD
    0x2000001e   0x0000000d   Data   RW          291    .data               rfm69w.o
    0x2000002b   0x00000001   PAD
    0x2000002c   0x00000020   Data   RW          550    .data               key.o


    Execution Region ER_ZI (Base: 0x2000004c, Size: 0x00000724, Max: 0xffffffff, ABSOLUTE)

    Base Addr    Size         Type   Attr      Idx    E Section Name        Object

    0x2000004c   0x0000008f   Zero   RW          290    .bss                rfm69w.o
    0x200000db   0x00000034   Zero   RW          496    .bss                usart.o
    0x2000010f   0x00000001   PAD
    0x20000110   0x00000060   Zero   RW          908    .bss                c_w.l(libspace.o)
    0x20000170   0x00000200   Zero   RW            2    HEAP                startup_stm32l1xx_md.o
    0x20000370   0x00000400   Zero   RW            1    STACK               startup_stm32l1xx_md.o

