Component: ARM Compiler 5.05 update 2 (build 169) Tool: armlink [4d0f33]

==============================================================================

Section Cross References

    startup_stm32l1xx_md.o(STACK) refers (Special) to heapauxi.o(.text) for __use_two_region_memory
    startup_stm32l1xx_md.o(HEAP) refers (Special) to heapauxi.o(.text) for __use_two_region_memory
    startup_stm32l1xx_md.o(RESET) refers (Special) to heapauxi.o(.text) for __use_two_region_memory
    startup_stm32l1xx_md.o(RESET) refers to startup_stm32l1xx_md.o(STACK) for __initial_sp
    startup_stm32l1xx_md.o(RESET) refers to startup_stm32l1xx_md.o(.text) for Reset_Handler
    startup_stm32l1xx_md.o(RESET) refers to sys_tick.o(i.SysTick_Handler) for SysTick_Handler
    startup_stm32l1xx_md.o(RESET) refers to led.o(i.DMA1_Channel2_IRQHandler) for DMA1_Channel2_IRQHandler
    startup_stm32l1xx_md.o(RESET) refers to hall.o(i.EXTI9_5_IRQHandler) for EXTI9_5_IRQHandler
    startup_stm32l1xx_md.o(RESET) refers to led.o(i.TIM10_IRQHandler) for TIM10_IRQHandler
    startup_stm32l1xx_md.o(RESET) refers to buzzer.o(i.TIM3_IRQHandler) for TIM3_IRQHandler
    startup_stm32l1xx_md.o(RESET) refers to rfm69w.o(i.SPI1_IRQHandler) for SPI1_IRQHandler
    startup_stm32l1xx_md.o(RESET) refers to usart.o(i.USART1_IRQHandler) for USART1_IRQHandler
    startup_stm32l1xx_md.o(RESET) refers to rfm69w.o(i.EXTI15_10_IRQHandler) for EXTI15_10_IRQHandler
    startup_stm32l1xx_md.o(RESET) refers to hall.o(i.TIM6_IRQHandler) for TIM6_IRQHandler
    startup_stm32l1xx_md.o(.text) refers (Special) to heapauxi.o(.text) for __use_two_region_memory
    startup_stm32l1xx_md.o(.text) refers to system_stm32l1xx.o(i.SystemInit) for SystemInit
    startup_stm32l1xx_md.o(.text) refers to __main.o(!!!main) for __main
    startup_stm32l1xx_md.o(.text) refers to startup_stm32l1xx_md.o(HEAP) for Heap_Mem
    startup_stm32l1xx_md.o(.text) refers to startup_stm32l1xx_md.o(STACK) for Stack_Mem
    system_stm32l1xx.o(i.SystemCoreClockUpdate) refers to system_stm32l1xx.o(.data) for SystemCoreClock
    system_stm32l1xx.o(i.SystemInit) refers to system_stm32l1xx.o(i.SetSysClock) for SetSysClock
    eeprom.o(i.EEPROM_16_fast_write) refers to eeprom.o(i.EEPROM_unlock) for EEPROM_unlock
    eeprom.o(i.EEPROM_16_write) refers to eeprom.o(i.EEPROM_unlock) for EEPROM_unlock
    eeprom.o(i.EEPROM_32_erase) refers to eeprom.o(i.EEPROM_unlock) for EEPROM_unlock
    eeprom.o(i.EEPROM_32_fast_write) refers to eeprom.o(i.EEPROM_unlock) for EEPROM_unlock
    eeprom.o(i.EEPROM_32_write) refers to eeprom.o(i.EEPROM_unlock) for EEPROM_unlock
    eeprom.o(i.EEPROM_64_erase) refers to eeprom.o(i.EEPROM_unlock) for EEPROM_unlock
    eeprom.o(i.EEPROM_64_write) refers to eeprom.o(i.EEPROM_unlock) for EEPROM_unlock
    eeprom.o(i.EEPROM_8_fast_write) refers to eeprom.o(i.EEPROM_unlock) for EEPROM_unlock
    eeprom.o(i.EEPROM_8_write) refers to eeprom.o(i.EEPROM_unlock) for EEPROM_unlock
    eeprom.o(i.EEPROM_option_unlock) refers to eeprom.o(i.EEPROM_unlock) for EEPROM_unlock
    main.o(i.main) refers to system_stm32l1xx.o(i.GPIO_config) for GPIO_config
    main.o(i.main) refers to eeprom.o(i.EEPROM_32_read) for EEPROM_32_read
    main.o(i.main) refers to sys_tick.o(i.SYS_TICK_init) for SYS_TICK_init
    main.o(i.main) refers to key.o(i.KEY_init) for KEY_init
    main.o(i.main) refers to menu.o(i.MENU_init) for MENU_init
    main.o(i.main) refers to usart.o(i.USART_init) for USART_init
    main.o(i.main) refers to hall.o(i.HALL_init) for HALL_init
    main.o(i.main) refers to buzzer.o(i._BUZZER_init) for _BUZZER_init
    main.o(i.main) refers to led.o(i._LED_init) for _LED_init
    main.o(i.main) refers to led.o(i._LED_off) for _LED_off
    main.o(i.main) refers to led.o(i._LED_set_color_list) for _LED_set_color_list
    main.o(i.main) refers to led.o(i._LED_change_brightness_limit_list) for _LED_change_brightness_limit_list
    main.o(i.main) refers to led.o(i._LED_on) for _LED_on
    main.o(i.main) refers to buzzer.o(i._BUZZER_alarm_set_tone_list) for _BUZZER_alarm_set_tone_list
    main.o(i.main) refers to buzzer.o(i._BUZZER_alarm_set_vol_list) for _BUZZER_alarm_set_vol_list
    main.o(i.main) refers to buzzer.o(i._BUZZER_alarm_set_tempo_list) for _BUZZER_alarm_set_tempo_list
    main.o(i.main) refers to buzzer.o(i.BUZZER_reset_timer) for BUZZER_reset_timer
    main.o(i.main) refers to key.o(i.GetKeys) for GetKeys
    main.o(i.main) refers to main.o(.data) for System
    main.o(i.main) refers to menu.o(.data) for _actual
    rfm69w.o(i.EXTI15_10_IRQHandler) refers to rfm69w.o(i.RFM69W_SPI_send_poll) for RFM69W_SPI_send_poll
    rfm69w.o(i.EXTI15_10_IRQHandler) refers to rfm69w.o(i.RFM69W_listenModeOFF) for RFM69W_listenModeOFF
    rfm69w.o(i.EXTI15_10_IRQHandler) refers to rfm69w.o(i.RFM69W_receiveBegin) for RFM69W_receiveBegin
    rfm69w.o(i.EXTI15_10_IRQHandler) refers to rfm69w.o(i.RFM69W_interruptHandler) for RFM69W_interruptHandler
[...]
    __rtentry2.o(.ARM.exidx) refers to __rtentry2.o(.ARM.Collect$$rtentry$$0000000D) for .ARM.Collect$$rtentry$$0000000D
    __rtentry4.o(.ARM.Collect$$rtentry$$00000004) refers to sys_stackheap_outer.o(.text) for __user_setup_stackheap
    __rtentry4.o(.ARM.exidx) refers to __rtentry4.o(.ARM.Collect$$rtentry$$00000004) for .ARM.Collect$$rtentry$$00000004
    maybetermalloc2.o(.emb_text) refers (Special) to term_alloc.o(.text) for _terminate_alloc
    h1_extend.o(.text) refers to h1_free.o(.text) for free
    h1_extend_mt.o(.text) refers to h1_free_mt.o(.text) for _free_internal
    defsig_rtmem_outer.o(.text) refers to defsig_rtmem_inner.o(.text) for __rt_SIGRTMEM_inner
    defsig_rtmem_outer.o(.text) refers to defsig_exit.o(.text) for __sig_exit
    defsig_rtmem_formal.o(.text) refers to rt_raise.o(.text) for __rt_raise
    heapauxa.o(.text) refers to heapauxa.o(.data) for .data
    argv_veneer.o(.emb_text) refers to no_argv.o(.text) for __ARM_get_argv
    sys_stackheap_outer.o(.text) refers to libspace.o(.text) for __user_perproc_libspace
    sys_stackheap_outer.o(.text) refers to startup_stm32l1xx_md.o(.text) for __user_initial_stackheap
    rt_raise.o(.text) refers to __raise.o(.text) for __raise
    rt_raise.o(.text) refers to sys_exit.o(.text) for _sys_exit
    term_alloc.o(.text) refers (Special) to libshutdown2.o(.ARM.Collect$$libshutdown$$0000000D) for __rt_lib_shutdown_heap_2
    term_alloc.o(.text) refers to rt_heap_descriptor_intlibspace.o(.text) for __rt_heap_descriptor
    term_alloc.o(.text) refers to h1_final.o(.text) for __Heap_Finalize
    exit.o(.text) refers to rtexit.o(.ARM.Collect$$rtexit$$00000000) for __rt_exit
    defsig_exit.o(.text) refers to sys_exit.o(.text) for _sys_exit
    defsig_rtmem_inner.o(.text) refers to defsig_general.o(.text) for __default_signal_display
    _get_argv_nomalloc.o(.text) refers (Special) to hrguard.o(.text) for __heap_region$guard
    _get_argv_nomalloc.o(.text) refers to defsig_rtmem_outer.o(.text) for __rt_SIGRTMEM
    _get_argv_nomalloc.o(.text) refers to sys_command.o(.text) for _sys_command_string
    libinit.o(.ARM.Collect$$libinit$$00000000) refers (Special) to libinit2.o(.ARM.Collect$$libinit$$0000002E) for __rt_lib_init_alloca_1
    libinit.o(.ARM.Collect$$libinit$$00000000) refers (Special) to libinit2.o(.ARM.Collect$$libinit$$0000002C) for __rt_lib_init_argv_1
    libinit.o(.ARM.Collect$$libinit$$00000000) refers (Special) to libinit2.o(.ARM.Collect$$libinit$$0000001B) for __rt_lib_init_atexit_1
    libinit.o(.ARM.Collect$$libinit$$00000000) refers (Special) to libinit2.o(.ARM.Collect$$libinit$$00000021) for __rt_lib_init_clock_1
    libinit.o(.ARM.Collect$$libinit$$00000000) refers (Special) to libinit2.o(.ARM.Collect$$libinit$$00000032) for __rt_lib_init_cpp_1
    libinit.o(.ARM.Collect$$libinit$$00000000) refers (Special) to libinit2.o(.ARM.Collect$$libinit$$00000030) for __rt_lib_init_exceptions_1
    libinit.o(.ARM.Collect$$libinit$$00000000) refers (Special) to libinit2.o(.ARM.Collect$$libinit$$00000002) for __rt_lib_init_fp_1
    libinit.o(.ARM.Collect$$libinit$$00000000) refers (Special) to libinit2.o(.ARM.Collect$$libinit$$0000001F) for __rt_lib_init_fp_trap_1
    libinit.o(.ARM.Collect$$libinit$$00000000) refers (Special) to libinit2.o(.ARM.Collect$$libinit$$00000023) for __rt_lib_init_getenv_1
    libinit.o(.ARM.Collect$$libinit$$00000000) refers (Special) to libinit2.o(.ARM.Collect$$libinit$$0000000A) for __rt_lib_init_heap_1
    libinit.o(.ARM.Collect$$libinit$$00000000) refers (Special) to libinit2.o(.ARM.Collect$$libinit$$00000011) for __rt_lib_init_lc_collate_1
    libinit.o(.ARM.Collect$$libinit$$00000000) refers (Special) to libinit2.o(.ARM.Collect$$libinit$$00000013) for __rt_lib_init_lc_ctype_1
    libinit.o(.ARM.Collect$$libinit$$00000000) refers (Special) to libinit2.o(.ARM.Collect$$libinit$$00000015) for __rt_lib_init_lc_monetary_1
    libinit.o(.ARM.Collect$$libinit$$00000000) refers (Special) to libinit2.o(.ARM.Collect$$libinit$$00000017) for __rt_lib_init_lc_numeric_1
    libinit.o(.ARM.Collect$$libinit$$00000000) refers (Special) to libinit2.o(.ARM.Collect$$libinit$$00000019) for __rt_lib_init_lc_time_1
    libinit.o(.ARM.Collect$$libinit$$00000000) refers (Special) to libinit2.o(.ARM.Collect$$libinit$$00000004) for __rt_lib_init_preinit_1
    libinit.o(.ARM.Collect$$libinit$$00000000) refers (Special) to libinit2.o(.ARM.Collect$$libinit$$0000000E) for __rt_lib_init_rand_1
    libinit.o(.ARM.Collect$$libinit$$00000000) refers (Special) to libinit2.o(.ARM.Collect$$libinit$$00000033) for __rt_lib_init_return
    libinit.o(.ARM.Collect$$libinit$$00000000) refers (Special) to libinit2.o(.ARM.Collect$$libinit$$0000001D) for __rt_lib_init_signal_1
    libinit.o(.ARM.Collect$$libinit$$00000000) refers (Special) to libinit2.o(.ARM.Collect$$libinit$$00000025) for __rt_lib_init_stdio_1
    libinit.o(.ARM.Collect$$libinit$$00000000) refers (Special) to libinit2.o(.ARM.Collect$$libinit$$0000000C) for __rt_lib_init_user_alloc_1
    sys_exit.o(.text) refers (Special) to use_no_semi.o(.text) for __I$use$semihosting
    sys_exit.o(.text) refers (Special) to indicate_semi.o(.text) for __semihosting_library_function
    rtexit.o(.ARM.Collect$$rtexit$$00000000) refers (Special) to rtexit2.o(.ARM.Collect$$rtexit$$00000004) for __rt_exit_exit
    rtexit.o(.ARM.Collect$$rtexit$$00000000) refers (Special) to rtexit2.o(.ARM.Collect$$rtexit$$00000003) for __rt_exit_ls
    rtexit.o(.ARM.Collect$$rtexit$$00000000) refers (Special) to rtexit2.o(.ARM.Collect$$rtexit$$00000002) for __rt_exit_prels_1
    rtexit.o(.ARM.exidx) refers (Special) to rtexit2.o(.ARM.Collect$$rtexit$$00000004) for __rt_exit_exit
    rtexit.o(.ARM.exidx) refers (Special) to rtexit2.o(.ARM.Collect$$rtexit$$00000003) for __rt_exit_ls
    rtexit.o(.ARM.exidx) refers (Special) to rtexit2.o(.ARM.Collect$$rtexit$$00000002) for __rt_exit_prels_1
    rtexit.o(.ARM.exidx) refers to rtexit.o(.ARM.Collect$$rtexit$$00000000) for .ARM.Collect$$rtexit$$00000000
    __raise.o(.text) refers to defsig.o(CL$$defsig) for __default_signal_handler
    defsig_general.o(.text) refers to sys_wrch.o(.text) for _ttywrch
    libshutdown2.o(.ARM.Collect$$libshutdown$$0000000C) refers (Weak) to term_alloc.o(.text) for _terminate_alloc
    sys_wrch.o(.text) refers (Special) to use_no_semi.o(.text) for __I$use$semihosting
    sys_wrch.o(.text) refers (Special) to indicate_semi.o(.text) for __semihosting_library_function
    rtexit2.o(.ARM.Collect$$rtexit$$00000003) refers to libshutdown.o(.ARM.Collect$$libshutdown$$00000000) for __rt_lib_shutdown
    rtexit2.o(.ARM.Collect$$rtexit$$00000004) refers to sys_exit.o(.text) for _sys_exit
    rtexit2.o(.ARM.exidx) refers to rtexit2.o(.ARM.Collect$$rtexit$$00000001) for .ARM.Collect$$rtexit$$00000001
    rtexit2.o(.ARM.exidx) refers to rtexit2.o(.ARM.Collect$$rtexit$$00000003) for .ARM.Collect$$rtexit$$00000003
    rtexit2.o(.ARM.exidx) refers to rtexit2.o(.ARM.Collect$$rtexit$$00000004) for .ARM.Collect$$rtexit$$00000004
    defsig.o(CL$$defsig) refers to defsig_rtmem_inner.o(.text) for __rt_SIGRTMEM_inner
    defsig_abrt_inner.o(.text) refers to defsig_general.o(.text) for __default_signal_display
    defsig_fpe_inner.o(.text) refers to defsig_general.o(.text) for __default_signal_display
    defsig_rtred_inner.o(.text) refers to defsig_general.o(.text) for __default_signal_display
    defsig_stak_inner.o(.text) refers to defsig_general.o(.text) for __default_signal_display
    defsig_pvfn_inner.o(.text) refers to defsig_general.o(.text) for __default_signal_display
    defsig_cppl_inner.o(.text) refers to defsig_general.o(.text) for __default_signal_display
    defsig_segv_inner.o(.text) refers to defsig_general.o(.text) for __default_signal_display
    defsig_other.o(.text) refers to defsig_general.o(.text) for __default_signal_display
    libshutdown.o(.ARM.Collect$$libshutdown$$00000000) refers (Special) to libshutdown2.o(.ARM.Collect$$libshutdown$$00000006) for __rt_lib_shutdown_fp_trap_1
    libshutdown.o(.ARM.Collect$$libshutdown$$00000000) refers (Special) to libshutdown2.o(.ARM.Collect$$libshutdown$$0000000E) for __rt_lib_shutdown_heap_1
    libshutdown.o(.ARM.Collect$$libshutdown$$00000000) refers (Special) to libshutdown2.o(.ARM.Collect$$libshutdown$$0000000F) for __rt_lib_shutdown_return
    libshutdown.o(.ARM.Collect$$libshutdown$$00000000) refers (Special) to libshutdown2.o(.ARM.Collect$$libshutdown$$00000009) for __rt_lib_shutdown_signal_1
    libshutdown.o(.ARM.Collect$$libshutdown$$00000000) refers (Special) to libshutdown2.o(.ARM.Collect$$libshutdown$$00000003) for __rt_lib_shutdown_stdio_1
    libshutdown.o(.ARM.Collect$$libshutdown$$00000000) refers (Special) to libshutdown2.o(.ARM.Collect$$libshutdown$$0000000B) for __rt_lib_shutdown_user_alloc_1


==============================================================================

Removing Unused input sections from the image.

    Removing system_stm32l1xx.o(.rev16_text), (4 bytes).
    Removing system_stm32l1xx.o(.revsh_text), (4 bytes).
    Removing system_stm32l1xx.o(.rrx_text), (6 bytes).
    Removing system_stm32l1xx.o(i.SystemCoreClockUpdate), (220 bytes).
    Removing eeprom.o(.rev16_text), (4 bytes).
    Removing eeprom.o(.revsh_text), (4 bytes).
    Removing eeprom.o(.rrx_text), (6 bytes).
    Removing eeprom.o(i.EEPROM_16_fast_write), (72 bytes).
    Removing eeprom.o(i.EEPROM_16_read), (16 bytes).
    Removing eeprom.o(i.EEPROM_16_write), (72 bytes).
    Removing eeprom.o(i.EEPROM_32_erase), (60 bytes).
    Removing eeprom.o(i.EEPROM_32_fast_write), (72 bytes).
    Removing eeprom.o(i.EEPROM_64_erase), (116 bytes).
    Removing eeprom.o(i.EEPROM_64_read), (16 bytes).
    Removing eeprom.o(i.EEPROM_64_write), (120 bytes).
    Removing eeprom.o(i.EEPROM_8_fast_write), (72 bytes).
    Removing eeprom.o(i.EEPROM_8_read), (16 bytes).
    Removing eeprom.o(i.EEPROM_8_write), (72 bytes).
    Removing eeprom.o(i.EEPROM_lock), (20 bytes).
    Removing eeprom.o(i.EEPROM_option_lock), (20 bytes).
    Removing eeprom.o(i.EEPROM_option_unlock), (32 bytes).
    Removing main.o(.rev16_text), (4 bytes).
    Removing main.o(.revsh_text), (4 bytes).
    Removing main.o(.rrx_text), (6 bytes).
    Removing rfm69w.o(.rev16_text), (4 bytes).
    Removing rfm69w.o(.revsh_text), (4 bytes).
    Removing rfm69w.o(.rrx_text), (6 bytes).
    Removing rfm69w.o(i.RFM69W_ACKReceived), (32 bytes).
    Removing rfm69w.o(i.RFM69W_GPIO_init), (164 bytes).
    Removing rfm69w.o(i.RFM69W_REG_init), (652 bytes).
    Removing rfm69w.o(i.RFM69W_SPI_clear_bit), (32 bytes).
    Removing rfm69w.o(i.RFM69W_SPI_init), (36 bytes).
    Removing rfm69w.o(i.RFM69W_SPI_send), (168 bytes).
    Removing rfm69w.o(i.RFM69W_SPI_write), (168 bytes).
    Removing rfm69w.o(i.RFM69W_canSend), (40 bytes).
    Removing rfm69w.o(i.RFM69W_encrypt), (120 bytes).
    Removing rfm69w.o(i.RFM69W_init), (16 bytes).
    Removing rfm69w.o(i.RFM69W_readAllRegs), (120 bytes).
    Removing rfm69w.o(i.RFM69W_reset), (100 bytes).
    Removing rfm69w.o(i.RFM69W_send), (72 bytes).
    Removing rfm69w.o(i.RFM69W_sendWithRetry), (122 bytes).
    Removing usart.o(.rev16_text), (4 bytes).
    Removing usart.o(.revsh_text), (4 bytes).
    Removing usart.o(.rrx_text), (6 bytes).
    Removing usart.o(i.USART_putchar), (28 bytes).
    Removing usart.o(i.USART_send), (22 bytes).
    Removing usart.o(i.USART_write), (136 bytes).
    Removing usart.o(i.USART_write_buf), (88 bytes).
    Removing key.o(.rev16_text), (4 bytes).
    Removing key.o(.revsh_text), (4 bytes).
    Removing key.o(.rrx_text), (6 bytes).
    Removing key.o(i.IsKey), (28 bytes).
    Removing key.o(i.IsKeyPressed), (16 bytes).
    Removing key.o(i.KeybLock), (12 bytes).
    Removing key.o(i.KeybSetAutoRepeatTimes), (24 bytes).
    Removing key.o(i.KeysTime), (12 bytes).
    Removing menu.o(.rev16_text), (4 bytes).
    Removing menu.o(.revsh_text), (4 bytes).
    Removing menu.o(.rrx_text), (6 bytes).
    Removing menu.o(i.menu_8_fun), (56 bytes).
    Removing menu.o(i.menu_9_fun), (56 bytes).
    Removing low_mode.o(.rev16_text), (4 bytes).
    Removing low_mode.o(.revsh_text), (4 bytes).
    Removing low_mode.o(.rrx_text), (6 bytes).
    Removing rtc.o(.rev16_text), (4 bytes).
    Removing rtc.o(.revsh_text), (4 bytes).
    Removing rtc.o(.rrx_text), (6 bytes).
    Removing float.o(i._dbl2stri), (392 bytes).
    Removing float.o(i._decimal_binary), (44 bytes).
    Removing float.o(.bss), (128 bytes).
    Removing float.o(.constdata), (64 bytes).
    Removing float.o(.data), (4 bytes).
    Removing sys_tick.o(.rev16_text), (4 bytes).
    Removing sys_tick.o(.revsh_text), (4 bytes).
    Removing sys_tick.o(.rrx_text), (6 bytes).
    Removing hall.o(.rev16_text), (4 bytes).
    Removing hall.o(.revsh_text), (4 bytes).
    Removing hall.o(.rrx_text), (6 bytes).
    Removing buzzer.o(.rev16_text), (4 bytes).
    Removing buzzer.o(.revsh_text), (4 bytes).
    Removing buzzer.o(.rrx_text), (6 bytes).
    Removing buzzer.o(i._BUZZER_beep_change), (16 bytes).
    Removing buzzer.o(i._BUZZER_off), (92 bytes).
    Removing buzzer.o(i._BUZZER_play_music), (40 bytes).
    Removing led.o(.rev16_text), (4 bytes).
    Removing led.o(.revsh_text), (4 bytes).
    Removing led.o(.rrx_text), (6 bytes).
    Removing led.o(i._LED_animate), (592 bytes).
    Removing led.o(i._LED_change_brightness_all_perc), (30 bytes).
    Removing led.o(i._LED_change_brightness_perc), (116 bytes).
    Removing led.o(i._LED_change_color), (204 bytes).
    Removing led.o(i._LED_change_color_all), (74 bytes).
    Removing led.o(i.wait_), (14 bytes).

93 unused section(s) (total 5308 bytes) removed from the image.

==============================================================================

Image Symbol Table

    Local Symbols

    Symbol Name                              Value     Ov Type        Size  Object(Section)

    ../clib/angel/boardlib.s                 0x00000000   Number         0  boardinit2.o ABSOLUTE
    ../clib/angel/boardlib.s                 0x00000000   Number         0  boardinit1.o ABSOLUTE
    ../clib/angel/boardlib.s                 0x00000000   Number         0  boardinit3.o ABSOLUTE
    ../clib/angel/boardlib.s                 0x00000000   Number         0  boardshut.o ABSOLUTE
    ../clib/angel/handlers.s                 0x00000000   Number         0  __scatter_zi.o ABSOLUTE
    ../clib/angel/handlers.s                 0x00000000   Number         0  __scatter_copy.o ABSOLUTE
    ../clib/angel/kernel.s                   0x00000000   Number         0  rtexit2.o ABSOLUTE
    ../clib/angel/kernel.s                   0x00000000   Number         0  __rtentry2.o ABSOLUTE
    ../clib/angel/kernel.s                   0x00000000   Number         0  __rtentry4.o ABSOLUTE
    ../clib/angel/kernel.s                   0x00000000   Number         0  __rtentry.o ABSOLUTE
    ../clib/angel/kernel.s                   0x00000000   Number         0  rtexit.o ABSOLUTE
    ../clib/angel/rt.s                       0x00000000   Number         0  rt_raise.o ABSOLUTE
    ../clib/angel/rt.s                       0x00000000   Number         0  rt_heap_descriptor_intlibspace.o ABSOLUTE
    ../clib/angel/rt.s                       0x00000000   Number         0  rt_heap_descriptor.o ABSOLUTE
    ../clib/angel/scatter.s                  0x00000000   Number         0  __scatter.o ABSOLUTE
    ../clib/angel/startup.s                  0x00000000   Number         0  __main.o ABSOLUTE
    ../clib/angel/sys.s                      0x00000000   Number         0  use_no_semi.o ABSOLUTE
    ../clib/angel/sys.s                      0x00000000   Number         0  indicate_semi.o ABSOLUTE
    ../clib/angel/sys.s                      0x00000000   Number         0  sys_stackheap_outer.o ABSOLUTE
    ../clib/angel/sys.s                      0x00000000   Number         0  libspace.o ABSOLUTE
    ../clib/angel/sys.s                      0x00000000   Number         0  mutex_dummy.o ABSOLUTE
    ../clib/angel/sysapp.c                   0x00000000   Number         0  sys_exit.o ABSOLUTE
    ../clib/angel/sysapp.c                   0x00000000   Number         0  sys_wrch.o ABSOLUTE
    ../clib/angel/sysapp.c                   0x00000000   Number         0  sys_command.o ABSOLUTE
    ../clib/armsys.c                         0x00000000   Number         0  argv_veneer.o ABSOLUTE
    ../clib/armsys.c                         0x00000000   Number         0  no_argv.o ABSOLUTE
    ../clib/armsys.c                         0x00000000   Number         0  _get_argv_nomalloc.o ABSOLUTE
    ../clib/armsys.c                         0x00000000   Number         0  argv_veneer.o ABSOLUTE
    ../clib/armsys.c                         0x00000000   Number         0  _get_argv.o ABSOLUTE
    ../clib/heap1.c                          0x00000000   Number         0  h1_alloc_mt.o ABSOLUTE
    ../clib/heap1.c                          0x00000000   Number         0  h1_extend.o ABSOLUTE
    ../clib/heap1.c                          0x00000000   Number         0  h1_final_mt.o ABSOLUTE
    ../clib/heap1.c                          0x00000000   Number         0  h1_final.o ABSOLUTE
    ../clib/heap1.c                          0x00000000   Number         0  h1_init.o ABSOLUTE
    ../clib/heap1.c                          0x00000000   Number         0  h1_free_mt.o ABSOLUTE
    ../clib/heap1.c                          0x00000000   Number         0  h1_free.o ABSOLUTE
    ../clib/heap1.c                          0x00000000   Number         0  h1_init_mt.o ABSOLUTE
    ../clib/heap1.c                          0x00000000   Number         0  h1_alloc.o ABSOLUTE
    ../clib/heap1.c                          0x00000000   Number         0  h1_extend_mt.o ABSOLUTE
    ../clib/heap2.c                          0x00000000   Number         0  heap2.o ABSOLUTE
    ../clib/heap2.c                          0x00000000   Number         0  fdtree.o ABSOLUTE
    ../clib/heap2.c                          0x00000000   Number         0  heap2mt.o ABSOLUTE
    ../clib/heapalloc.c                      0x00000000   Number         0  free.o ABSOLUTE
    ../clib/heapalloc.c                      0x00000000   Number         0  maybetermalloc1.o ABSOLUTE
    ../clib/heapalloc.c                      0x00000000   Number         0  hguard.o ABSOLUTE
    ../clib/heapalloc.c                      0x00000000   Number         0  maybetermalloc2.o ABSOLUTE
    ../clib/heapalloc.c                      0x00000000   Number         0  hrguard.o ABSOLUTE
    ../clib/heapalloc.c                      0x00000000   Number         0  maybetermalloc1.o ABSOLUTE
    ../clib/heapalloc.c                      0x00000000   Number         0  malloc.o ABSOLUTE
    ../clib/heapalloc.c                      0x00000000   Number         0  term_alloc.o ABSOLUTE
    ../clib/heapalloc.c                      0x00000000   Number         0  heapstubs.o ABSOLUTE
    ../clib/heapalloc.c                      0x00000000   Number         0  maybetermalloc2.o ABSOLUTE
    ../clib/heapalloc.c                      0x00000000   Number         0  init_alloc.o ABSOLUTE
    ../clib/heapaux.c                        0x00000000   Number         0  heapauxa.o ABSOLUTE
    ../clib/heapaux.c                        0x00000000   Number         0  heapauxi.o ABSOLUTE
    ../clib/libinit.s                        0x00000000   Number         0  libshutdown2.o ABSOLUTE
    ../clib/libinit.s                        0x00000000   Number         0  libinit.o ABSOLUTE
    ../clib/libinit.s                        0x00000000   Number         0  libinit2.o ABSOLUTE
    ../clib/libinit.s                        0x00000000   Number         0  libshutdown.o ABSOLUTE
    ../clib/memcpset.s                       0x00000000   Number         0  rt_memcpy_w.o ABSOLUTE
    ../clib/signal.c                         0x00000000   Number         0  defsig_rtmem_formal.o ABSOLUTE
    ../clib/signal.c                         0x00000000   Number         0  defsig_rtmem_outer.o ABSOLUTE
    ../clib/signal.c                         0x00000000   Number         0  defsig_exit.o ABSOLUTE
    ../clib/signal.c                         0x00000000   Number         0  defsig_stak_inner.o ABSOLUTE
    ../clib/signal.c                         0x00000000   Number         0  __raise.o ABSOLUTE
    ../clib/signal.c                         0x00000000   Number         0  defsig_general.o ABSOLUTE
    ../clib/signal.c                         0x00000000   Number         0  defsig_rtred_inner.o ABSOLUTE
    ../clib/signal.c                         0x00000000   Number         0  defsig_fpe_inner.o ABSOLUTE
    ../clib/signal.c                         0x00000000   Number         0  defsig_segv_inner.o ABSOLUTE
    ../clib/signal.c                         0x00000000   Number         0  defsig_abrt_inner.o ABSOLUTE
    ../clib/signal.c                         0x00000000   Number         0  defsig_other.o ABSOLUTE
    ../clib/signal.c                         0x00000000   Number         0  defsig_cppl_inner.o ABSOLUTE
    ../clib/signal.c                         0x00000000   Number         0  defsig_pvfn_inner.o ABSOLUTE
    ../clib/signal.c                         0x00000000   Number         0  defsig_rtmem_inner.o ABSOLUTE
    ../clib/signal.s                         0x00000000   Number         0  defsig.o ABSOLUTE
    ../clib/stdlib.c                         0x00000000   Number         0  exit.o ABSOLUTE
    ../fplib/daddsub.s                       0x00000000   Number         0  daddsub_clz.o ABSOLUTE
    ../fplib/dcmpi.s                         0x00000000   Number         0  dcmpi.o ABSOLUTE
    ../fplib/dfixu.s                         0x00000000   Number         0  dfixu.o ABSOLUTE
    ../fplib/dflt.s                          0x00000000   Number         0  dflt_clz.o ABSOLUTE
    ../fplib/dleqf.s                         0x00000000   Number         0  dleqf.o ABSOLUTE
    ../fplib/dmul.s                          0x00000000   Number         0  dmul.o ABSOLUTE
    ../fplib/dnaninf.s                       0x00000000   Number         0  dnaninf.o ABSOLUTE
    ../fplib/dretinf.s                       0x00000000   Number         0  dretinf.o ABSOLUTE
    ../fplib/fpinit.s                        0x00000000   Number         0  fpinit.o ABSOLUTE
    ../fplib/usenofp.s                       0x00000000   Number         0  usenofp.o ABSOLUTE
    dc.s                                     0x00000000   Number         0  dc.o ABSOLUTE
    dev\\system_stm32l1xx.c                  0x00000000   Number         0  system_stm32l1xx.o ABSOLUTE
    dev\startup_stm32l1xx_md.s               0x00000000   Number         0  startup_stm32l1xx_md.o ABSOLUTE
    dev\system_stm32l1xx.c                   0x00000000   Number         0  system_stm32l1xx.o ABSOLUTE
    src\BUZZER.c                             0x00000000   Number         0  buzzer.o ABSOLUTE
    src\EEPROM.c                             0x00000000   Number         0  eeprom.o ABSOLUTE
    src\FLOAT.c                              0x00000000   Number         0  float.o ABSOLUTE
    src\HALL.c                               0x00000000   Number         0  hall.o ABSOLUTE
    src\KEY.c                                0x00000000   Number         0  key.o ABSOLUTE
    src\LED.c                                0x00000000   Number         0  led.o ABSOLUTE
    src\LOW_MODE.c                           0x00000000   Number         0  low_mode.o ABSOLUTE
    src\MENU.c                               0x00000000   Number         0  menu.o ABSOLUTE
    src\RFM69W.c                             0x00000000   Number         0  rfm69w.o ABSOLUTE
    src\RTC.c                                0x00000000   Number         0  rtc.o ABSOLUTE
    src\SYS_TICK.c                           0x00000000   Number         0  sys_tick.o ABSOLUTE
    src\USART.c                              0x00000000   Number         0  usart.o ABSOLUTE
    src\\BUZZER.c                            0x00000000   Number         0  buzzer.o ABSOLUTE
    src\\EEPROM.c                            0x00000000   Number         0  eeprom.o ABSOLUTE
    src\\HALL.c                              0x00000000   Number         0  hall.o ABSOLUTE
    src\\KEY.c                               0x00000000   Number         0  key.o ABSOLUTE
    src\\LED.c                               0x00000000   Number         0  led.o ABSOLUTE
    src\\LOW_MODE.c                          0x00000000   Number         0  low_mode.o ABSOLUTE
    src\\MENU.c                              0x00000000   Number         0  menu.o ABSOLUTE
    src\\RFM69W.c                            0x00000000   Number         0  rfm69w.o ABSOLUTE
    src\\RTC.c                               0x00000000   Number         0  rtc.o ABSOLUTE
    src\\SYS_TICK.c                          0x00000000   Number         0  sys_tick.o ABSOLUTE
    src\\USART.c                             0x00000000   Number         0  usart.o ABSOLUTE
    src\\main.c                              0x00000000   Number         0  main.o ABSOLUTE
    src\main.c                               0x00000000   Number         0  main.o ABSOLUTE
    RESET                                    0x08000000   Section      244  startup_stm32l1xx_md.o(RESET)
    !!!main                                  0x080000f4   Section        8  __main.o(!!!main)
    !!!scatter                               0x080000fc   Section       52  __scatter.o(!!!scatter)
    !!handler_copy                           0x08000130   Section       26  __scatter_copy.o(!!handler_copy)
    !!handler_zi                             0x0800014c   Section       28  __scatter_zi.o(!!handler_zi)
    .ARM.Collect$$libinit$$00000000          0x08000168   Section        2  libinit.o(.ARM.Collect$$libinit$$00000000)
    .ARM.Collect$$libinit$$00000002          0x0800016a   Section        0  libinit2.o(.ARM.Collect$$libinit$$00000002)
    .ARM.Collect$$libinit$$00000004          0x0800016a   Section        0  libinit2.o(.ARM.Collect$$libinit$$00000004)
    .ARM.Collect$$libinit$$00000005          0x0800016a   Section        8  libinit2.o(.ARM.Collect$$libinit$$00000005)
    .ARM.Collect$$libinit$$0000000A          0x08000172   Section        0  libinit2.o(.ARM.Collect$$libinit$$0000000A)
    .ARM.Collect$$libinit$$0000000C          0x08000172   Section        0  libinit2.o(.ARM.Collect$$libinit$$0000000C)
    .ARM.Collect$$libinit$$0000000E          0x08000172   Section        0  libinit2.o(.ARM.Collect$$libinit$$0000000E)
    .ARM.Collect$$libinit$$00000011          0x08000172   Section        0  libinit2.o(.ARM.Collect$$libinit$$00000011)
    .ARM.Collect$$libinit$$00000013          0x08000172   Section        0  libinit2.o(.ARM.Collect$$libinit$$00000013)
    .ARM.Collect$$libinit$$00000015          0x08000172   Section        0  libinit2.o(.ARM.Collect$$libinit$$00000015)
    .ARM.Collect$$libinit$$00000017          0x08000172   Section        0  libinit2.o(.ARM.Collect$$libinit$$00000017)
    .ARM.Collect$$libinit$$00000019          0x08000172   Section        0  libinit2.o(.ARM.Collect$$libinit$$00000019)
    .ARM.Collect$$libinit$$0000001B          0x08000172   Section        0  libinit2.o(.ARM.Collect$$libinit$$0000001B)
    .ARM.Collect$$libinit$$0000001D          0x08000172   Section        0  libinit2.o(.ARM.Collect$$libinit$$0000001D)
    .ARM.Collect$$libinit$$0000001F          0x08000172   Section        0  libinit2.o(.ARM.Collect$$libinit$$0000001F)
    .ARM.Collect$$libinit$$00000021          0x08000172   Section        0  libinit2.o(.ARM.Collect$$libinit$$00000021)
    .ARM.Collect$$libinit$$00000023          0x08000172   Section        0  libinit2.o(.ARM.Collect$$libinit$$00000023)
    .ARM.Collect$$libinit$$00000025          0x08000172   Section        0  libinit2.o(.ARM.Collect$$libinit$$00000025)
    .ARM.Collect$$libinit$$0000002C          0x08000172   Section        0  libinit2.o(.ARM.Collect$$libinit$$0000002C)
    .ARM.Collect$$libinit$$0000002E          0x08000172   Section        0  libinit2.o(.ARM.Collect$$libinit$$0000002E)
    .ARM.Collect$$libinit$$00000030          0x08000172   Section        0  libinit2.o(.ARM.Collect$$libinit$$00000030)
    .ARM.Collect$$libinit$$00000032          0x08000172   Section        0  libinit2.o(.ARM.Collect$$libinit$$00000032)
    .ARM.Collect$$libinit$$00000033          0x08000172   Section        2  libinit2.o(.ARM.Collect$$libinit$$00000033)
    .ARM.Collect$$libshutdown$$00000000      0x08000174   Section        2  libshutdown.o(.ARM.Collect$$libshutdown$$00000000)
    .ARM.Collect$$libshutdown$$00000003      0x08000176   Section        0  libshutdown2.o(.ARM.Collect$$libshutdown$$00000003)
    .ARM.Collect$$libshutdown$$00000006      0x08000176   Section        0  libshutdown2.o(.ARM.Collect$$libshutdown$$00000006)
    .ARM.Collect$$libshutdown$$00000009      0x08000176   Section        0  libshutdown2.o(.ARM.Collect$$libshutdown$$00000009)
    .ARM.Collect$$libshutdown$$0000000B      0x08000176   Section        0  libshutdown2.o(.ARM.Collect$$libshutdown$$0000000B)
    .ARM.Collect$$libshutdown$$0000000E      0x08000176   Section        0  libshutdown2.o(.ARM.Collect$$libshutdown$$0000000E)
    .ARM.Collect$$libshutdown$$0000000F      0x08000176   Section        2  libshutdown2.o(.ARM.Collect$$libshutdown$$0000000F)
    .ARM.Collect$$rtentry$$00000000          0x08000178   Section        0  __rtentry.o(.ARM.Collect$$rtentry$$00000000)
    .ARM.Collect$$rtentry$$00000002          0x08000178   Section        0  __rtentry2.o(.ARM.Collect$$rtentry$$00000002)
    .ARM.Collect$$rtentry$$00000004          0x08000178   Section        6  __rtentry4.o(.ARM.Collect$$rtentry$$00000004)
    .ARM.Collect$$rtentry$$00000009          0x0800017e   Section        0  __rtentry2.o(.ARM.Collect$$rtentry$$00000009)
    .ARM.Collect$$rtentry$$0000000A          0x0800017e   Section        4  __rtentry2.o(.ARM.Collect$$rtentry$$0000000A)
    .ARM.Collect$$rtentry$$0000000C          0x08000182   Section        0  __rtentry2.o(.ARM.Collect$$rtentry$$0000000C)
    .ARM.Collect$$rtentry$$0000000D          0x08000182   Section        8  __rtentry2.o(.ARM.Collect$$rtentry$$0000000D)
    .ARM.Collect$$rtexit$$00000000           0x0800018a   Section        2  rtexit.o(.ARM.Collect$$rtexit$$00000000)
    .ARM.Collect$$rtexit$$00000002           0x0800018c   Section        0  rtexit2.o(.ARM.Collect$$rtexit$$00000002)
    .ARM.Collect$$rtexit$$00000003           0x0800018c   Section        4  rtexit2.o(.ARM.Collect$$rtexit$$00000003)
    .ARM.Collect$$rtexit$$00000004           0x08000190   Section        6  rtexit2.o(.ARM.Collect$$rtexit$$00000004)
    .emb_text                                0x08000198   Section        0  maybetermalloc1.o(.emb_text)
    .text                                    0x08000198   Section       64  startup_stm32l1xx_md.o(.text)
    .text                                    0x080001d8   Section        0  h1_alloc.o(.text)
    .text                                    0x08000236   Section        0  heapauxi.o(.text)
    .text                                    0x0800023c   Section        8  rt_heap_descriptor_intlibspace.o(.text)
    .text                                    0x08000244   Section        0  hguard.o(.text)
    .text                                    0x08000248   Section        0  init_alloc.o(.text)
    .text                                    0x080002d2   Section        0  h1_init.o(.text)
    .text                                    0x080002e0   Section        0  h1_free.o(.text)
    .text                                    0x08000330   Section        8  libspace.o(.text)
    .text                                    0x08000338   Section        0  h1_extend.o(.text)
    .text                                    0x0800036c   Section        0  defsig_rtmem_outer.o(.text)
    .text                                    0x0800037a   Section        2  use_no_semi.o(.text)
    .text                                    0x0800037c   Section        0  indicate_semi.o(.text)
    .text                                    0x0800037c   Section       74  sys_stackheap_outer.o(.text)
    .text                                    0x080003c6   Section        0  exit.o(.text)
    .text                                    0x080003d2   Section        0  defsig_exit.o(.text)
    .text                                    0x080003dc   Section        0  defsig_rtmem_inner.o(.text)
    .text                                    0x0800042c   Section        0  sys_exit.o(.text)
    .text                                    0x08000438   Section        0  defsig_general.o(.text)
    .text                                    0x0800046a   Section        0  sys_wrch.o(.text)
    i.BUZZER_GPIO_init                       0x08000478   Section        0  buzzer.o(i.BUZZER_GPIO_init)
    i.BUZZER_PWM_init                        0x080004c0   Section        0  buzzer.o(i.BUZZER_PWM_init)
    i.BUZZER_reset_timer                     0x08000544   Section        0  buzzer.o(i.BUZZER_reset_timer)
    i.ClrKeyb                                0x08000598   Section        0  key.o(i.ClrKeyb)
    i.DAC_GPIO_init                          0x080005ec   Section        0  buzzer.o(i.DAC_GPIO_init)
    i.DAC_LOGIC_init                         0x08000618   Section        0  buzzer.o(i.DAC_LOGIC_init)
    i.DMA1_Channel2_IRQHandler               0x08000650   Section        0  led.o(i.DMA1_Channel2_IRQHandler)
    i.EEPROM_32_read                         0x08000690   Section        0  eeprom.o(i.EEPROM_32_read)
    i.EEPROM_32_write                        0x080006a0   Section        0  eeprom.o(i.EEPROM_32_write)
    i.EEPROM_unlock                          0x080006e8   Section        0  eeprom.o(i.EEPROM_unlock)
    i.EXTI15_10_IRQHandler                   0x08000710   Section        0  rfm69w.o(i.EXTI15_10_IRQHandler)
    i.EXTI9_5_IRQHandler                     0x0800076c   Section        0  hall.o(i.EXTI9_5_IRQHandler)
    i.GPIO_config                            0x08000804   Section        0  system_stm32l1xx.o(i.GPIO_config)
    i.GetKeybSample                          0x080009a8   Section        0  key.o(i.GetKeybSample)
    i.GetKeys                                0x080009d0   Section        0  key.o(i.GetKeys)
    i.HALL_init                              0x080009f4   Section        0  hall.o(i.HALL_init)
    i.KEY_init                               0x08000aa4   Section        0  key.o(i.KEY_init)
    i.KeybProc                               0x08000af4   Section        0  key.o(i.KeybProc)
    i.LED_set_values                         0x08000ba4   Section        0  led.o(i.LED_set_values)
    i.MENU_init                              0x08000bc8   Section        0  menu.o(i.MENU_init)
    i.NVIC_EnableIRQ                         0x08000d54   Section        0  hall.o(i.NVIC_EnableIRQ)
    NVIC_EnableIRQ                           0x08000d55   Thumb Code    22  hall.o(i.NVIC_EnableIRQ)
    i.NVIC_EnableIRQ                         0x08000d6a   Section        0  led.o(i.NVIC_EnableIRQ)
    NVIC_EnableIRQ                           0x08000d6b   Thumb Code    22  led.o(i.NVIC_EnableIRQ)
    i.NVIC_SetPriority                       0x08000d80   Section        0  hall.o(i.NVIC_SetPriority)
    NVIC_SetPriority                         0x08000d81   Thumb Code    32  hall.o(i.NVIC_SetPriority)
    i.RFM69W_SPI_send_8poll                  0x08000da8   Section        0  rfm69w.o(i.RFM69W_SPI_send_8poll)
    i.RFM69W_SPI_send_poll                   0x08000dfc   Section        0  rfm69w.o(i.RFM69W_SPI_send_poll)
    i.RFM69W_SPI_set_bit                     0x08000f20   Section        0  rfm69w.o(i.RFM69W_SPI_set_bit)
    i.RFM69W_interruptHandler                0x08000f40   Section        0  rfm69w.o(i.RFM69W_interruptHandler)
    i.RFM69W_listenModeOFF                   0x08001010   Section        0  rfm69w.o(i.RFM69W_listenModeOFF)
    i.RFM69W_listenModeON                    0x08001046   Section        0  rfm69w.o(i.RFM69W_listenModeON)
    i.RFM69W_readRSSI                        0x0800105a   Section        0  rfm69w.o(i.RFM69W_readRSSI)
    i.RFM69W_receiveBegin                    0x08001094   Section        0  rfm69w.o(i.RFM69W_receiveBegin)
    i.RFM69W_sendACK                         0x080010d4   Section        0  rfm69w.o(i.RFM69W_sendACK)
    i.RFM69W_sendFrame                       0x08001108   Section        0  rfm69w.o(i.RFM69W_sendFrame)
    i.RFM69W_setMap                          0x080011fc   Section        0  rfm69w.o(i.RFM69W_setMap)
    i.RFM69W_setMode                         0x080012c8   Section        0  rfm69w.o(i.RFM69W_setMode)
    i.SPI1_IRQHandler                        0x08001384   Section        0  rfm69w.o(i.SPI1_IRQHandler)
    i.SYS_TICK_init                          0x08001460   Section        0  sys_tick.o(i.SYS_TICK_init)
    i.SYS_TICK_timeOut                       0x080014b0   Section        0  sys_tick.o(i.SYS_TICK_timeOut)
    i.SetSysClock                            0x080014e4   Section        0  system_stm32l1xx.o(i.SetSysClock)
    SetSysClock                              0x080014e5   Thumb Code   258  system_stm32l1xx.o(i.SetSysClock)
    i.SysTick_Handler                        0x080015f4   Section        0  sys_tick.o(i.SysTick_Handler)
    i.SystemInit                             0x08001628   Section        0  system_stm32l1xx.o(i.SystemInit)
    i.TIM10_IRQHandler                       0x08001690   Section        0  led.o(i.TIM10_IRQHandler)
    i.TIM3_IRQHandler                        0x080016b8   Section        0  buzzer.o(i.TIM3_IRQHandler)
    i.TIM6_IRQHandler                        0x080018fc   Section        0  hall.o(i.TIM6_IRQHandler)
    i.USART1_IRQHandler                      0x08001918   Section        0  usart.o(i.USART1_IRQHandler)
    i.USART_init                             0x08001980   Section        0  usart.o(i.USART_init)
    i._BUZZER_alarm_set_tempo_list           0x080019f4   Section        0  buzzer.o(i._BUZZER_alarm_set_tempo_list)
    i._BUZZER_alarm_set_tone_list            0x08001a10   Section        0  buzzer.o(i._BUZZER_alarm_set_tone_list)
    i._BUZZER_alarm_set_vol_list             0x08001a38   Section        0  buzzer.o(i._BUZZER_alarm_set_vol_list)
    i._BUZZER_alarm_start                    0x08001a58   Section        0  buzzer.o(i._BUZZER_alarm_start)
    i._BUZZER_alarm_stop                     0x08001ab8   Section        0  buzzer.o(i._BUZZER_alarm_stop)
    i._BUZZER_init                           0x08001ac0   Section        0  buzzer.o(i._BUZZER_init)
    i._BUZZER_single_beep                    0x08001ba4   Section        0  buzzer.o(i._BUZZER_single_beep)
    i._LED_blink_off                         0x08001bd8   Section        0  led.o(i._LED_blink_off)
    i._LED_blink_on                          0x08001c0c   Section        0  led.o(i._LED_blink_on)
    i._LED_change_brightness                 0x08001c98   Section        0  led.o(i._LED_change_brightness)
    i._LED_change_brightness_all             0x08001dd0   Section        0  led.o(i._LED_change_brightness_all)
    i._LED_change_brightness_limit           0x08001df4   Section        0  led.o(i._LED_change_brightness_limit)
    i._LED_change_brightness_limit_list      0x08001e10   Section        0  led.o(i._LED_change_brightness_limit_list)
    i._LED_init                              0x08001e24   Section        0  led.o(i._LED_init)
    i._LED_off                               0x08001e68   Section        0  led.o(i._LED_off)
    i._LED_on                                0x08001e8c   Section        0  led.o(i._LED_on)
    i._LED_refresh                           0x08001eb0   Section        0  led.o(i._LED_refresh)
    i._LED_set                               0x08001edc   Section        0  led.o(i._LED_set)
    i._LED_set_color                         0x08001f80   Section        0  led.o(i._LED_set_color)
    i._LED_set_color_list                    0x08001ff4   Section        0  led.o(i._LED_set_color_list)
    i.led_DMA_init                           0x08002020   Section        0  led.o(i.led_DMA_init)
    i.led_bus_reset                          0x080020c0   Section        0  led.o(i.led_bus_reset)
    i.led_gpio_init                          0x08002100   Section        0  led.o(i.led_gpio_init)
    i.led_refresh_timer_init                 0x08002154   Section        0  led.o(i.led_refresh_timer_init)
    i.led_timer_init                         0x080021f8   Section        0  led.o(i.led_timer_init)
    i.led_timer_on                           0x0800225c   Section        0  led.o(i.led_timer_on)
    i.main                                   0x08002280   Section        0  main.o(i.main)
    i.menu_1_fun                             0x08002354   Section        0  menu.o(i.menu_1_fun)
    i.menu_2_fun                             0x080023a0   Section        0  menu.o(i.menu_2_fun)
    i.menu_3_fun                             0x08002400   Section        0  menu.o(i.menu_3_fun)
    i.menu_4_fun                             0x08002488   Section        0  menu.o(i.menu_4_fun)
    i.menu_5_fun                             0x0800250c   Section        0  menu.o(i.menu_5_fun)
    i.menu_6_fun                             0x0800258c   Section        0  menu.o(i.menu_6_fun)
    i.menu_7_fun                             0x08002618   Section        0  menu.o(i.menu_7_fun)
    i.reverse                                0x080026a4   Section        0  led.o(i.reverse)
    .constdata                               0x080026cc   Section       22  key.o(.constdata)
    DefaultAutoRepeatTab                     0x080026cc   Data          22  key.o(.constdata)
    .data                                    0x20000000   Section       29  system_stm32l1xx.o(.data)
    .data                                    0x2000001d   Section        6  main.o(.data)
    .data                                    0x20000024   Section       32  key.o(.data)
    keys                                     0x20000024   Data           4  key.o(.data)
    keycnt                                   0x20000028   Data           4  key.o(.data)
    keytime                                  0x2000002c   Data           4  key.o(.data)
    prevKeybSt                               0x20000030   Data           4  key.o(.data)
    arTime                                   0x20000034   Data           4  key.o(.data)
    arIndex                                  0x20000038   Data           1  key.o(.data)
    keyblock                                 0x20000039   Data           1  key.o(.data)
    _art                                     0x2000003c   Data           4  key.o(.data)
    art                                      0x20000040   Data           4  key.o(.data)
    .data                                    0x20000044   Section       40  menu.o(.data)
    .data                                    0x2000006c   Section        5  sys_tick.o(.data)
    .data                                    0x20000074   Section        8  hall.o(.data)
    .data                                    0x2000007c   Section       48  buzzer.o(.data)
    .data                                    0x200000ac   Section       43  led.o(.data)
    delay_state                              0x200000d3   Data           1  led.o(.data)
    value_local                              0x200000d4   Data           1  led.o(.data)
    value_local_bis                          0x200000d5   Data           1  led.o(.data)
    led_number_local                         0x200000d6   Data           1  led.o(.data)
    .bss                                     0x200000d8   Section      154  rfm69w.o(.bss)
    .bss                                     0x20000172   Section     1002  usart.o(.bss)
    .bss                                     0x2000055c   Section      432  buzzer.o(.bss)
    .bss                                     0x2000070c   Section      308  led.o(.bss)
    .bss                                     0x20000840   Section       96  libspace.o(.bss)
    HEAP                                     0x200008a0   Section      512  startup_stm32l1xx_md.o(HEAP)
    Heap_Mem                                 0x200008a0   Data         512  startup_stm32l1xx_md.o(HEAP)
    STACK                                    0x20000aa0   Section     1024  startup_stm32l1xx_md.o(STACK)
    Stack_Mem                                0x20000aa0   Data        1024  startup_stm32l1xx_md.o(STACK)
    __initial_sp                             0x20000ea0   Data           0  startup_stm32l1xx_md.o(STACK)

    Global Symbols

    Symbol Name                              Value     Ov Type        Size  Object(Section)

    BuildAttributes$$THM_ISAv4$P$D$K$B$S$PE$A:L22UL41UL21$X:L11$S22US41US21$IEEE1$IW$USESV6$~STKCKD$USESV7$~SHL$OTIME$ROPI$EBA8$UX$STANDARDLIB$REQ8$PRES8$EABIv2 0x00000000   Number         0  anon$$obj.o ABSOLUTE
    __ARM_use_no_argv                        0x00000000   Number         0  main.o ABSOLUTE
    __ARM_exceptions_init                     - Undefined Weak Reference
    __alloca_initialize                       - Undefined Weak Reference
    __arm_preinit_                            - Undefined Weak Reference
    __cpp_initialize__aeabi_                  - Undefined Weak Reference
    __cxa_finalize                            - Undefined Weak Reference
    __rt_locale                               - Undefined Weak Reference
    __sigvec_lookup                           - Undefined Weak Reference
    __user_heap_extent                        - Undefined Weak Reference
    _atexit_init                              - Undefined Weak Reference
    _call_atexit_fns                          - Undefined Weak Reference
    _clock_init                               - Undefined Weak Reference
    _fp_trap_init                             - Undefined Weak Reference
    _fp_trap_shutdown                         - Undefined Weak Reference
    _get_lc_collate                           - Undefined Weak Reference
    _get_lc_ctype                             - Undefined Weak Reference
    _get_lc_monetary                          - Undefined Weak Reference
    _get_lc_numeric                           - Undefined Weak Reference
    _get_lc_time                              - Undefined Weak Reference
    _getenv_init                              - Undefined Weak Reference
    _handle_redirection                       - Undefined Weak Reference
    _initio                                   - Undefined Weak Reference
    _mutex_acquire                            - Undefined Weak Reference
    _mutex_free                               - Undefined Weak Reference
    _mutex_release                            - Undefined Weak Reference
    _rand_init                                - Undefined Weak Reference
    _signal_finish                            - Undefined Weak Reference
    _signal_init                              - Undefined Weak Reference
    _terminateio                              - Undefined Weak Reference
    __Vectors_Size                           0x000000f4   Number         0  startup_stm32l1xx_md.o ABSOLUTE
    __Vectors                                0x08000000   Data           4  startup_stm32l1xx_md.o(RESET)
    __Vectors_End                            0x080000f4   Data           0  startup_stm32l1xx_md.o(RESET)
    __main                                   0x080000f5   Thumb Code     8  __main.o(!!!main)
    __scatterload                            0x080000fd   Thumb Code     0  __scatter.o(!!!scatter)
    __scatterload_rt2                        0x080000fd   Thumb Code    44  __scatter.o(!!!scatter)
    __scatterload_rt2_thumb_only             0x080000fd   Thumb Code     0  __scatter.o(!!!scatter)
    __scatterload_null                       0x0800010b   Thumb Code     0  __scatter.o(!!!scatter)
    __scatterload_copy                       0x08000131   Thumb Code    26  __scatter_copy.o(!!handler_copy)
    __scatterload_zeroinit                   0x0800014d   Thumb Code    28  __scatter_zi.o(!!handler_zi)
    __rt_lib_init                            0x08000169   Thumb Code     0  libinit.o(.ARM.Collect$$libinit$$00000000)
    __rt_lib_init_fp_1                       0x0800016b   Thumb Code     0  libinit2.o(.ARM.Collect$$libinit$$00000002)
    __rt_lib_init_heap_2                     0x0800016b   Thumb Code     0  libinit2.o(.ARM.Collect$$libinit$$00000005)
    __rt_lib_init_preinit_1                  0x0800016b   Thumb Code     0  libinit2.o(.ARM.Collect$$libinit$$00000004)
    __rt_lib_init_alloca_1                   0x08000173   Thumb Code     0  libinit2.o(.ARM.Collect$$libinit$$0000002E)
    __rt_lib_init_argv_1                     0x08000173   Thumb Code     0  libinit2.o(.ARM.Collect$$libinit$$0000002C)
    __rt_lib_init_atexit_1                   0x08000173   Thumb Code     0  libinit2.o(.ARM.Collect$$libinit$$0000001B)
    __rt_lib_init_clock_1                    0x08000173   Thumb Code     0  libinit2.o(.ARM.Collect$$libinit$$00000021)
    __rt_lib_init_cpp_1                      0x08000173   Thumb Code     0  libinit2.o(.ARM.Collect$$libinit$$00000032)
    __rt_lib_init_exceptions_1               0x08000173   Thumb Code     0  libinit2.o(.ARM.Collect$$libinit$$00000030)
    __rt_lib_init_fp_trap_1                  0x08000173   Thumb Code     0  libinit2.o(.ARM.Collect$$libinit$$0000001F)
    __rt_lib_init_getenv_1                   0x08000173   Thumb Code     0  libinit2.o(.ARM.Collect$$libinit$$00000023)
    __rt_lib_init_heap_1                     0x08000173   Thumb Code     0  libinit2.o(.ARM.Collect$$libinit$$0000000A)
    __rt_lib_init_lc_collate_1               0x08000173   Thumb Code     0  libinit2.o(.ARM.Collect$$libinit$$00000011)
    __rt_lib_init_lc_ctype_1                 0x08000173   Thumb Code     0  libinit2.o(.ARM.Collect$$libinit$$00000013)
    __rt_lib_init_lc_monetary_1              0x08000173   Thumb Code     0  libinit2.o(.ARM.Collect$$libinit$$00000015)
    __rt_lib_init_lc_numeric_1               0x08000173   Thumb Code     0  libinit2.o(.ARM.Collect$$libinit$$00000017)
    __rt_lib_init_lc_time_1                  0x08000173   Thumb Code     0  libinit2.o(.ARM.Collect$$libinit$$00000019)
    __rt_lib_init_rand_1                     0x08000173   Thumb Code     0  libinit2.o(.ARM.Collect$$libinit$$0000000E)
    __rt_lib_init_return                     0x08000173   Thumb Code     0  libinit2.o(.ARM.Collect$$libinit$$00000033)
    __rt_lib_init_signal_1                   0x08000173   Thumb Code     0  libinit2.o(.ARM.Collect$$libinit$$0000001D)
    __rt_lib_init_stdio_1                    0x08000173   Thumb Code     0  libinit2.o(.ARM.Collect$$libinit$$00000025)
    __rt_lib_init_user_alloc_1               0x08000173   Thumb Code     0  libinit2.o(.ARM.Collect$$libinit$$0000000C)
    __rt_lib_shutdown                        0x08000175   Thumb Code     0  libshutdown.o(.ARM.Collect$$libshutdown$$00000000)
    __rt_lib_shutdown_fp_trap_1              0x08000177   Thumb Code     0  libshutdown2.o(.ARM.Collect$$libshutdown$$00000006)
    __rt_lib_shutdown_heap_1                 0x08000177   Thumb Code     0  libshutdown2.o(.ARM.Collect$$libshutdown$$0000000E)
    __rt_lib_shutdown_return                 0x08000177   Thumb Code     0  libshutdown2.o(.ARM.Collect$$libshutdown$$0000000F)
    __rt_lib_shutdown_signal_1               0x08000177   Thumb Code     0  libshutdown2.o(.ARM.Collect$$libshutdown$$00000009)
    __rt_lib_shutdown_stdio_1                0x08000177   Thumb Code     0  libshutdown2.o(.ARM.Collect$$libshutdown$$00000003)
    __rt_lib_shutdown_user_alloc_1           0x08000177   Thumb Code     0  libshutdown2.o(.ARM.Collect$$libshutdown$$0000000B)
    __rt_entry                               0x08000179   Thumb Code     0  __rtentry.o(.ARM.Collect$$rtentry$$00000000)
    __rt_entry_presh_1                       0x08000179   Thumb Code     0  __rtentry2.o(.ARM.Collect$$rtentry$$00000002)
    __rt_entry_sh                            0x08000179   Thumb Code     0  __rtentry4.o(.ARM.Collect$$rtentry$$00000004)
    __rt_entry_li                            0x0800017f   Thumb Code     0  __rtentry2.o(.ARM.Collect$$rtentry$$0000000A)
    __rt_entry_postsh_1                      0x0800017f   Thumb Code     0  __rtentry2.o(.ARM.Collect$$rtentry$$00000009)
    __rt_entry_main                          0x08000183   Thumb Code     0  __rtentry2.o(.ARM.Collect$$rtentry$$0000000D)
    __rt_entry_postli_1                      0x08000183   Thumb Code     0  __rtentry2.o(.ARM.Collect$$rtentry$$0000000C)
    __rt_exit                                0x0800018b   Thumb Code     0  rtexit.o(.ARM.Collect$$rtexit$$00000000)
    __rt_exit_ls                             0x0800018d   Thumb Code     0  rtexit2.o(.ARM.Collect$$rtexit$$00000003)
    __rt_exit_prels_1                        0x0800018d   Thumb Code     0  rtexit2.o(.ARM.Collect$$rtexit$$00000002)
    __rt_exit_exit                           0x08000191   Thumb Code     0  rtexit2.o(.ARM.Collect$$rtexit$$00000004)
    Reset_Handler                            0x08000199   Thumb Code     8  startup_stm32l1xx_md.o(.text)
    _maybe_terminate_alloc                   0x08000199   Thumb Code     0  maybetermalloc1.o(.emb_text)
    NMI_Handler                              0x080001a1   Thumb Code     2  startup_stm32l1xx_md.o(.text)
    HardFault_Handler                        0x080001a3   Thumb Code     2  startup_stm32l1xx_md.o(.text)
    MemManage_Handler                        0x080001a5   Thumb Code     2  startup_stm32l1xx_md.o(.text)
    BusFault_Handler                         0x080001a7   Thumb Code     2  startup_stm32l1xx_md.o(.text)
    UsageFault_Handler                       0x080001a9   Thumb Code     2  startup_stm32l1xx_md.o(.text)
    SVC_Handler                              0x080001ab   Thumb Code     2  startup_stm32l1xx_md.o(.text)
    DebugMon_Handler                         0x080001ad   Thumb Code     2  startup_stm32l1xx_md.o(.text)
    PendSV_Handler                           0x080001af   Thumb Code     2  startup_stm32l1xx_md.o(.text)
    ADC1_IRQHandler                          0x080001b3   Thumb Code     0  startup_stm32l1xx_md.o(.text)
    COMP_IRQHandler                          0x080001b3   Thumb Code     0  startup_stm32l1xx_md.o(.text)
    DAC_IRQHandler                           0x080001b3   Thumb Code     0  startup_stm32l1xx_md.o(.text)
    DMA1_Channel1_IRQHandler                 0x080001b3   Thumb Code     0  startup_stm32l1xx_md.o(.text)
    DMA1_Channel3_IRQHandler                 0x080001b3   Thumb Code     0  startup_stm32l1xx_md.o(.text)
    DMA1_Channel4_IRQHandler                 0x080001b3   Thumb Code     0  startup_stm32l1xx_md.o(.text)
    DMA1_Channel5_IRQHandler                 0x080001b3   Thumb Code     0  startup_stm32l1xx_md.o(.text)
    DMA1_Channel6_IRQHandler                 0x080001b3   Thumb Code     0  startup_stm32l1xx_md.o(.text)
    DMA1_Channel7_IRQHandler                 0x080001b3   Thumb Code     0  startup_stm32l1xx_md.o(.text)
    EXTI0_IRQHandler                         0x080001b3   Thumb Code     0  startup_stm32l1xx_md.o(.text)
    EXTI1_IRQHandler                         0x080001b3   Thumb Code     0  startup_stm32l1xx_md.o(.text)
    EXTI2_IRQHandler                         0x080001b3   Thumb Code     0  startup_stm32l1xx_md.o(.text)
    EXTI3_IRQHandler                         0x080001b3   Thumb Code     0  startup_stm32l1xx_md.o(.text)
    EXTI4_IRQHandler                         0x080001b3   Thumb Code     0  startup_stm32l1xx_md.o(.text)
    FLASH_IRQHandler                         0x080001b3   Thumb Code     0  startup_stm32l1xx_md.o(.text)
    I2C1_ER_IRQHandler                       0x080001b3   Thumb Code     0  startup_stm32l1xx_md.o(.text)
    I2C1_EV_IRQHandler                       0x080001b3   Thumb Code     0  startup_stm32l1xx_md.o(.text)
    I2C2_ER_IRQHandler                       0x080001b3   Thumb Code     0  startup_stm32l1xx_md.o(.text)
    I2C2_EV_IRQHandler                       0x080001b3   Thumb Code     0  startup_stm32l1xx_md.o(.text)
    LCD_IRQHandler                           0x080001b3   Thumb Code     0  startup_stm32l1xx_md.o(.text)
    PVD_IRQHandler                           0x080001b3   Thumb Code     0  startup_stm32l1xx_md.o(.text)
    RCC_IRQHandler                           0x080001b3   Thumb Code     0  startup_stm32l1xx_md.o(.text)
    RTC_Alarm_IRQHandler                     0x080001b3   Thumb Code     0  startup_stm32l1xx_md.o(.text)
    RTC_WKUP_IRQHandler                      0x080001b3   Thumb Code     0  startup_stm32l1xx_md.o(.text)
    SPI2_IRQHandler                          0x080001b3   Thumb Code     0  startup_stm32l1xx_md.o(.text)
    TAMPER_STAMP_IRQHandler                  0x080001b3   Thumb Code     0  startup_stm32l1xx_md.o(.text)
    TIM11_IRQHandler                         0x080001b3   Thumb Code     0  startup_stm32l1xx_md.o(.text)
    TIM2_IRQHandler                          0x080001b3   Thumb Code     0  startup_stm32l1xx_md.o(.text)
    TIM4_IRQHandler                          0x080001b3   Thumb Code     0  startup_stm32l1xx_md.o(.text)
    TIM7_IRQHandler                          0x080001b3   Thumb Code     0  startup_stm32l1xx_md.o(.text)
    TIM9_IRQHandler                          0x080001b3   Thumb Code     0  startup_stm32l1xx_md.o(.text)
    USART2_IRQHandler                        0x080001b3   Thumb Code     0  startup_stm32l1xx_md.o(.text)
    USART3_IRQHandler                        0x080001b3   Thumb Code     0  startup_stm32l1xx_md.o(.text)
    USB_FS_WKUP_IRQHandler                   0x080001b3   Thumb Code     0  startup_stm32l1xx_md.o(.text)
    USB_HP_IRQHandler                        0x080001b3   Thumb Code     0  startup_stm32l1xx_md.o(.text)
    USB_LP_IRQHandler                        0x080001b3   Thumb Code     0  startup_stm32l1xx_md.o(.text)
    WWDG_IRQHandler                          0x080001b3   Thumb Code     0  startup_stm32l1xx_md.o(.text)
    __user_initial_stackheap                 0x080001b5   Thumb Code     0  startup_stm32l1xx_md.o(.text)
    malloc                                   0x080001d9   Thumb Code    94  h1_alloc.o(.text)
    __use_two_region_memory                  0x08000237   Thumb Code     2  heapauxi.o(.text)
    __rt_heap_escrow                         0x08000239   Thumb Code     2  heapauxi.o(.text)
    __rt_heap_expand                         0x0800023b   Thumb Code     2  heapauxi.o(.text)
    __rt_heap_descriptor                     0x0800023d   Thumb Code     8  rt_heap_descriptor_intlibspace.o(.text)
    __use_no_heap                            0x08000245   Thumb Code     2  hguard.o(.text)
    __heap$guard                             0x08000247   Thumb Code     2  hguard.o(.text)
    _terminate_user_alloc                    0x08000249   Thumb Code     2  init_alloc.o(.text)
    _init_user_alloc                         0x0800024b   Thumb Code     2  init_alloc.o(.text)
    __Heap_Full                              0x0800024d   Thumb Code    34  init_alloc.o(.text)
    __Heap_Broken                            0x0800026f   Thumb Code     6  init_alloc.o(.text)
    _init_alloc                              0x08000275   Thumb Code    94  init_alloc.o(.text)
    __Heap_Initialize                        0x080002d3   Thumb Code    10  h1_init.o(.text)
    __Heap_DescSize                          0x080002dd   Thumb Code     4  h1_init.o(.text)
    free                                     0x080002e1   Thumb Code    78  h1_free.o(.text)
    __user_libspace                          0x08000331   Thumb Code     8  libspace.o(.text)
    __user_perproc_libspace                  0x08000331   Thumb Code     0  libspace.o(.text)
    __user_perthread_libspace                0x08000331   Thumb Code     0  libspace.o(.text)
    __Heap_ProvideMemory                     0x08000339   Thumb Code    52  h1_extend.o(.text)
    __rt_SIGRTMEM                            0x0800036d   Thumb Code    14  defsig_rtmem_outer.o(.text)
    __I$use$semihosting                      0x0800037b   Thumb Code     0  use_no_semi.o(.text)
    __use_no_semihosting_swi                 0x0800037b   Thumb Code     2  use_no_semi.o(.text)
    __semihosting_library_function           0x0800037d   Thumb Code     0  indicate_semi.o(.text)
    __user_setup_stackheap                   0x0800037d   Thumb Code    74  sys_stackheap_outer.o(.text)
    exit                                     0x080003c7   Thumb Code    12  exit.o(.text)
    __sig_exit                               0x080003d3   Thumb Code    10  defsig_exit.o(.text)
    __rt_SIGRTMEM_inner                      0x080003dd   Thumb Code    22  defsig_rtmem_inner.o(.text)
    _sys_exit                                0x0800042d   Thumb Code     8  sys_exit.o(.text)
    __default_signal_display                 0x08000439   Thumb Code    50  defsig_general.o(.text)
    _ttywrch                                 0x0800046b   Thumb Code    14  sys_wrch.o(.text)
    BUZZER_GPIO_init                         0x08000479   Thumb Code    62  buzzer.o(i.BUZZER_GPIO_init)
    BUZZER_PWM_init                          0x080004c1   Thumb Code   124  buzzer.o(i.BUZZER_PWM_init)
    BUZZER_reset_timer                       0x08000545   Thumb Code    70  buzzer.o(i.BUZZER_reset_timer)
    ClrKeyb                                  0x08000599   Thumb Code    50  key.o(i.ClrKeyb)
    DAC_GPIO_init                            0x080005ed   Thumb Code    36  buzzer.o(i.DAC_GPIO_init)
    DAC_LOGIC_init                           0x08000619   Thumb Code    46  buzzer.o(i.DAC_LOGIC_init)
    DMA1_Channel2_IRQHandler                 0x08000651   Thumb Code    56  led.o(i.DMA1_Channel2_IRQHandler)
    EEPROM_32_read                           0x08000691   Thumb Code    10  eeprom.o(i.EEPROM_32_read)
    EEPROM_32_write                          0x080006a1   Thumb Code    62  eeprom.o(i.EEPROM_32_write)
    EEPROM_unlock                            0x080006e9   Thumb Code    28  eeprom.o(i.EEPROM_unlock)
    EXTI15_10_IRQHandler                     0x08000711   Thumb Code    84  rfm69w.o(i.EXTI15_10_IRQHandler)
    EXTI9_5_IRQHandler                       0x0800076d   Thumb Code   140  hall.o(i.EXTI9_5_IRQHandler)
    GPIO_config                              0x08000805   Thumb Code   402  system_stm32l1xx.o(i.GPIO_config)
    GetKeybSample                            0x080009a9   Thumb Code    34  key.o(i.GetKeybSample)
    GetKeys                                  0x080009d1   Thumb Code    26  key.o(i.GetKeys)
    HALL_init                                0x080009f5   Thumb Code   160  hall.o(i.HALL_init)
    KEY_init                                 0x08000aa5   Thumb Code    76  key.o(i.KEY_init)
    KeybProc                                 0x08000af5   Thumb Code   138  key.o(i.KeybProc)
    LED_set_values                           0x08000ba5   Thumb Code    32  led.o(i.LED_set_values)
    MENU_init                                0x08000bc9   Thumb Code   326  menu.o(i.MENU_init)
    RFM69W_SPI_send_8poll                    0x08000da9   Thumb Code    78  rfm69w.o(i.RFM69W_SPI_send_8poll)
    RFM69W_SPI_send_poll                     0x08000dfd   Thumb Code   282  rfm69w.o(i.RFM69W_SPI_send_poll)
    RFM69W_SPI_set_bit                       0x08000f21   Thumb Code    32  rfm69w.o(i.RFM69W_SPI_set_bit)
    RFM69W_interruptHandler                  0x08000f41   Thumb Code   194  rfm69w.o(i.RFM69W_interruptHandler)
    RFM69W_listenModeOFF                     0x08001011   Thumb Code    54  rfm69w.o(i.RFM69W_listenModeOFF)
    RFM69W_listenModeON                      0x08001047   Thumb Code    20  rfm69w.o(i.RFM69W_listenModeON)
    RFM69W_readRSSI                          0x0800105b   Thumb Code    56  rfm69w.o(i.RFM69W_readRSSI)
    RFM69W_receiveBegin                      0x08001095   Thumb Code    60  rfm69w.o(i.RFM69W_receiveBegin)
    RFM69W_sendACK                           0x080010d5   Thumb Code    48  rfm69w.o(i.RFM69W_sendACK)
    RFM69W_sendFrame                         0x08001109   Thumb Code   228  rfm69w.o(i.RFM69W_sendFrame)
    RFM69W_setMap                            0x080011fd   Thumb Code   204  rfm69w.o(i.RFM69W_setMap)
    RFM69W_setMode                           0x080012c9   Thumb Code   184  rfm69w.o(i.RFM69W_setMode)
    SPI1_IRQHandler                          0x08001385   Thumb Code   206  rfm69w.o(i.SPI1_IRQHandler)
    SYS_TICK_init                            0x08001461   Thumb Code    70  sys_tick.o(i.SYS_TICK_init)
    SYS_TICK_timeOut                         0x080014b1   Thumb Code    46  sys_tick.o(i.SYS_TICK_timeOut)
    SysTick_Handler                          0x080015f5   Thumb Code    42  sys_tick.o(i.SysTick_Handler)
    SystemInit                               0x08001629   Thumb Code    88  system_stm32l1xx.o(i.SystemInit)
    TIM10_IRQHandler                         0x08001691   Thumb Code    30  led.o(i.TIM10_IRQHandler)
    TIM3_IRQHandler                          0x080016b9   Thumb Code   556  buzzer.o(i.TIM3_IRQHandler)
    TIM6_IRQHandler                          0x080018fd   Thumb Code    24  hall.o(i.TIM6_IRQHandler)
    USART1_IRQHandler                        0x08001919   Thumb Code    94  usart.o(i.USART1_IRQHandler)
    USART_init                               0x08001981   Thumb Code   104  usart.o(i.USART_init)
    _BUZZER_alarm_set_tempo_list             0x080019f5   Thumb Code    20  buzzer.o(i._BUZZER_alarm_set_tempo_list)
    _BUZZER_alarm_set_tone_list              0x08001a11   Thumb Code    32  buzzer.o(i._BUZZER_alarm_set_tone_list)
    _BUZZER_alarm_set_vol_list               0x08001a39   Thumb Code    18  buzzer.o(i._BUZZER_alarm_set_vol_list)
    _BUZZER_alarm_start                      0x08001a59   Thumb Code    76  buzzer.o(i._BUZZER_alarm_start)
    _BUZZER_alarm_stop                       0x08001ab9   Thumb Code     8  buzzer.o(i._BUZZER_alarm_stop)
    _BUZZER_init                             0x08001ac1   Thumb Code   202  buzzer.o(i._BUZZER_init)
    _BUZZER_single_beep                      0x08001ba5   Thumb Code    34  buzzer.o(i._BUZZER_single_beep)
    _LED_blink_off                           0x08001bd9   Thumb Code    34  led.o(i._LED_blink_off)
    _LED_blink_on                            0x08001c0d   Thumb Code   122  led.o(i._LED_blink_on)
    _LED_change_brightness                   0x08001c99   Thumb Code   304  led.o(i._LED_change_brightness)
    _LED_change_brightness_all               0x08001dd1   Thumb Code    34  led.o(i._LED_change_brightness_all)
    _LED_change_brightness_limit             0x08001df5   Thumb Code    22  led.o(i._LED_change_brightness_limit)
    _LED_change_brightness_limit_list        0x08001e11   Thumb Code    14  led.o(i._LED_change_brightness_limit_list)
    _LED_init                                0x08001e25   Thumb Code    54  led.o(i._LED_init)
    _LED_off                                 0x08001e69   Thumb Code    30  led.o(i._LED_off)
    _LED_on                                  0x08001e8d   Thumb Code    32  led.o(i._LED_on)
    _LED_refresh                             0x08001eb1   Thumb Code    34  led.o(i._LED_refresh)
    _LED_set                                 0x08001edd   Thumb Code   152  led.o(i._LED_set)
    _LED_set_color                           0x08001f81   Thumb Code   110  led.o(i._LED_set_color)
    _LED_set_color_list                      0x08001ff5   Thumb Code    38  led.o(i._LED_set_color_list)
    led_DMA_init                             0x08002021   Thumb Code   138  led.o(i.led_DMA_init)
    led_bus_reset                            0x080020c1   Thumb Code    54  led.o(i.led_bus_reset)
    led_gpio_init                            0x08002101   Thumb Code    74  led.o(i.led_gpio_init)
    led_refresh_timer_init                   0x08002155   Thumb Code   152  led.o(i.led_refresh_timer_init)
    led_timer_init                           0x080021f9   Thumb Code    96  led.o(i.led_timer_init)
    led_timer_on                             0x0800225d   Thumb Code    32  led.o(i.led_timer_on)
    main                                     0x08002281   Thumb Code   194  main.o(i.main)
    menu_1_fun                               0x08002355   Thumb Code    68  menu.o(i.menu_1_fun)
    menu_2_fun                               0x080023a1   Thumb Code    88  menu.o(i.menu_2_fun)
    menu_3_fun                               0x08002401   Thumb Code   128  menu.o(i.menu_3_fun)
    menu_4_fun                               0x08002489   Thumb Code   122  menu.o(i.menu_4_fun)
    menu_5_fun                               0x0800250d   Thumb Code   118  menu.o(i.menu_5_fun)
    menu_6_fun                               0x0800258d   Thumb Code   130  menu.o(i.menu_6_fun)
    menu_7_fun                               0x08002619   Thumb Code   132  menu.o(i.menu_7_fun)
    reverse                                  0x080026a5   Thumb Code    40  led.o(i.reverse)
    Region$$Table$$Base                      0x080026e4   Number         0  anon$$obj.o(Region$$Table)
    Region$$Table$$Limit                     0x08002704   Number         0  anon$$obj.o(Region$$Table)
    SystemCoreClock                          0x20000000   Data           4  system_stm32l1xx.o(.data)
    PLLMulTable                              0x20000004   Data           9  system_stm32l1xx.o(.data)
    AHBPrescTable                            0x2000000d   Data          16  system_stm32l1xx.o(.data)
    System                                   0x2000001d   Data           6  main.o(.data)
    _1_menu                                  0x20000044   Data           4  menu.o(.data)
    _2_menu                                  0x20000048   Data           4  menu.o(.data)
    _3_menu                                  0x2000004c   Data           4  menu.o(.data)
    _4_menu                                  0x20000050   Data           4  menu.o(.data)
    _5_menu                                  0x20000054   Data           4  menu.o(.data)
    _6_menu                                  0x20000058   Data           4  menu.o(.data)
    _7_menu                                  0x2000005c   Data           4  menu.o(.data)
    _8_menu                                  0x20000060   Data           4  menu.o(.data)
    _9_menu                                  0x20000064   Data           4  menu.o(.data)
    _actual                                  0x20000068   Data           4  menu.o(.data)
    _milis                                   0x2000006c   Data           4  sys_tick.o(.data)
    _cnt                                     0x20000070   Data           1  sys_tick.o(.data)
    HALL_Data                                0x20000074   Data           8  hall.o(.data)
    beep                                     0x2000007c   Data           8  buzzer.o(.data)
    BUZZER_mode                              0x20000084   Data           1  buzzer.o(.data)
    BUZZER_AlarmTones                        0x20000085   Data          12  buzzer.o(.data)
    BUZZER_AlarmVols                         0x20000091   Data           6  buzzer.o(.data)
    BUZZER_AlarmTempos                       0x20000098   Data          20  buzzer.o(.data)
    i                                        0x200000ac   Data           1  led.o(.data)
    led_blink_led_state                      0x200000b0   Data           4  led.o(.data)
    led_blink_status                         0x200000b4   Data           1  led.o(.data)
    led_brightness_coeff                     0x200000b5   Data           1  led.o(.data)
    animate_mode                             0x200000b6   Data           2  led.o(.data)
    led_colors                               0x200000b8   Data          18  led.o(.data)
    led_brightness                           0x200000ca   Data           7  led.o(.data)
    _LED_dma_flag                            0x200000d1   Data           1  led.o(.data)
    _LED_refresh_flag                        0x200000d2   Data           1  led.o(.data)
    RFM69W_FIFO                              0x200000d8   Data          82  rfm69w.o(.bss)
    RFM69W_Data                              0x2000012a   Data          72  rfm69w.o(.bss)
    USART_FIFO                               0x20000172   Data        1002  usart.o(.bss)
    music                                    0x2000055c   Data         422  buzzer.o(.bss)
    alarm                                    0x20000702   Data          10  buzzer.o(.bss)
    temp_value                               0x2000070c   Data          48  led.o(.bss)
    led                                      0x2000073c   Data         240  led.o(.bss)
    led_state                                0x2000082c   Data          20  led.o(.bss)
    __libspace_start                         0x20000840   Data          96  libspace.o(.bss)
    __temporary_stack_top$libspace           0x200008a0   Data           0  libspace.o(.bss)



==============================================================================

Memory Map of the image

  Image Entry point : 0x08000199

  Load Region LR_1 (Base: 0x08000000, Size: 0x000027dc, Max: 0xffffffff, ABSOLUTE)

    Execution Region ER_RO (Base: 0x08000000, Size: 0x00002704, Max: 0xffffffff, ABSOLUTE)

    Base Addr    Size         Type   Attr      Idx    E Section Name        Object

    0x08000000   0x000000f4   Data   RO            3    RESET               startup_stm32l1xx_md.o
    0x080000f4   0x00000008   Code   RO         1243  * !!!main             c_w.l(__main.o)
    0x080000fc   0x00000034   Code   RO         1478    !!!scatter          c_w.l(__scatter.o)
    0x08000130   0x0000001a   Code   RO         1480    !!handler_copy      c_w.l(__scatter_copy.o)
    0x0800014a   0x00000002   PAD
    0x0800014c   0x0000001c   Code   RO         1482    !!handler_zi        c_w.l(__scatter_zi.o)
    0x08000168   0x00000002   Code   RO         1418    .ARM.Collect$$libinit$$00000000  c_w.l(libinit.o)
    0x0800016a   0x00000000   Code   RO         1304    .ARM.Collect$$libinit$$00000002  c_w.l(libinit2.o)
    0x0800016a   0x00000000   Code   RO         1306    .ARM.Collect$$libinit$$00000004  c_w.l(libinit2.o)
    0x0800016a   0x00000008   Code   RO         1307    .ARM.Collect$$libinit$$00000005  c_w.l(libinit2.o)
    0x08000172   0x00000000   Code   RO         1309    .ARM.Collect$$libinit$$0000000A  c_w.l(libinit2.o)
    0x08000172   0x00000000   Code   RO         1311    .ARM.Collect$$libinit$$0000000C  c_w.l(libinit2.o)
    0x08000172   0x00000000   Code   RO         1313    .ARM.Collect$$libinit$$0000000E  c_w.l(libinit2.o)
    0x08000172   0x00000000   Code   RO         1316    .ARM.Collect$$libinit$$00000011  c_w.l(libinit2.o)
    0x08000172   0x00000000   Code   RO         1318    .ARM.Collect$$libinit$$00000013  c_w.l(libinit2.o)
    0x08000172   0x00000000   Code   RO         1320    .ARM.Collect$$libinit$$00000015  c_w.l(libinit2.o)
    0x08000172   0x00000000   Code   RO         1322    .ARM.Collect$$libinit$$00000017  c_w.l(libinit2.o)
    0x08000172   0x00000000   Code   RO         1324    .ARM.Collect$$libinit$$00000019  c_w.l(libinit2.o)
    0x08000172   0x00000000   Code   RO         1326    .ARM.Collect$$libinit$$0000001B  c_w.l(libinit2.o)
    0x08000172   0x00000000   Code   RO         1328    .ARM.Collect$$libinit$$0000001D  c_w.l(libinit2.o)
    0x08000172   0x00000000   Code   RO         1330    .ARM.Collect$$libinit$$0000001F  c_w.l(libinit2.o)
    0x08000172   0x00000000   Code   RO         1332    .ARM.Collect$$libinit$$00000021  c_w.l(libinit2.o)
    0x08000172   0x00000000   Code   RO         1334    .ARM.Collect$$libinit$$00000023  c_w.l(libinit2.o)
    0x08000172   0x00000000   Code   RO         1336    .ARM.Collect$$libinit$$00000025  c_w.l(libinit2.o)
    0x08000172   0x00000000   Code   RO         1340    .ARM.Collect$$libinit$$0000002C  c_w.l(libinit2.o)
    0x08000172   0x00000000   Code   RO         1342    .ARM.Collect$$libinit$$0000002E  c_w.l(libinit2.o)
    0x08000172   0x00000000   Code   RO         1344    .ARM.Collect$$libinit$$00000030  c_w.l(libinit2.o)
    0x08000172   0x00000000   Code   RO         1346    .ARM.Collect$$libinit$$00000032  c_w.l(libinit2.o)
    0x08000172   0x00000002   Code   RO         1347    .ARM.Collect$$libinit$$00000033  c_w.l(libinit2.o)
    0x08000174   0x00000002   Code   RO         1475    .ARM.Collect$$libshutdown$$00000000  c_w.l(libshutdown.o)
    0x08000176   0x00000000   Code   RO         1433    .ARM.Collect$$libshutdown$$00000003  c_w.l(libshutdown2.o)
    0x08000176   0x00000000   Code   RO         1436    .ARM.Collect$$libshutdown$$00000006  c_w.l(libshutdown2.o)
    0x08000176   0x00000000   Code   RO         1439    .ARM.Collect$$libshutdown$$00000009  c_w.l(libshutdown2.o)
    0x08000176   0x00000000   Code   RO         1441    .ARM.Collect$$libshutdown$$0000000B  c_w.l(libshutdown2.o)
    0x08000176   0x00000000   Code   RO         1444    .ARM.Collect$$libshutdown$$0000000E  c_w.l(libshutdown2.o)
    0x08000176   0x00000002   Code   RO         1445    .ARM.Collect$$libshutdown$$0000000F  c_w.l(libshutdown2.o)
    0x08000178   0x00000000   Code   RO         1267    .ARM.Collect$$rtentry$$00000000  c_w.l(__rtentry.o)
    0x08000178   0x00000000   Code   RO         1361    .ARM.Collect$$rtentry$$00000002  c_w.l(__rtentry2.o)
    0x08000178   0x00000006   Code   RO         1373    .ARM.Collect$$rtentry$$00000004  c_w.l(__rtentry4.o)
    0x0800017e   0x00000000   Code   RO         1363    .ARM.Collect$$rtentry$$00000009  c_w.l(__rtentry2.o)
    0x0800017e   0x00000004   Code   RO         1364    .ARM.Collect$$rtentry$$0000000A  c_w.l(__rtentry2.o)
    0x08000182   0x00000000   Code   RO         1366    .ARM.Collect$$rtentry$$0000000C  c_w.l(__rtentry2.o)
    0x08000182   0x00000008   Code   RO         1367    .ARM.Collect$$rtentry$$0000000D  c_w.l(__rtentry2.o)
    0x0800018a   0x00000002   Code   RO         1421    .ARM.Collect$$rtexit$$00000000  c_w.l(rtexit.o)
    0x0800018c   0x00000000   Code   RO         1449    .ARM.Collect$$rtexit$$00000002  c_w.l(rtexit2.o)
    0x0800018c   0x00000004   Code   RO         1450    .ARM.Collect$$rtexit$$00000003  c_w.l(rtexit2.o)
    0x08000190   0x00000006   Code   RO         1451    .ARM.Collect$$rtexit$$00000004  c_w.l(rtexit2.o)
    0x08000196   0x00000002   PAD
    0x08000198   0x00000000   Code   RO         1377    .emb_text           c_w.l(maybetermalloc1.o)
    0x08000198   0x00000040   Code   RO            4  * .text               startup_stm32l1xx_md.o
    0x080001d8   0x0000005e   Code   RO         1187    .text               c_w.l(h1_alloc.o)
    0x08000236   0x00000006   Code   RO         1241    .text               c_w.l(heapauxi.o)
    0x0800023c   0x00000008   Code   RO         1271    .text               c_w.l(rt_heap_descriptor_intlibspace.o)
    0x08000244   0x00000004   Code   RO         1273    .text               c_w.l(hguard.o)
    0x08000248   0x0000008a   Code   RO         1275    .text               c_w.l(init_alloc.o)
    0x080002d2   0x0000000e   Code   RO         1281    .text               c_w.l(h1_init.o)
    0x080002e0   0x0000004e   Code   RO         1283    .text               c_w.l(h1_free.o)
    0x0800032e   0x00000002   PAD
    0x08000330   0x00000008   Code   RO         1357    .text               c_w.l(libspace.o)
    0x08000338   0x00000034   Code   RO         1379    .text               c_w.l(h1_extend.o)
    0x0800036c   0x0000000e   Code   RO         1383    .text               c_w.l(defsig_rtmem_outer.o)
    0x0800037a   0x00000002   Code   RO         1394    .text               c_w.l(use_no_semi.o)
    0x0800037c   0x00000000   Code   RO         1396    .text               c_w.l(indicate_semi.o)
    0x0800037c   0x0000004a   Code   RO         1397    .text               c_w.l(sys_stackheap_outer.o)
    0x080003c6   0x0000000c   Code   RO         1403    .text               c_w.l(exit.o)
    0x080003d2   0x0000000a   Code   RO         1405    .text               c_w.l(defsig_exit.o)
    0x080003dc   0x00000050   Code   RO         1407    .text               c_w.l(defsig_rtmem_inner.o)
    0x0800042c   0x0000000c   Code   RO         1419    .text               c_w.l(sys_exit.o)
    0x08000438   0x00000032   Code   RO         1429    .text               c_w.l(defsig_general.o)
    0x0800046a   0x0000000e   Code   RO         1446    .text               c_w.l(sys_wrch.o)
    0x08000478   0x00000048   Code   RO          856    i.BUZZER_GPIO_init  buzzer.o
    0x080004c0   0x00000084   Code   RO          857    i.BUZZER_PWM_init   buzzer.o
    0x08000544   0x00000054   Code   RO          858    i.BUZZER_reset_timer  buzzer.o
    0x08000598   0x00000054   Code   RO          526    i.ClrKeyb           key.o
    0x080005ec   0x0000002c   Code   RO          859    i.DAC_GPIO_init     buzzer.o
    0x08000618   0x00000038   Code   RO          860    i.DAC_LOGIC_init    buzzer.o
    0x08000650   0x00000040   Code   RO          981    i.DMA1_Channel2_IRQHandler  led.o
    0x08000690   0x00000010   Code   RO           82    i.EEPROM_32_read    eeprom.o
    0x080006a0   0x00000048   Code   RO           83    i.EEPROM_32_write   eeprom.o
    0x080006e8   0x00000028   Code   RO           93    i.EEPROM_unlock     eeprom.o
    0x08000710   0x0000005c   Code   RO          272    i.EXTI15_10_IRQHandler  rfm69w.o
    0x0800076c   0x00000098   Code   RO          800    i.EXTI9_5_IRQHandler  hall.o
    0x08000804   0x000001a4   Code   RO           13    i.GPIO_config       system_stm32l1xx.o
    0x080009a8   0x00000028   Code   RO          527    i.GetKeybSample     key.o
    0x080009d0   0x00000024   Code   RO          528    i.GetKeys           key.o
    0x080009f4   0x000000b0   Code   RO          801    i.HALL_init         hall.o
    0x08000aa4   0x00000050   Code   RO          531    i.KEY_init          key.o
    0x08000af4   0x000000b0   Code   RO          533    i.KeybProc          key.o
    0x08000ba4   0x00000024   Code   RO          982    i.LED_set_values    led.o
    0x08000bc8   0x0000018c   Code   RO          607    i.MENU_init         menu.o
    0x08000d54   0x00000016   Code   RO          802    i.NVIC_EnableIRQ    hall.o
    0x08000d6a   0x00000016   Code   RO          983    i.NVIC_EnableIRQ    led.o
    0x08000d80   0x00000028   Code   RO          803    i.NVIC_SetPriority  hall.o
    0x08000da8   0x00000054   Code   RO          279    i.RFM69W_SPI_send_8poll  rfm69w.o
    0x08000dfc   0x00000124   Code   RO          280    i.RFM69W_SPI_send_poll  rfm69w.o
    0x08000f20   0x00000020   Code   RO          281    i.RFM69W_SPI_set_bit  rfm69w.o
    0x08000f40   0x000000d0   Code   RO          286    i.RFM69W_interruptHandler  rfm69w.o
    0x08001010   0x00000036   Code   RO          287    i.RFM69W_listenModeOFF  rfm69w.o
    0x08001046   0x00000014   Code   RO          288    i.RFM69W_listenModeON  rfm69w.o
    0x0800105a   0x00000038   Code   RO          290    i.RFM69W_readRSSI   rfm69w.o
    0x08001092   0x00000002   PAD
    0x08001094   0x00000040   Code   RO          291    i.RFM69W_receiveBegin  rfm69w.o
    0x080010d4   0x00000034   Code   RO          294    i.RFM69W_sendACK    rfm69w.o
    0x08001108   0x000000f4   Code   RO          295    i.RFM69W_sendFrame  rfm69w.o
    0x080011fc   0x000000cc   Code   RO          297    i.RFM69W_setMap     rfm69w.o
    0x080012c8   0x000000bc   Code   RO          298    i.RFM69W_setMode    rfm69w.o
    0x08001384   0x000000dc   Code   RO          299    i.SPI1_IRQHandler   rfm69w.o
    0x08001460   0x00000050   Code   RO          757    i.SYS_TICK_init     sys_tick.o
    0x080014b0   0x00000034   Code   RO          758    i.SYS_TICK_timeOut  sys_tick.o
    0x080014e4   0x00000110   Code   RO           14    i.SetSysClock       system_stm32l1xx.o
    0x080015f4   0x00000034   Code   RO          759    i.SysTick_Handler   sys_tick.o
    0x08001628   0x00000068   Code   RO           16    i.SystemInit        system_stm32l1xx.o
    0x08001690   0x00000028   Code   RO          984    i.TIM10_IRQHandler  led.o
    0x080016b8   0x00000244   Code   RO          861    i.TIM3_IRQHandler   buzzer.o
    0x080018fc   0x0000001c   Code   RO          804    i.TIM6_IRQHandler   hall.o
    0x08001918   0x00000068   Code   RO          469    i.USART1_IRQHandler  usart.o
    0x08001980   0x00000074   Code   RO          470    i.USART_init        usart.o
    0x080019f4   0x0000001c   Code   RO          862    i._BUZZER_alarm_set_tempo_list  buzzer.o
    0x08001a10   0x00000028   Code   RO          863    i._BUZZER_alarm_set_tone_list  buzzer.o
    0x08001a38   0x00000020   Code   RO          864    i._BUZZER_alarm_set_vol_list  buzzer.o
    0x08001a58   0x00000060   Code   RO          865    i._BUZZER_alarm_start  buzzer.o
    0x08001ab8   0x00000008   Code   RO          866    i._BUZZER_alarm_stop  buzzer.o
    0x08001ac0   0x000000e4   Code   RO          868    i._BUZZER_init      buzzer.o
    0x08001ba4   0x00000034   Code   RO          871    i._BUZZER_single_beep  buzzer.o
    0x08001bd8   0x00000034   Code   RO          986    i._LED_blink_off    led.o
    0x08001c0c   0x0000008c   Code   RO          987    i._LED_blink_on     led.o
    0x08001c98   0x00000138   Code   RO          988    i._LED_change_brightness  led.o
    0x08001dd0   0x00000022   Code   RO          989    i._LED_change_brightness_all  led.o
    0x08001df2   0x00000002   PAD
    0x08001df4   0x0000001c   Code   RO          991    i._LED_change_brightness_limit  led.o
    0x08001e10   0x00000014   Code   RO          992    i._LED_change_brightness_limit_list  led.o
    0x08001e24   0x00000044   Code   RO          996    i._LED_init         led.o
    0x08001e68   0x00000024   Code   RO          997    i._LED_off          led.o
    0x08001e8c   0x00000024   Code   RO          998    i._LED_on           led.o
    0x08001eb0   0x0000002c   Code   RO          999    i._LED_refresh      led.o
    0x08001edc   0x000000a4   Code   RO         1000    i._LED_set          led.o
    0x08001f80   0x00000074   Code   RO         1001    i._LED_set_color    led.o
    0x08001ff4   0x0000002c   Code   RO         1002    i._LED_set_color_list  led.o
    0x08002020   0x000000a0   Code   RO         1003    i.led_DMA_init      led.o
    0x080020c0   0x00000040   Code   RO         1004    i.led_bus_reset     led.o
    0x08002100   0x00000054   Code   RO         1005    i.led_gpio_init     led.o
    0x08002154   0x000000a4   Code   RO         1006    i.led_refresh_timer_init  led.o
    0x080021f8   0x00000064   Code   RO         1007    i.led_timer_init    led.o
    0x0800225c   0x00000024   Code   RO         1008    i.led_timer_on      led.o
    0x08002280   0x000000d4   Code   RO          211    i.main              main.o
    0x08002354   0x0000004c   Code   RO          608    i.menu_1_fun        menu.o
    0x080023a0   0x00000060   Code   RO          609    i.menu_2_fun        menu.o
    0x08002400   0x00000088   Code   RO          610    i.menu_3_fun        menu.o
    0x08002488   0x00000084   Code   RO          611    i.menu_4_fun        menu.o
    0x0800250c   0x00000080   Code   RO          612    i.menu_5_fun        menu.o
    0x0800258c   0x0000008c   Code   RO          613    i.menu_6_fun        menu.o
    0x08002618   0x0000008c   Code   RO          614    i.menu_7_fun        menu.o
    0x080026a4   0x00000028   Code   RO         1009    i.reverse           led.o
    0x080026cc   0x00000016   Data   RO          536    .constdata          key.o
    0x080026e2   0x00000002   PAD
    0x080026e4   0x00000020   Data   RO         1476    Region$$Table       anon$$obj.o


    Execution Region ER_RW (Base: 0x20000000, Size: 0x000000d8, Max: 0xffffffff, ABSOLUTE)

    Base Addr    Size         Type   Attr      Idx    E Section Name        Object

    0x20000000   0x0000001d   Data   RW           17    .data               system_stm32l1xx.o
    0x2000001d   0x00000006   Data   RW          212    .data               main.o
    0x20000023   0x00000001   PAD
    0x20000024   0x00000020   Data   RW          537    .data               key.o
    0x20000044   0x00000028   Data   RW          617    .data               menu.o
    0x2000006c   0x00000005   Data   RW          760    .data               sys_tick.o
    0x20000071   0x00000003   PAD
    0x20000074   0x00000008   Data   RW          805    .data               hall.o
    0x2000007c   0x00000030   Data   RW          873    .data               buzzer.o
    0x200000ac   0x0000002b   Data   RW         1012    .data               led.o


    Execution Region ER_ZI (Base: 0x200000d8, Size: 0x00000dc8, Max: 0xffffffff, ABSOLUTE)

    Base Addr    Size         Type   Attr      Idx    E Section Name        Object

    0x200000d8   0x0000009a   Zero   RW          300    .bss                rfm69w.o
    0x20000172   0x000003ea   Zero   RW          475    .bss                usart.o
    0x2000055c   0x000001b0   Zero   RW          872    .bss                buzzer.o
    0x2000070c   0x00000134   Zero   RW         1011    .bss                led.o
    0x20000840   0x00000060   Zero   RW         1358    .bss                c_w.l(libspace.o)
    0x200008a0   0x00000200   Zero   RW            2    HEAP                startup_stm32l1xx_md.o
    0x20000aa0   0x00000400   Zero   RW            1    STACK               startup_stm32l1xx_md.o


==============================================================================

Image component sizes


      Code (inc. data)   RO Data    RW Data    ZI Data      Debug   Object Name

      1452        168          0         48        432      30979   buzzer.o
       128         28          0          0          0     175903   eeprom.o
       418         40          0          8          0      26118   hall.o
       416         92         22         32          0       2950   key.o
      1904        198          0         43        308      13270   led.o
       212         18          0          6          0       1336   main.o
      1244        132          0         40          0       5121   menu.o
      1810         92          0          0        154       9243   rfm69w.o
        64         26        244          0       1536        792   startup_stm32l1xx_md.o
       184         26          0          5          0      25318   sys_tick.o
       796         48          0         29          0     181143   system_stm32l1xx.o
       220         22          0          0       1002       1458   usart.o

    ----------------------------------------------------------------------
      8852        890        300        216       3432     473631   Object Totals
         0          0         32          0          0          0   (incl. Generated)
         4          0          2          5          0          0   (incl. Padding)

    ----------------------------------------------------------------------

      Code (inc. data)   RO Data    RW Data    ZI Data      Debug   Library Member Name

         8          0          0          0          0         68   __main.o
         0          0          0          0          0          0   __rtentry.o
        12          0          0          0          0          0   __rtentry2.o
         6          0          0          0          0          0   __rtentry4.o
        52          8          0          0          0          0   __scatter.o
        26          0          0          0          0          0   __scatter_copy.o
        28          0          0          0          0          0   __scatter_zi.o
        10          0          0          0          0         68   defsig_exit.o
        50          0          0          0          0         88   defsig_general.o
        80         58          0          0          0         76   defsig_rtmem_inner.o
        14          0          0          0          0         80   defsig_rtmem_outer.o
        12          0          0          0          0         72   exit.o
        94          0          0          0          0         80   h1_alloc.o
        52          0          0          0          0         68   h1_extend.o
        78          0          0          0          0         80   h1_free.o
        14          0          0          0          0         84   h1_init.o
         6          0          0          0          0        152   heapauxi.o
         4          0          0          0          0        136   hguard.o
         0          0          0          0          0          0   indicate_semi.o
       138          0          0          0          0        168   init_alloc.o
         2          0          0          0          0          0   libinit.o
        10          0          0          0          0          0   libinit2.o
         2          0          0          0          0          0   libshutdown.o
         2          0          0          0          0          0   libshutdown2.o
         8          4          0          0         96         68   libspace.o
         0          0          0          0          0          0   maybetermalloc1.o
         8          4          0          0          0         68   rt_heap_descriptor_intlibspace.o
         2          0          0          0          0          0   rtexit.o
        10          0          0          0          0          0   rtexit2.o
        12          4          0          0          0         68   sys_exit.o
        74          0          0          0          0         80   sys_stackheap_outer.o
        14          0          0          0          0         76   sys_wrch.o
         2          0          0          0          0         68   use_no_semi.o

    ----------------------------------------------------------------------
       836         78          0          0         96       1648   Library Totals
         6          0          0          0          0          0   (incl. Padding)

    ----------------------------------------------------------------------

      Code (inc. data)   RO Data    RW Data    ZI Data      Debug   Library Name

       830         78          0          0         96       1648   c_w.l

    ----------------------------------------------------------------------
       836         78          0          0         96       1648   Library Totals

    ----------------------------------------------------------------------

==============================================================================


      Code (inc. data)   RO Data    RW Data    ZI Data      Debug   

      9688        968        300        216       3528     470387   Grand Totals
      9688        968        300        216       3528     470387   ELF Image Totals
      9688        968        300        216          0          0   ROM Totals

==============================================================================

    Total RO  Size (Code + RO Data)                 9988 (   9.75kB)
    Total RW  Size (RW Data + ZI Data)              3744 (   3.66kB)
    Total ROM Size (Code + RO Data + RW Data)      10204 (   9.96kB)

==============================================================================

