Component: ARM Compiler 5.05 update 2 (build 169) Tool: armlink [4d0f33]

==============================================================================

Section Cross References

    startup_stm32l1xx_md.o(STACK) refers (Special) to heapauxi.o(.text) for __use_two_region_memory
    startup_stm32l1xx_md.o(HEAP) refers (Special) to heapauxi.o(.text) for __use_two_region_memory
    startup_stm32l1xx_md.o(RESET) refers (Special) to heapauxi.o(.text) for __use_two_region_memory
    startup_stm32l1xx_md.o(RESET) refers to startup_stm32l1xx_md.o(STACK) for __initial_sp
    startup_stm32l1xx_md.o(RESET) refers to startup_stm32l1xx_md.o(.text) for Reset_Handler
    startup_stm32l1xx_md.o(RESET) refers to sys_tick.o(i.SysTick_Handler) for SysTick_Handler
    startup_stm32l1xx_md.o(RESET) refers to led.o(i.DMA1_Channel2_IRQHandler) for DMA1_Channel2_IRQHandler
    startup_stm32l1xx_md.o(RESET) refers to hall.o(i.EXTI9_5_IRQHandler) for EXTI9_5_IRQHandler
    startup_stm32l1xx_md.o(RESET) refers to led.o(i.TIM10_IRQHandler) for TIM10_IRQHandler
    startup_stm32l1xx_md.o(RESET) refers to buzzer.o(i.TIM3_IRQHandler) for TIM3_IRQHandler
    startup_stm32l1xx_md.o(RESET) refers to rfm69w.o(i.SPI1_IRQHandler) for SPI1_IRQHandler
    startup_stm32l1xx_md.o(RESET) refers to usart.o(i.USART1_IRQHandler) for USART1_IRQHandler
    startup_stm32l1xx_md.o(RESET) refers to rfm69w.o(i.EXTI15_10_IRQHandler) for EXTI15_10_IRQHandler
    startup_stm32l1xx_md.o(RESET) refers to hall.o(i.TIM6_IRQHandler) for TIM6_IRQHandler
    startup_stm32l1xx_md.o(.text) refers (Special) to heapauxi.o(.text) for __use_two_region_memory
    startup_stm32l1xx_md.o(.text) refers to system_stm32l1xx.o(i.SystemInit) for SystemInit
    startup_stm32l1xx_md.o(.text) refers to __main.o(!!!main) for __main
    startup_stm32l1xx_md.o(.text) refers to startup_stm32l1xx_md.o(HEAP) for Heap_Mem
    startup_stm32l1xx_md.o(.text) refers to startup_stm32l1xx_md.o(STACK) for Stack_Mem
    system_stm32l1xx.o(i.SystemCoreClockUpdate) refers to system_stm32l1xx.o(.data) for SystemCoreClock
    system_stm32l1xx.o(i.SystemInit) refers to system_stm32l1xx.o(i.SetSysClock) for SetSysClock
    eeprom.o(i.EEPROM_16_fast_write) refers to eeprom.o(i.EEPROM_unlock) for EEPROM_unlock
    eeprom.o(i.EEPROM_16_write) refers to eeprom.o(i.EEPROM_unlock) for EEPROM_unlock
    eeprom.o(i.EEPROM_32_erase) refers to eeprom.o(i.EEPROM_unlock) for EEPROM_unlock
    eeprom.o(i.EEPROM_32_fast_write) refers to eeprom.o(i.EEPROM_unlock) for EEPROM_unlock
    eeprom.o(i.EEPROM_32_write) refers to eeprom.o(i.EEPROM_unlock) for EEPROM_unlock
    eeprom.o(i.EEPROM_64_erase) refers to eeprom.o(i.EEPROM_unlock) for EEPROM_unlock
    eeprom.o(i.EEPROM_64_write) refers to eeprom.o(i.EEPROM_unlock) for EEPROM_unlock
    eeprom.o(i.EEPROM_8_fast_write) refers to eeprom.o(i.EEPROM_unlock) for EEPROM_unlock
    eeprom.o(i.EEPROM_8_write) refers to eeprom.o(i.EEPROM_unlock) for EEPROM_unlock
    eeprom.o(i.EEPROM_SystemBackup) refers to eeprom.o(i.EEPROM_32_write) for EEPROM_32_write
    eeprom.o(i.EEPROM_SystemBackup) refers to main.o(.data) for System
    eeprom.o(i.EEPROM_option_unlock) refers to eeprom.o(i.EEPROM_unlock) for EEPROM_unlock
    main.o(i.main) refers to sys_tick.o(i.SYS_TICK_init) for SYS_TICK_init
    main.o(i.main) refers to sys_tick.o(i.SYS_TICK_timeOut) for SYS_TICK_timeOut
    main.o(i.main) refers to system_stm32l1xx.o(i.GPIO_config) for GPIO_config
    main.o(i.main) refers to eeprom.o(i.EEPROM_32_read) for EEPROM_32_read
    main.o(i.main) refers to key.o(i.KEY_init) for KEY_init
    main.o(i.main) refers to menu.o(i.MENU_init) for MENU_init
    main.o(i.main) refers to usart.o(i.USART_init) for USART_init
    main.o(i.main) refers to hall.o(i.HALL_init) for HALL_init
    main.o(i.main) refers to usart.o(i.USART_send) for USART_send
    main.o(i.main) refers to rfm69w.o(i.RFM69W_init) for RFM69W_init
    main.o(i.main) refers to buzzer.o(i._BUZZER_init) for _BUZZER_init
    main.o(i.main) refers to led.o(i._LED_init) for _LED_init
    main.o(i.main) refers to led.o(i._LED_off) for _LED_off
    main.o(i.main) refers to led.o(i._LED_set_color_list) for _LED_set_color_list
    main.o(i.main) refers to led.o(i._LED_change_brightness_limit_list) for _LED_change_brightness_limit_list
    main.o(i.main) refers to led.o(i._LED_on) for _LED_on
    main.o(i.main) refers to buzzer.o(i._BUZZER_alarm_set_tone_list) for _BUZZER_alarm_set_tone_list
    main.o(i.main) refers to buzzer.o(i._BUZZER_alarm_set_vol_list) for _BUZZER_alarm_set_vol_list
    main.o(i.main) refers to buzzer.o(i._BUZZER_alarm_set_tempo_list) for _BUZZER_alarm_set_tempo_list
    main.o(i.main) refers to buzzer.o(i.BUZZER_reset_timer) for BUZZER_reset_timer
    main.o(i.main) refers to rfm69w.o(i.RFM69W_sendWithRetry) for RFM69W_sendWithRetry
    main.o(i.main) refers to led.o(i._LED_animate) for _LED_animate
    main.o(i.main) refers to key.o(i.GetKeys) for GetKeys
[...]
    ../clib/angel/startup.s                  0x00000000   Number         0  __main.o ABSOLUTE
    ../clib/angel/sys.s                      0x00000000   Number         0  sys_stackheap_outer.o ABSOLUTE
    ../clib/angel/sys.s                      0x00000000   Number         0  indicate_semi.o ABSOLUTE
    ../clib/angel/sys.s                      0x00000000   Number         0  use_no_semi.o ABSOLUTE
    ../clib/angel/sys.s                      0x00000000   Number         0  libspace.o ABSOLUTE
    ../clib/angel/sys.s                      0x00000000   Number         0  mutex_dummy.o ABSOLUTE
    ../clib/angel/sysapp.c                   0x00000000   Number         0  sys_command.o ABSOLUTE
    ../clib/angel/sysapp.c                   0x00000000   Number         0  sys_wrch.o ABSOLUTE
    ../clib/angel/sysapp.c                   0x00000000   Number         0  sys_exit.o ABSOLUTE
    ../clib/armsys.c                         0x00000000   Number         0  no_argv.o ABSOLUTE
    ../clib/armsys.c                         0x00000000   Number         0  argv_veneer.o ABSOLUTE
    ../clib/armsys.c                         0x00000000   Number         0  argv_veneer.o ABSOLUTE
    ../clib/armsys.c                         0x00000000   Number         0  _get_argv.o ABSOLUTE
    ../clib/armsys.c                         0x00000000   Number         0  _get_argv_nomalloc.o ABSOLUTE
    ../clib/heap1.c                          0x00000000   Number         0  h1_free_mt.o ABSOLUTE
    ../clib/heap1.c                          0x00000000   Number         0  h1_init.o ABSOLUTE
    ../clib/heap1.c                          0x00000000   Number         0  h1_final.o ABSOLUTE
    ../clib/heap1.c                          0x00000000   Number         0  h1_free.o ABSOLUTE
    ../clib/heap1.c                          0x00000000   Number         0  h1_init_mt.o ABSOLUTE
    ../clib/heap1.c                          0x00000000   Number         0  h1_final_mt.o ABSOLUTE
    ../clib/heap1.c                          0x00000000   Number         0  h1_alloc.o ABSOLUTE
    ../clib/heap1.c                          0x00000000   Number         0  h1_alloc_mt.o ABSOLUTE
    ../clib/heap1.c                          0x00000000   Number         0  h1_extend.o ABSOLUTE
    ../clib/heap1.c                          0x00000000   Number         0  h1_extend_mt.o ABSOLUTE
    ../clib/heap2.c                          0x00000000   Number         0  fdtree.o ABSOLUTE
    ../clib/heap2.c                          0x00000000   Number         0  heap2.o ABSOLUTE
    ../clib/heap2.c                          0x00000000   Number         0  heap2mt.o ABSOLUTE
    ../clib/heapalloc.c                      0x00000000   Number         0  malloc.o ABSOLUTE
    ../clib/heapalloc.c                      0x00000000   Number         0  free.o ABSOLUTE
    ../clib/heapalloc.c                      0x00000000   Number         0  term_alloc.o ABSOLUTE
    ../clib/heapalloc.c                      0x00000000   Number         0  init_alloc.o ABSOLUTE
    ../clib/heapalloc.c                      0x00000000   Number         0  heapstubs.o ABSOLUTE
    ../clib/heapalloc.c                      0x00000000   Number         0  hguard.o ABSOLUTE
    ../clib/heapalloc.c                      0x00000000   Number         0  maybetermalloc1.o ABSOLUTE
    ../clib/heapalloc.c                      0x00000000   Number         0  maybetermalloc2.o ABSOLUTE
    ../clib/heapalloc.c                      0x00000000   Number         0  maybetermalloc2.o ABSOLUTE
    ../clib/heapalloc.c                      0x00000000   Number         0  maybetermalloc1.o ABSOLUTE
    ../clib/heapalloc.c                      0x00000000   Number         0  hrguard.o ABSOLUTE
    ../clib/heapaux.c                        0x00000000   Number         0  heapauxa.o ABSOLUTE
    ../clib/heapaux.c                        0x00000000   Number         0  heapauxi.o ABSOLUTE
    ../clib/libinit.s                        0x00000000   Number         0  libshutdown2.o ABSOLUTE
    ../clib/libinit.s                        0x00000000   Number         0  libinit.o ABSOLUTE
    ../clib/libinit.s                        0x00000000   Number         0  libshutdown.o ABSOLUTE
    ../clib/libinit.s                        0x00000000   Number         0  libinit2.o ABSOLUTE
    ../clib/memcpset.s                       0x00000000   Number         0  rt_memcpy_w.o ABSOLUTE
    ../clib/signal.c                         0x00000000   Number         0  defsig_rtmem_formal.o ABSOLUTE
    ../clib/signal.c                         0x00000000   Number         0  defsig_rtred_inner.o ABSOLUTE
    ../clib/signal.c                         0x00000000   Number         0  defsig_fpe_inner.o ABSOLUTE
    ../clib/signal.c                         0x00000000   Number         0  defsig_rtmem_inner.o ABSOLUTE
    ../clib/signal.c                         0x00000000   Number         0  defsig_abrt_inner.o ABSOLUTE
    ../clib/signal.c                         0x00000000   Number         0  defsig_pvfn_inner.o ABSOLUTE
    ../clib/signal.c                         0x00000000   Number         0  defsig_general.o ABSOLUTE
    ../clib/signal.c                         0x00000000   Number         0  __raise.o ABSOLUTE
    ../clib/signal.c                         0x00000000   Number         0  defsig_exit.o ABSOLUTE
    ../clib/signal.c                         0x00000000   Number         0  defsig_rtmem_outer.o ABSOLUTE
    ../clib/signal.c                         0x00000000   Number         0  defsig_other.o ABSOLUTE
    ../clib/signal.c                         0x00000000   Number         0  defsig_segv_inner.o ABSOLUTE
    ../clib/signal.c                         0x00000000   Number         0  defsig_cppl_inner.o ABSOLUTE
    ../clib/signal.c                         0x00000000   Number         0  defsig_stak_inner.o ABSOLUTE
    ../clib/signal.s                         0x00000000   Number         0  defsig.o ABSOLUTE
    ../clib/stdlib.c                         0x00000000   Number         0  exit.o ABSOLUTE
    ../fplib/daddsub.s                       0x00000000   Number         0  daddsub_clz.o ABSOLUTE
    ../fplib/dcmpi.s                         0x00000000   Number         0  dcmpi.o ABSOLUTE
    ../fplib/dfixu.s                         0x00000000   Number         0  dfixu.o ABSOLUTE
    ../fplib/dflt.s                          0x00000000   Number         0  dflt_clz.o ABSOLUTE
    ../fplib/dleqf.s                         0x00000000   Number         0  dleqf.o ABSOLUTE
    ../fplib/dmul.s                          0x00000000   Number         0  dmul.o ABSOLUTE
    ../fplib/dnaninf.s                       0x00000000   Number         0  dnaninf.o ABSOLUTE
    ../fplib/dretinf.s                       0x00000000   Number         0  dretinf.o ABSOLUTE
    ../fplib/fpinit.s                        0x00000000   Number         0  fpinit.o ABSOLUTE
    ../fplib/usenofp.s                       0x00000000   Number         0  usenofp.o ABSOLUTE
    dc.s                                     0x00000000   Number         0  dc.o ABSOLUTE
    dev\\system_stm32l1xx.c                  0x00000000   Number         0  system_stm32l1xx.o ABSOLUTE
    dev\startup_stm32l1xx_md.s               0x00000000   Number         0  startup_stm32l1xx_md.o ABSOLUTE
    dev\system_stm32l1xx.c                   0x00000000   Number         0  system_stm32l1xx.o ABSOLUTE
    src\BUZZER.c                             0x00000000   Number         0  buzzer.o ABSOLUTE
    src\EEPROM.c                             0x00000000   Number         0  eeprom.o ABSOLUTE
    src\FLOAT.c                              0x00000000   Number         0  float.o ABSOLUTE
    src\HALL.c                               0x00000000   Number         0  hall.o ABSOLUTE
    src\KEY.c                                0x00000000   Number         0  key.o ABSOLUTE
    src\LED.c                                0x00000000   Number         0  led.o ABSOLUTE
    src\LOW_MODE.c                           0x00000000   Number         0  low_mode.o ABSOLUTE
    src\MENU.c                               0x00000000   Number         0  menu.o ABSOLUTE
    src\RFM69W.c                             0x00000000   Number         0  rfm69w.o ABSOLUTE
    src\RTC.c                                0x00000000   Number         0  rtc.o ABSOLUTE
    src\SYS_TICK.c                           0x00000000   Number         0  sys_tick.o ABSOLUTE
    src\USART.c                              0x00000000   Number         0  usart.o ABSOLUTE
    src\\BUZZER.c                            0x00000000   Number         0  buzzer.o ABSOLUTE
    src\\EEPROM.c                            0x00000000   Number         0  eeprom.o ABSOLUTE
    src\\HALL.c                              0x00000000   Number         0  hall.o ABSOLUTE
    src\\KEY.c                               0x00000000   Number         0  key.o ABSOLUTE
    src\\LED.c                               0x00000000   Number         0  led.o ABSOLUTE
    src\\LOW_MODE.c                          0x00000000   Number         0  low_mode.o ABSOLUTE
    src\\MENU.c                              0x00000000   Number         0  menu.o ABSOLUTE
    src\\RFM69W.c                            0x00000000   Number         0  rfm69w.o ABSOLUTE
    src\\RTC.c                               0x00000000   Number         0  rtc.o ABSOLUTE
    src\\SYS_TICK.c                          0x00000000   Number         0  sys_tick.o ABSOLUTE
    src\\USART.c                             0x00000000   Number         0  usart.o ABSOLUTE
    src\\main.c                              0x00000000   Number         0  main.o ABSOLUTE
    src\main.c                               0x00000000   Number         0  main.o ABSOLUTE
    RESET                                    0x08000000   Section      244  startup_stm32l1xx_md.o(RESET)
    !!!main                                  0x080000f4   Section        8  __main.o(!!!main)
    !!!scatter                               0x080000fc   Section       52  __scatter.o(!!!scatter)
    !!dczerorl2                              0x08000130   Section       90  __dczerorl2.o(!!dczerorl2)
    !!handler_zi                             0x0800018c   Section       28  __scatter_zi.o(!!handler_zi)
    .ARM.Collect$$libinit$$00000000          0x080001a8   Section        2  libinit.o(.ARM.Collect$$libinit$$00000000)
    .ARM.Collect$$libinit$$00000002          0x080001aa   Section        0  libinit2.o(.ARM.Collect$$libinit$$00000002)
    .ARM.Collect$$libinit$$00000004          0x080001aa   Section        0  libinit2.o(.ARM.Collect$$libinit$$00000004)
    .ARM.Collect$$libinit$$00000005          0x080001aa   Section        8  libinit2.o(.ARM.Collect$$libinit$$00000005)
    .ARM.Collect$$libinit$$0000000A          0x080001b2   Section        0  libinit2.o(.ARM.Collect$$libinit$$0000000A)
    .ARM.Collect$$libinit$$0000000C          0x080001b2   Section        0  libinit2.o(.ARM.Collect$$libinit$$0000000C)
    .ARM.Collect$$libinit$$0000000E          0x080001b2   Section        0  libinit2.o(.ARM.Collect$$libinit$$0000000E)
    .ARM.Collect$$libinit$$00000011          0x080001b2   Section        0  libinit2.o(.ARM.Collect$$libinit$$00000011)
    .ARM.Collect$$libinit$$00000013          0x080001b2   Section        0  libinit2.o(.ARM.Collect$$libinit$$00000013)
    .ARM.Collect$$libinit$$00000015          0x080001b2   Section        0  libinit2.o(.ARM.Collect$$libinit$$00000015)
    .ARM.Collect$$libinit$$00000017          0x080001b2   Section        0  libinit2.o(.ARM.Collect$$libinit$$00000017)
    .ARM.Collect$$libinit$$00000019          0x080001b2   Section        0  libinit2.o(.ARM.Collect$$libinit$$00000019)
    .ARM.Collect$$libinit$$0000001B          0x080001b2   Section        0  libinit2.o(.ARM.Collect$$libinit$$0000001B)
    .ARM.Collect$$libinit$$0000001D          0x080001b2   Section        0  libinit2.o(.ARM.Collect$$libinit$$0000001D)
    .ARM.Collect$$libinit$$0000001F          0x080001b2   Section        0  libinit2.o(.ARM.Collect$$libinit$$0000001F)
    .ARM.Collect$$libinit$$00000021          0x080001b2   Section        0  libinit2.o(.ARM.Collect$$libinit$$00000021)
    .ARM.Collect$$libinit$$00000023          0x080001b2   Section        0  libinit2.o(.ARM.Collect$$libinit$$00000023)
    .ARM.Collect$$libinit$$00000025          0x080001b2   Section        0  libinit2.o(.ARM.Collect$$libinit$$00000025)
    .ARM.Collect$$libinit$$0000002C          0x080001b2   Section        0  libinit2.o(.ARM.Collect$$libinit$$0000002C)
    .ARM.Collect$$libinit$$0000002E          0x080001b2   Section        0  libinit2.o(.ARM.Collect$$libinit$$0000002E)
    .ARM.Collect$$libinit$$00000030          0x080001b2   Section        0  libinit2.o(.ARM.Collect$$libinit$$00000030)
    .ARM.Collect$$libinit$$00000032          0x080001b2   Section        0  libinit2.o(.ARM.Collect$$libinit$$00000032)
    .ARM.Collect$$libinit$$00000033          0x080001b2   Section        2  libinit2.o(.ARM.Collect$$libinit$$00000033)
    .ARM.Collect$$libshutdown$$00000000      0x080001b4   Section        2  libshutdown.o(.ARM.Collect$$libshutdown$$00000000)
    .ARM.Collect$$libshutdown$$00000003      0x080001b6   Section        0  libshutdown2.o(.ARM.Collect$$libshutdown$$00000003)
    .ARM.Collect$$libshutdown$$00000006      0x080001b6   Section        0  libshutdown2.o(.ARM.Collect$$libshutdown$$00000006)
    .ARM.Collect$$libshutdown$$00000009      0x080001b6   Section        0  libshutdown2.o(.ARM.Collect$$libshutdown$$00000009)
    .ARM.Collect$$libshutdown$$0000000B      0x080001b6   Section        0  libshutdown2.o(.ARM.Collect$$libshutdown$$0000000B)
    .ARM.Collect$$libshutdown$$0000000E      0x080001b6   Section        0  libshutdown2.o(.ARM.Collect$$libshutdown$$0000000E)
    .ARM.Collect$$libshutdown$$0000000F      0x080001b6   Section        2  libshutdown2.o(.ARM.Collect$$libshutdown$$0000000F)
    .ARM.Collect$$rtentry$$00000000          0x080001b8   Section        0  __rtentry.o(.ARM.Collect$$rtentry$$00000000)
    .ARM.Collect$$rtentry$$00000002          0x080001b8   Section        0  __rtentry2.o(.ARM.Collect$$rtentry$$00000002)
    .ARM.Collect$$rtentry$$00000004          0x080001b8   Section        6  __rtentry4.o(.ARM.Collect$$rtentry$$00000004)
    .ARM.Collect$$rtentry$$00000009          0x080001be   Section        0  __rtentry2.o(.ARM.Collect$$rtentry$$00000009)
    .ARM.Collect$$rtentry$$0000000A          0x080001be   Section        4  __rtentry2.o(.ARM.Collect$$rtentry$$0000000A)
    .ARM.Collect$$rtentry$$0000000C          0x080001c2   Section        0  __rtentry2.o(.ARM.Collect$$rtentry$$0000000C)
    .ARM.Collect$$rtentry$$0000000D          0x080001c2   Section        8  __rtentry2.o(.ARM.Collect$$rtentry$$0000000D)
    .ARM.Collect$$rtexit$$00000000           0x080001ca   Section        2  rtexit.o(.ARM.Collect$$rtexit$$00000000)
    .ARM.Collect$$rtexit$$00000002           0x080001cc   Section        0  rtexit2.o(.ARM.Collect$$rtexit$$00000002)
    .ARM.Collect$$rtexit$$00000003           0x080001cc   Section        4  rtexit2.o(.ARM.Collect$$rtexit$$00000003)
    .ARM.Collect$$rtexit$$00000004           0x080001d0   Section        6  rtexit2.o(.ARM.Collect$$rtexit$$00000004)
    .emb_text                                0x080001d8   Section        0  maybetermalloc1.o(.emb_text)
    .text                                    0x080001d8   Section       64  startup_stm32l1xx_md.o(.text)
    .text                                    0x08000218   Section        0  h1_alloc.o(.text)
    .text                                    0x08000276   Section        0  heapauxi.o(.text)
    .text                                    0x0800027c   Section        8  rt_heap_descriptor_intlibspace.o(.text)
    .text                                    0x08000284   Section        0  hguard.o(.text)
    .text                                    0x08000288   Section        0  init_alloc.o(.text)
    .text                                    0x08000312   Section        0  h1_init.o(.text)
    .text                                    0x08000320   Section        0  h1_free.o(.text)
    .text                                    0x08000370   Section        8  libspace.o(.text)
    .text                                    0x08000378   Section        0  h1_extend.o(.text)
    .text                                    0x080003ac   Section        0  defsig_rtmem_outer.o(.text)
    .text                                    0x080003ba   Section        2  use_no_semi.o(.text)
    .text                                    0x080003bc   Section        0  indicate_semi.o(.text)
    .text                                    0x080003bc   Section       74  sys_stackheap_outer.o(.text)
    .text                                    0x08000406   Section        0  exit.o(.text)
    .text                                    0x08000412   Section        0  defsig_exit.o(.text)
    .text                                    0x0800041c   Section        0  defsig_rtmem_inner.o(.text)
    .text                                    0x0800046c   Section        0  sys_exit.o(.text)
    .text                                    0x08000478   Section        0  defsig_general.o(.text)
    .text                                    0x080004aa   Section        0  sys_wrch.o(.text)
    i.BUZZER_GPIO_init                       0x080004b8   Section        0  buzzer.o(i.BUZZER_GPIO_init)
    i.BUZZER_PWM_init                        0x08000500   Section        0  buzzer.o(i.BUZZER_PWM_init)
    i.BUZZER_music_init                      0x08000584   Section        0  buzzer.o(i.BUZZER_music_init)
    i.BUZZER_reset_timer                     0x080005d0   Section        0  buzzer.o(i.BUZZER_reset_timer)
    i.ClrKeyb                                0x08000624   Section        0  key.o(i.ClrKeyb)
    i.DAC_GPIO_init                          0x08000678   Section        0  buzzer.o(i.DAC_GPIO_init)
    i.DAC_LOGIC_init                         0x080006a4   Section        0  buzzer.o(i.DAC_LOGIC_init)
    i.DMA1_Channel2_IRQHandler               0x080006dc   Section        0  led.o(i.DMA1_Channel2_IRQHandler)
    i.EEPROM_32_read                         0x0800071c   Section        0  eeprom.o(i.EEPROM_32_read)
    i.EEPROM_32_write                        0x0800072c   Section        0  eeprom.o(i.EEPROM_32_write)
    i.EEPROM_SystemBackup                    0x08000774   Section        0  eeprom.o(i.EEPROM_SystemBackup)
    i.EEPROM_unlock                          0x080007b8   Section        0  eeprom.o(i.EEPROM_unlock)
    i.EXTI15_10_IRQHandler                   0x080007e0   Section        0  rfm69w.o(i.EXTI15_10_IRQHandler)
    i.EXTI9_5_IRQHandler                     0x0800087c   Section        0  hall.o(i.EXTI9_5_IRQHandler)
    i.GPIO_config                            0x08000954   Section        0  system_stm32l1xx.o(i.GPIO_config)
    i.GetKeybSample                          0x08000af8   Section        0  key.o(i.GetKeybSample)
    i.GetKeys                                0x08000b1c   Section        0  key.o(i.GetKeys)
    i.HALL_init                              0x08000b40   Section        0  hall.o(i.HALL_init)
    i.KEY_init                               0x08000bfc   Section        0  key.o(i.KEY_init)
    i.KeybProc                               0x08000c4c   Section        0  key.o(i.KeybProc)
    i.LED_set_values                         0x08000cfc   Section        0  led.o(i.LED_set_values)
    i.MENU_PacketInterpreter                 0x08000d20   Section        0  menu.o(i.MENU_PacketInterpreter)
    i.MENU_init                              0x08000de4   Section        0  menu.o(i.MENU_init)
    i.NVIC_EnableIRQ                         0x08000f84   Section        0  hall.o(i.NVIC_EnableIRQ)
    NVIC_EnableIRQ                           0x08000f85   Thumb Code    22  hall.o(i.NVIC_EnableIRQ)
    i.NVIC_EnableIRQ                         0x08000f9a   Section        0  led.o(i.NVIC_EnableIRQ)
    NVIC_EnableIRQ                           0x08000f9b   Thumb Code    22  led.o(i.NVIC_EnableIRQ)
    i.NVIC_SetPriority                       0x08000fb0   Section        0  hall.o(i.NVIC_SetPriority)
    NVIC_SetPriority                         0x08000fb1   Thumb Code    32  hall.o(i.NVIC_SetPriority)
    i.RFM69W_ACKReceived                     0x08000fd8   Section        0  rfm69w.o(i.RFM69W_ACKReceived)
    i.RFM69W_GPIO_init                       0x08001028   Section        0  rfm69w.o(i.RFM69W_GPIO_init)
    i.RFM69W_REG_init                        0x080010cc   Section        0  rfm69w.o(i.RFM69W_REG_init)
    i.RFM69W_SPI_init                        0x08001358   Section        0  rfm69w.o(i.RFM69W_SPI_init)
    i.RFM69W_SPI_send_8poll                  0x0800137c   Section        0  rfm69w.o(i.RFM69W_SPI_send_8poll)
    i.RFM69W_SPI_send_poll                   0x080013d0   Section        0  rfm69w.o(i.RFM69W_SPI_send_poll)
    i.RFM69W_SPI_set_bit                     0x080014f4   Section        0  rfm69w.o(i.RFM69W_SPI_set_bit)
    i.RFM69W_canSend                         0x08001514   Section        0  rfm69w.o(i.RFM69W_canSend)
    i.RFM69W_encrypt                         0x0800153c   Section        0  rfm69w.o(i.RFM69W_encrypt)
    i.RFM69W_init                            0x080015b4   Section        0  rfm69w.o(i.RFM69W_init)
    i.RFM69W_interruptHandler                0x080015c4   Section        0  rfm69w.o(i.RFM69W_interruptHandler)
    i.RFM69W_listenModeOFF                   0x0800175c   Section        0  rfm69w.o(i.RFM69W_listenModeOFF)
    i.RFM69W_listenModeON                    0x080017ac   Section        0  rfm69w.o(i.RFM69W_listenModeON)
    i.RFM69W_readRSSI                        0x080017dc   Section        0  rfm69w.o(i.RFM69W_readRSSI)
    i.RFM69W_receiveBegin                    0x08001814   Section        0  rfm69w.o(i.RFM69W_receiveBegin)
    i.RFM69W_reset                           0x08001850   Section        0  rfm69w.o(i.RFM69W_reset)
    i.RFM69W_send                            0x080018d0   Section        0  rfm69w.o(i.RFM69W_send)
    i.RFM69W_sendACK                         0x08001918   Section        0  rfm69w.o(i.RFM69W_sendACK)
    i.RFM69W_sendFrame                       0x08001974   Section        0  rfm69w.o(i.RFM69W_sendFrame)
    i.RFM69W_sendWithRetry                   0x08001b28   Section        0  rfm69w.o(i.RFM69W_sendWithRetry)
    i.RFM69W_setMap                          0x08001bb0   Section        0  rfm69w.o(i.RFM69W_setMap)
    i.RFM69W_setMode                         0x08001c7c   Section        0  rfm69w.o(i.RFM69W_setMode)
    i.SPI1_IRQHandler                        0x08001d38   Section        0  rfm69w.o(i.SPI1_IRQHandler)
    i.SYS_TICK_init                          0x08001e14   Section        0  sys_tick.o(i.SYS_TICK_init)
    i.SYS_TICK_timeOut                       0x08001e64   Section        0  sys_tick.o(i.SYS_TICK_timeOut)
    i.SetSysClock                            0x08001e98   Section        0  system_stm32l1xx.o(i.SetSysClock)
    SetSysClock                              0x08001e99   Thumb Code   258  system_stm32l1xx.o(i.SetSysClock)
    i.SysTick_Handler                        0x08001fa8   Section        0  sys_tick.o(i.SysTick_Handler)
    i.SystemInit                             0x08001fdc   Section        0  system_stm32l1xx.o(i.SystemInit)
    i.TIM10_IRQHandler                       0x08002044   Section        0  led.o(i.TIM10_IRQHandler)
    i.TIM3_IRQHandler                        0x08002080   Section        0  buzzer.o(i.TIM3_IRQHandler)
    i.TIM6_IRQHandler                        0x08002224   Section        0  hall.o(i.TIM6_IRQHandler)
    i.USART1_IRQHandler                      0x08002264   Section        0  usart.o(i.USART1_IRQHandler)
    i.USART_init                             0x080022cc   Section        0  usart.o(i.USART_init)
    i.USART_putchar                          0x08002340   Section        0  usart.o(i.USART_putchar)
    i.USART_send                             0x0800235c   Section        0  usart.o(i.USART_send)
    i.USART_write_buf                        0x08002372   Section        0  usart.o(i.USART_write_buf)
    i._BUZZER_alarm_set_tempo_list           0x080023cc   Section        0  buzzer.o(i._BUZZER_alarm_set_tempo_list)
    i._BUZZER_alarm_set_tone_list            0x080023e8   Section        0  buzzer.o(i._BUZZER_alarm_set_tone_list)
    i._BUZZER_alarm_set_vol_list             0x08002410   Section        0  buzzer.o(i._BUZZER_alarm_set_vol_list)
    i._BUZZER_alarm_start                    0x08002430   Section        0  buzzer.o(i._BUZZER_alarm_start)
    i._BUZZER_alarm_stop                     0x08002490   Section        0  buzzer.o(i._BUZZER_alarm_stop)
    i._BUZZER_init                           0x08002498   Section        0  buzzer.o(i._BUZZER_init)
    i._BUZZER_play_music                     0x0800255c   Section        0  buzzer.o(i._BUZZER_play_music)
    i._BUZZER_single_beep                    0x080025a8   Section        0  buzzer.o(i._BUZZER_single_beep)
    i._BUZZER_stop_music                     0x080025dc   Section        0  buzzer.o(i._BUZZER_stop_music)
    i._LED_animate                           0x080025e8   Section        0  led.o(i._LED_animate)
    i._LED_animate_change                    0x080028e4   Section        0  led.o(i._LED_animate_change)
    i._LED_animate_delay                     0x0800293c   Section        0  led.o(i._LED_animate_delay)
    i._LED_animate_off                       0x08002958   Section        0  led.o(i._LED_animate_off)
    i._LED_blink_off                         0x080029ac   Section        0  led.o(i._LED_blink_off)
    i._LED_blink_on                          0x080029cc   Section        0  led.o(i._LED_blink_on)
    i._LED_change_animate_list               0x08002a28   Section        0  led.o(i._LED_change_animate_list)
    i._LED_change_brightness                 0x08002a3c   Section        0  led.o(i._LED_change_brightness)
    i._LED_change_brightness_all             0x08002b4c   Section        0  led.o(i._LED_change_brightness_all)
    i._LED_change_brightness_limit           0x08002b78   Section        0  led.o(i._LED_change_brightness_limit)
    i._LED_change_brightness_limit_list      0x08002b9c   Section        0  led.o(i._LED_change_brightness_limit_list)
    i._LED_change_color                      0x08002bb0   Section        0  led.o(i._LED_change_color)
    i._LED_change_color_all                  0x08002c54   Section        0  led.o(i._LED_change_color_all)
    i._LED_init                              0x08002ca0   Section        0  led.o(i._LED_init)
    i._LED_off                               0x08002d18   Section        0  led.o(i._LED_off)
    i._LED_on                                0x08002d3c   Section        0  led.o(i._LED_on)
    i._LED_refresh                           0x08002d60   Section        0  led.o(i._LED_refresh)
    i._LED_set                               0x08002d8c   Section        0  led.o(i._LED_set)
    i._LED_set_color                         0x08002ea4   Section        0  led.o(i._LED_set_color)
    i._LED_set_color_list                    0x08002f08   Section        0  led.o(i._LED_set_color_list)
    i._dbl2stri                              0x08002f34   Section        0  float.o(i._dbl2stri)
    i._decimal_binary                        0x080030bc   Section        0  float.o(i._decimal_binary)
    i.led_DMA_init                           0x080030e8   Section        0  led.o(i.led_DMA_init)
    i.led_bus_reset                          0x08003188   Section        0  led.o(i.led_bus_reset)
    i.led_gpio_init                          0x080031c8   Section        0  led.o(i.led_gpio_init)
    i.led_refresh_timer_init                 0x0800321c   Section        0  led.o(i.led_refresh_timer_init)
    i.led_timer_init                         0x080032c0   Section        0  led.o(i.led_timer_init)
    i.led_timer_on                           0x08003324   Section        0  led.o(i.led_timer_on)
    i.main                                   0x08003348   Section        0  main.o(i.main)
    i.menu_1_fun                             0x080035e4   Section        0  menu.o(i.menu_1_fun)
    i.menu_2_fun                             0x08003670   Section        0  menu.o(i.menu_2_fun)
    i.menu_3_fun                             0x080037e4   Section        0  menu.o(i.menu_3_fun)
    i.menu_4_fun                             0x0800395c   Section        0  menu.o(i.menu_4_fun)
    i.menu_5_fun                             0x08003ac0   Section        0  menu.o(i.menu_5_fun)
    i.menu_6_fun                             0x08003c14   Section        0  menu.o(i.menu_6_fun)
    i.menu_7_fun                             0x08003d68   Section        0  menu.o(i.menu_7_fun)
    i.menu_8_fun                             0x08003ec4   Section        0  menu.o(i.menu_8_fun)
    i.reverse                                0x08004010   Section        0  led.o(i.reverse)
    x$fpl$dadd                               0x08004038   Section      336  daddsub_clz.o(x$fpl$dadd)
    _dadd1                                   0x08004049   Thumb Code     0  daddsub_clz.o(x$fpl$dadd)
    x$fpl$dcmpinf                            0x08004188   Section       24  dcmpi.o(x$fpl$dcmpinf)
    x$fpl$dfixu                              0x080041a0   Section       90  dfixu.o(x$fpl$dfixu)
    x$fpl$dflt                               0x080041fa   Section       46  dflt_clz.o(x$fpl$dflt)
    x$fpl$dfltu                              0x08004228   Section       38  dflt_clz.o(x$fpl$dfltu)
    x$fpl$dleqf                              0x08004250   Section      120  dleqf.o(x$fpl$dleqf)
    x$fpl$dmul                               0x080042c8   Section      340  dmul.o(x$fpl$dmul)
    x$fpl$dnaninf                            0x0800441c   Section      156  dnaninf.o(x$fpl$dnaninf)
    x$fpl$dretinf                            0x080044b8   Section       12  dretinf.o(x$fpl$dretinf)
    x$fpl$drsb                               0x080044c4   Section       22  daddsub_clz.o(x$fpl$drsb)
    x$fpl$dsub                               0x080044dc   Section      468  daddsub_clz.o(x$fpl$dsub)
    _dsub1                                   0x080044ed   Thumb Code     0  daddsub_clz.o(x$fpl$dsub)
    .constdata                               0x080046b0   Section       22  key.o(.constdata)
    x$fpl$usenofp                            0x080046b0   Section        0  usenofp.o(x$fpl$usenofp)
    DefaultAutoRepeatTab                     0x080046b0   Data          22  key.o(.constdata)
    .constdata                               0x080046c8   Section       64  float.o(.constdata)
    round_nums                               0x080046c8   Data          64  float.o(.constdata)
    .data                                    0x20000000   Section       29  system_stm32l1xx.o(.data)
    .data                                    0x2000001d   Section        7  main.o(.data)
    .data                                    0x20000024   Section       32  key.o(.data)
    keys                                     0x20000024   Data           4  key.o(.data)
    keycnt                                   0x20000028   Data           4  key.o(.data)
    keytime                                  0x2000002c   Data           4  key.o(.data)
    prevKeybSt                               0x20000030   Data           4  key.o(.data)
    arTime                                   0x20000034   Data           4  key.o(.data)
    arIndex                                  0x20000038   Data           1  key.o(.data)
    keyblock                                 0x20000039   Data           1  key.o(.data)
    _art                                     0x2000003c   Data           4  key.o(.data)
    art                                      0x20000040   Data           4  key.o(.data)
    .data                                    0x20000044   Section       36  menu.o(.data)
    .data                                    0x20000068   Section        4  float.o(.data)
    use_leading_plus                         0x20000068   Data           4  float.o(.data)
    .data                                    0x2000006c   Section        5  sys_tick.o(.data)
    .data                                    0x20000072   Section      289  buzzer.o(.data)
    .data                                    0x20000193   Section       45  led.o(.data)
    led_number_static                        0x200001bf   Data           1  led.o(.data)
    .bss                                     0x200001c0   Section      154  rfm69w.o(.bss)
    .bss                                     0x2000025a   Section     1002  usart.o(.bss)
    .bss                                     0x20000644   Section      128  float.o(.bss)
    local_bfr                                0x20000644   Data         128  float.o(.bss)
    .bss                                     0x200006c4   Section       12  hall.o(.bss)
    .bss                                     0x200006d0   Section       38  buzzer.o(.bss)
    .bss                                     0x200006f8   Section      328  led.o(.bss)
    .bss                                     0x20000840   Section       96  libspace.o(.bss)
    HEAP                                     0x200008a0   Section      512  startup_stm32l1xx_md.o(HEAP)
    Heap_Mem                                 0x200008a0   Data         512  startup_stm32l1xx_md.o(HEAP)
    STACK                                    0x20000aa0   Section     1024  startup_stm32l1xx_md.o(STACK)
    Stack_Mem                                0x20000aa0   Data        1024  startup_stm32l1xx_md.o(STACK)
    __initial_sp                             0x20000ea0   Data           0  startup_stm32l1xx_md.o(STACK)

    Global Symbols

    Symbol Name                              Value     Ov Type        Size  Object(Section)

    BuildAttributes$$THM_ISAv4$P$D$K$B$S$PE$A:L22UL41UL21$X:L11$S22US41US21$IEEE1$IW$USESV6$~STKCKD$USESV7$~SHL$OTIME$ROPI$EBA8$UX$STANDARDLIB$REQ8$PRES8$EABIv2 0x00000000   Number         0  anon$$obj.o ABSOLUTE
    __ARM_use_no_argv                        0x00000000   Number         0  main.o ABSOLUTE
    __ARM_exceptions_init                     - Undefined Weak Reference
    __alloca_initialize                       - Undefined Weak Reference
    __arm_preinit_                            - Undefined Weak Reference
    __cpp_initialize__aeabi_                  - Undefined Weak Reference
    __cxa_finalize                            - Undefined Weak Reference
    __rt_locale                               - Undefined Weak Reference
    __sigvec_lookup                           - Undefined Weak Reference
    __user_heap_extent                        - Undefined Weak Reference
    _atexit_init                              - Undefined Weak Reference
    _call_atexit_fns                          - Undefined Weak Reference
    _clock_init                               - Undefined Weak Reference
    _fp_trap_init                             - Undefined Weak Reference
    _fp_trap_shutdown                         - Undefined Weak Reference
    _get_lc_collate                           - Undefined Weak Reference
    _get_lc_ctype                             - Undefined Weak Reference
    _get_lc_monetary                          - Undefined Weak Reference
    _get_lc_numeric                           - Undefined Weak Reference
    _get_lc_time                              - Undefined Weak Reference
    _getenv_init                              - Undefined Weak Reference
    _handle_redirection                       - Undefined Weak Reference
    _initio                                   - Undefined Weak Reference
    _mutex_acquire                            - Undefined Weak Reference
    _mutex_free                               - Undefined Weak Reference
    _mutex_release                            - Undefined Weak Reference
    _rand_init                                - Undefined Weak Reference
    _signal_finish                            - Undefined Weak Reference
    _signal_init                              - Undefined Weak Reference
    _terminateio                              - Undefined Weak Reference
    __Vectors_Size                           0x000000f4   Number         0  startup_stm32l1xx_md.o ABSOLUTE
    __Vectors                                0x08000000   Data           4  startup_stm32l1xx_md.o(RESET)
    __Vectors_End                            0x080000f4   Data           0  startup_stm32l1xx_md.o(RESET)
    __main                                   0x080000f5   Thumb Code     8  __main.o(!!!main)
    __scatterload                            0x080000fd   Thumb Code     0  __scatter.o(!!!scatter)
    __scatterload_rt2                        0x080000fd   Thumb Code    44  __scatter.o(!!!scatter)
    __scatterload_rt2_thumb_only             0x080000fd   Thumb Code     0  __scatter.o(!!!scatter)
    __scatterload_null                       0x0800010b   Thumb Code     0  __scatter.o(!!!scatter)
    __decompress                             0x08000131   Thumb Code    90  __dczerorl2.o(!!dczerorl2)
    __decompress1                            0x08000131   Thumb Code     0  __dczerorl2.o(!!dczerorl2)
    __scatterload_zeroinit                   0x0800018d   Thumb Code    28  __scatter_zi.o(!!handler_zi)
    __rt_lib_init                            0x080001a9   Thumb Code     0  libinit.o(.ARM.Collect$$libinit$$00000000)
    __rt_lib_init_fp_1                       0x080001ab   Thumb Code     0  libinit2.o(.ARM.Collect$$libinit$$00000002)
    __rt_lib_init_heap_2                     0x080001ab   Thumb Code     0  libinit2.o(.ARM.Collect$$libinit$$00000005)
    __rt_lib_init_preinit_1                  0x080001ab   Thumb Code     0  libinit2.o(.ARM.Collect$$libinit$$00000004)
    __rt_lib_init_alloca_1                   0x080001b3   Thumb Code     0  libinit2.o(.ARM.Collect$$libinit$$0000002E)
    __rt_lib_init_argv_1                     0x080001b3   Thumb Code     0  libinit2.o(.ARM.Collect$$libinit$$0000002C)
    __rt_lib_init_atexit_1                   0x080001b3   Thumb Code     0  libinit2.o(.ARM.Collect$$libinit$$0000001B)
    __rt_lib_init_clock_1                    0x080001b3   Thumb Code     0  libinit2.o(.ARM.Collect$$libinit$$00000021)
    __rt_lib_init_cpp_1                      0x080001b3   Thumb Code     0  libinit2.o(.ARM.Collect$$libinit$$00000032)
    __rt_lib_init_exceptions_1               0x080001b3   Thumb Code     0  libinit2.o(.ARM.Collect$$libinit$$00000030)
    __rt_lib_init_fp_trap_1                  0x080001b3   Thumb Code     0  libinit2.o(.ARM.Collect$$libinit$$0000001F)
    __rt_lib_init_getenv_1                   0x080001b3   Thumb Code     0  libinit2.o(.ARM.Collect$$libinit$$00000023)
    __rt_lib_init_heap_1                     0x080001b3   Thumb Code     0  libinit2.o(.ARM.Collect$$libinit$$0000000A)
    __rt_lib_init_lc_collate_1               0x080001b3   Thumb Code     0  libinit2.o(.ARM.Collect$$libinit$$00000011)
    __rt_lib_init_lc_ctype_1                 0x080001b3   Thumb Code     0  libinit2.o(.ARM.Collect$$libinit$$00000013)
    __rt_lib_init_lc_monetary_1              0x080001b3   Thumb Code     0  libinit2.o(.ARM.Collect$$libinit$$00000015)
    __rt_lib_init_lc_numeric_1               0x080001b3   Thumb Code     0  libinit2.o(.ARM.Collect$$libinit$$00000017)
    __rt_lib_init_lc_time_1                  0x080001b3   Thumb Code     0  libinit2.o(.ARM.Collect$$libinit$$00000019)
    __rt_lib_init_rand_1                     0x080001b3   Thumb Code     0  libinit2.o(.ARM.Collect$$libinit$$0000000E)
    __rt_lib_init_return                     0x080001b3   Thumb Code     0  libinit2.o(.ARM.Collect$$libinit$$00000033)
    __rt_lib_init_signal_1                   0x080001b3   Thumb Code     0  libinit2.o(.ARM.Collect$$libinit$$0000001D)
    __rt_lib_init_stdio_1                    0x080001b3   Thumb Code     0  libinit2.o(.ARM.Collect$$libinit$$00000025)
    __rt_lib_init_user_alloc_1               0x080001b3   Thumb Code     0  libinit2.o(.ARM.Collect$$libinit$$0000000C)
    __rt_lib_shutdown                        0x080001b5   Thumb Code     0  libshutdown.o(.ARM.Collect$$libshutdown$$00000000)
    __rt_lib_shutdown_fp_trap_1              0x080001b7   Thumb Code     0  libshutdown2.o(.ARM.Collect$$libshutdown$$00000006)
    __rt_lib_shutdown_heap_1                 0x080001b7   Thumb Code     0  libshutdown2.o(.ARM.Collect$$libshutdown$$0000000E)
    __rt_lib_shutdown_return                 0x080001b7   Thumb Code     0  libshutdown2.o(.ARM.Collect$$libshutdown$$0000000F)
    __rt_lib_shutdown_signal_1               0x080001b7   Thumb Code     0  libshutdown2.o(.ARM.Collect$$libshutdown$$00000009)
    __rt_lib_shutdown_stdio_1                0x080001b7   Thumb Code     0  libshutdown2.o(.ARM.Collect$$libshutdown$$00000003)
    __rt_lib_shutdown_user_alloc_1           0x080001b7   Thumb Code     0  libshutdown2.o(.ARM.Collect$$libshutdown$$0000000B)
    __rt_entry                               0x080001b9   Thumb Code     0  __rtentry.o(.ARM.Collect$$rtentry$$00000000)
    __rt_entry_presh_1                       0x080001b9   Thumb Code     0  __rtentry2.o(.ARM.Collect$$rtentry$$00000002)
    __rt_entry_sh                            0x080001b9   Thumb Code     0  __rtentry4.o(.ARM.Collect$$rtentry$$00000004)
    __rt_entry_li                            0x080001bf   Thumb Code     0  __rtentry2.o(.ARM.Collect$$rtentry$$0000000A)
    __rt_entry_postsh_1                      0x080001bf   Thumb Code     0  __rtentry2.o(.ARM.Collect$$rtentry$$00000009)
    __rt_entry_main                          0x080001c3   Thumb Code     0  __rtentry2.o(.ARM.Collect$$rtentry$$0000000D)
    __rt_entry_postli_1                      0x080001c3   Thumb Code     0  __rtentry2.o(.ARM.Collect$$rtentry$$0000000C)
    __rt_exit                                0x080001cb   Thumb Code     0  rtexit.o(.ARM.Collect$$rtexit$$00000000)
    __rt_exit_ls                             0x080001cd   Thumb Code     0  rtexit2.o(.ARM.Collect$$rtexit$$00000003)
    __rt_exit_prels_1                        0x080001cd   Thumb Code     0  rtexit2.o(.ARM.Collect$$rtexit$$00000002)
    __rt_exit_exit                           0x080001d1   Thumb Code     0  rtexit2.o(.ARM.Collect$$rtexit$$00000004)
    Reset_Handler                            0x080001d9   Thumb Code     8  startup_stm32l1xx_md.o(.text)
    _maybe_terminate_alloc                   0x080001d9   Thumb Code     0  maybetermalloc1.o(.emb_text)
    NMI_Handler                              0x080001e1   Thumb Code     2  startup_stm32l1xx_md.o(.text)
    HardFault_Handler                        0x080001e3   Thumb Code     2  startup_stm32l1xx_md.o(.text)
    MemManage_Handler                        0x080001e5   Thumb Code     2  startup_stm32l1xx_md.o(.text)
    BusFault_Handler                         0x080001e7   Thumb Code     2  startup_stm32l1xx_md.o(.text)
    UsageFault_Handler                       0x080001e9   Thumb Code     2  startup_stm32l1xx_md.o(.text)
    SVC_Handler                              0x080001eb   Thumb Code     2  startup_stm32l1xx_md.o(.text)
    DebugMon_Handler                         0x080001ed   Thumb Code     2  startup_stm32l1xx_md.o(.text)
    PendSV_Handler                           0x080001ef   Thumb Code     2  startup_stm32l1xx_md.o(.text)
    ADC1_IRQHandler                          0x080001f3   Thumb Code     0  startup_stm32l1xx_md.o(.text)
    COMP_IRQHandler                          0x080001f3   Thumb Code     0  startup_stm32l1xx_md.o(.text)
    DAC_IRQHandler                           0x080001f3   Thumb Code     0  startup_stm32l1xx_md.o(.text)
    DMA1_Channel1_IRQHandler                 0x080001f3   Thumb Code     0  startup_stm32l1xx_md.o(.text)
    DMA1_Channel3_IRQHandler                 0x080001f3   Thumb Code     0  startup_stm32l1xx_md.o(.text)
    DMA1_Channel4_IRQHandler                 0x080001f3   Thumb Code     0  startup_stm32l1xx_md.o(.text)
    DMA1_Channel5_IRQHandler                 0x080001f3   Thumb Code     0  startup_stm32l1xx_md.o(.text)
    DMA1_Channel6_IRQHandler                 0x080001f3   Thumb Code     0  startup_stm32l1xx_md.o(.text)
    DMA1_Channel7_IRQHandler                 0x080001f3   Thumb Code     0  startup_stm32l1xx_md.o(.text)
    EXTI0_IRQHandler                         0x080001f3   Thumb Code     0  startup_stm32l1xx_md.o(.text)
    EXTI1_IRQHandler                         0x080001f3   Thumb Code     0  startup_stm32l1xx_md.o(.text)
    EXTI2_IRQHandler                         0x080001f3   Thumb Code     0  startup_stm32l1xx_md.o(.text)
    EXTI3_IRQHandler                         0x080001f3   Thumb Code     0  startup_stm32l1xx_md.o(.text)
    EXTI4_IRQHandler                         0x080001f3   Thumb Code     0  startup_stm32l1xx_md.o(.text)
    FLASH_IRQHandler                         0x080001f3   Thumb Code     0  startup_stm32l1xx_md.o(.text)
    I2C1_ER_IRQHandler                       0x080001f3   Thumb Code     0  startup_stm32l1xx_md.o(.text)
    I2C1_EV_IRQHandler                       0x080001f3   Thumb Code     0  startup_stm32l1xx_md.o(.text)
    I2C2_ER_IRQHandler                       0x080001f3   Thumb Code     0  startup_stm32l1xx_md.o(.text)
    I2C2_EV_IRQHandler                       0x080001f3   Thumb Code     0  startup_stm32l1xx_md.o(.text)
    LCD_IRQHandler                           0x080001f3   Thumb Code     0  startup_stm32l1xx_md.o(.text)
    PVD_IRQHandler                           0x080001f3   Thumb Code     0  startup_stm32l1xx_md.o(.text)
    RCC_IRQHandler                           0x080001f3   Thumb Code     0  startup_stm32l1xx_md.o(.text)
    RTC_Alarm_IRQHandler                     0x080001f3   Thumb Code     0  startup_stm32l1xx_md.o(.text)
    RTC_WKUP_IRQHandler                      0x080001f3   Thumb Code     0  startup_stm32l1xx_md.o(.text)
    SPI2_IRQHandler                          0x080001f3   Thumb Code     0  startup_stm32l1xx_md.o(.text)
    TAMPER_STAMP_IRQHandler                  0x080001f3   Thumb Code     0  startup_stm32l1xx_md.o(.text)
    TIM11_IRQHandler                         0x080001f3   Thumb Code     0  startup_stm32l1xx_md.o(.text)
    TIM2_IRQHandler                          0x080001f3   Thumb Code     0  startup_stm32l1xx_md.o(.text)
    TIM4_IRQHandler                          0x080001f3   Thumb Code     0  startup_stm32l1xx_md.o(.text)
    TIM7_IRQHandler                          0x080001f3   Thumb Code     0  startup_stm32l1xx_md.o(.text)
    TIM9_IRQHandler                          0x080001f3   Thumb Code     0  startup_stm32l1xx_md.o(.text)
    USART2_IRQHandler                        0x080001f3   Thumb Code     0  startup_stm32l1xx_md.o(.text)
    USART3_IRQHandler                        0x080001f3   Thumb Code     0  startup_stm32l1xx_md.o(.text)
    USB_FS_WKUP_IRQHandler                   0x080001f3   Thumb Code     0  startup_stm32l1xx_md.o(.text)
    USB_HP_IRQHandler                        0x080001f3   Thumb Code     0  startup_stm32l1xx_md.o(.text)
    USB_LP_IRQHandler                        0x080001f3   Thumb Code     0  startup_stm32l1xx_md.o(.text)
    WWDG_IRQHandler                          0x080001f3   Thumb Code     0  startup_stm32l1xx_md.o(.text)
    __user_initial_stackheap                 0x080001f5   Thumb Code     0  startup_stm32l1xx_md.o(.text)
    malloc                                   0x08000219   Thumb Code    94  h1_alloc.o(.text)
    __use_two_region_memory                  0x08000277   Thumb Code     2  heapauxi.o(.text)
    __rt_heap_escrow                         0x08000279   Thumb Code     2  heapauxi.o(.text)
    __rt_heap_expand                         0x0800027b   Thumb Code     2  heapauxi.o(.text)
    __rt_heap_descriptor                     0x0800027d   Thumb Code     8  rt_heap_descriptor_intlibspace.o(.text)
    __use_no_heap                            0x08000285   Thumb Code     2  hguard.o(.text)
    __heap$guard                             0x08000287   Thumb Code     2  hguard.o(.text)
    _terminate_user_alloc                    0x08000289   Thumb Code     2  init_alloc.o(.text)
    _init_user_alloc                         0x0800028b   Thumb Code     2  init_alloc.o(.text)
    __Heap_Full                              0x0800028d   Thumb Code    34  init_alloc.o(.text)
    __Heap_Broken                            0x080002af   Thumb Code     6  init_alloc.o(.text)
    _init_alloc                              0x080002b5   Thumb Code    94  init_alloc.o(.text)
    __Heap_Initialize                        0x08000313   Thumb Code    10  h1_init.o(.text)
    __Heap_DescSize                          0x0800031d   Thumb Code     4  h1_init.o(.text)
    free                                     0x08000321   Thumb Code    78  h1_free.o(.text)
    __user_libspace                          0x08000371   Thumb Code     8  libspace.o(.text)
    __user_perproc_libspace                  0x08000371   Thumb Code     0  libspace.o(.text)
    __user_perthread_libspace                0x08000371   Thumb Code     0  libspace.o(.text)
    __Heap_ProvideMemory                     0x08000379   Thumb Code    52  h1_extend.o(.text)
    __rt_SIGRTMEM                            0x080003ad   Thumb Code    14  defsig_rtmem_outer.o(.text)
    __I$use$semihosting                      0x080003bb   Thumb Code     0  use_no_semi.o(.text)
    __use_no_semihosting_swi                 0x080003bb   Thumb Code     2  use_no_semi.o(.text)
    __semihosting_library_function           0x080003bd   Thumb Code     0  indicate_semi.o(.text)
    __user_setup_stackheap                   0x080003bd   Thumb Code    74  sys_stackheap_outer.o(.text)
    exit                                     0x08000407   Thumb Code    12  exit.o(.text)
    __sig_exit                               0x08000413   Thumb Code    10  defsig_exit.o(.text)
    __rt_SIGRTMEM_inner                      0x0800041d   Thumb Code    22  defsig_rtmem_inner.o(.text)
    _sys_exit                                0x0800046d   Thumb Code     8  sys_exit.o(.text)
    __default_signal_display                 0x08000479   Thumb Code    50  defsig_general.o(.text)
    _ttywrch                                 0x080004ab   Thumb Code    14  sys_wrch.o(.text)
    BUZZER_GPIO_init                         0x080004b9   Thumb Code    62  buzzer.o(i.BUZZER_GPIO_init)
    BUZZER_PWM_init                          0x08000501   Thumb Code   124  buzzer.o(i.BUZZER_PWM_init)
    BUZZER_music_init                        0x08000585   Thumb Code    44  buzzer.o(i.BUZZER_music_init)
    BUZZER_reset_timer                       0x080005d1   Thumb Code    70  buzzer.o(i.BUZZER_reset_timer)
    ClrKeyb                                  0x08000625   Thumb Code    50  key.o(i.ClrKeyb)
    DAC_GPIO_init                            0x08000679   Thumb Code    36  buzzer.o(i.DAC_GPIO_init)
    DAC_LOGIC_init                           0x080006a5   Thumb Code    46  buzzer.o(i.DAC_LOGIC_init)
    DMA1_Channel2_IRQHandler                 0x080006dd   Thumb Code    56  led.o(i.DMA1_Channel2_IRQHandler)
    EEPROM_32_read                           0x0800071d   Thumb Code    10  eeprom.o(i.EEPROM_32_read)
    EEPROM_32_write                          0x0800072d   Thumb Code    62  eeprom.o(i.EEPROM_32_write)
    EEPROM_SystemBackup                      0x08000775   Thumb Code    62  eeprom.o(i.EEPROM_SystemBackup)
    EEPROM_unlock                            0x080007b9   Thumb Code    28  eeprom.o(i.EEPROM_unlock)
    EXTI15_10_IRQHandler                     0x080007e1   Thumb Code   112  rfm69w.o(i.EXTI15_10_IRQHandler)
    EXTI9_5_IRQHandler                       0x0800087d   Thumb Code   202  hall.o(i.EXTI9_5_IRQHandler)
    GPIO_config                              0x08000955   Thumb Code   402  system_stm32l1xx.o(i.GPIO_config)
    GetKeybSample                            0x08000af9   Thumb Code    30  key.o(i.GetKeybSample)
    GetKeys                                  0x08000b1d   Thumb Code    26  key.o(i.GetKeys)
    HALL_init                                0x08000b41   Thumb Code   170  hall.o(i.HALL_init)
    KEY_init                                 0x08000bfd   Thumb Code    76  key.o(i.KEY_init)
    KeybProc                                 0x08000c4d   Thumb Code   138  key.o(i.KeybProc)
    LED_set_values                           0x08000cfd   Thumb Code    32  led.o(i.LED_set_values)
    MENU_PacketInterpreter                   0x08000d21   Thumb Code   188  menu.o(i.MENU_PacketInterpreter)
    MENU_init                                0x08000de5   Thumb Code   348  menu.o(i.MENU_init)
    RFM69W_ACKReceived                       0x08000fd9   Thumb Code    50  rfm69w.o(i.RFM69W_ACKReceived)
    RFM69W_GPIO_init                         0x08001029   Thumb Code   152  rfm69w.o(i.RFM69W_GPIO_init)
    RFM69W_REG_init                          0x080010cd   Thumb Code   606  rfm69w.o(i.RFM69W_REG_init)
    RFM69W_SPI_init                          0x08001359   Thumb Code    28  rfm69w.o(i.RFM69W_SPI_init)
    RFM69W_SPI_send_8poll                    0x0800137d   Thumb Code    78  rfm69w.o(i.RFM69W_SPI_send_8poll)
    RFM69W_SPI_send_poll                     0x080013d1   Thumb Code   282  rfm69w.o(i.RFM69W_SPI_send_poll)
    RFM69W_SPI_set_bit                       0x080014f5   Thumb Code    32  rfm69w.o(i.RFM69W_SPI_set_bit)
    RFM69W_canSend                           0x08001515   Thumb Code    40  rfm69w.o(i.RFM69W_canSend)
    RFM69W_encrypt                           0x0800153d   Thumb Code   112  rfm69w.o(i.RFM69W_encrypt)
    RFM69W_init                              0x080015b5   Thumb Code    16  rfm69w.o(i.RFM69W_init)
    RFM69W_interruptHandler                  0x080015c5   Thumb Code   300  rfm69w.o(i.RFM69W_interruptHandler)
    RFM69W_listenModeOFF                     0x0800175d   Thumb Code    60  rfm69w.o(i.RFM69W_listenModeOFF)
    RFM69W_listenModeON                      0x080017ad   Thumb Code    26  rfm69w.o(i.RFM69W_listenModeON)
    RFM69W_readRSSI                          0x080017dd   Thumb Code    56  rfm69w.o(i.RFM69W_readRSSI)
    RFM69W_receiveBegin                      0x08001815   Thumb Code    56  rfm69w.o(i.RFM69W_receiveBegin)
    RFM69W_reset                             0x08001851   Thumb Code   102  rfm69w.o(i.RFM69W_reset)
    RFM69W_send                              0x080018d1   Thumb Code    72  rfm69w.o(i.RFM69W_send)
    RFM69W_sendACK                           0x08001919   Thumb Code    68  rfm69w.o(i.RFM69W_sendACK)
    RFM69W_sendFrame                         0x08001975   Thumb Code   308  rfm69w.o(i.RFM69W_sendFrame)
    RFM69W_sendWithRetry                     0x08001b29   Thumb Code   130  rfm69w.o(i.RFM69W_sendWithRetry)
    RFM69W_setMap                            0x08001bb1   Thumb Code   204  rfm69w.o(i.RFM69W_setMap)
    RFM69W_setMode                           0x08001c7d   Thumb Code   184  rfm69w.o(i.RFM69W_setMode)
    SPI1_IRQHandler                          0x08001d39   Thumb Code   206  rfm69w.o(i.SPI1_IRQHandler)
    SYS_TICK_init                            0x08001e15   Thumb Code    70  sys_tick.o(i.SYS_TICK_init)
    SYS_TICK_timeOut                         0x08001e65   Thumb Code    46  sys_tick.o(i.SYS_TICK_timeOut)
    SysTick_Handler                          0x08001fa9   Thumb Code    42  sys_tick.o(i.SysTick_Handler)
    SystemInit                               0x08001fdd   Thumb Code    88  system_stm32l1xx.o(i.SystemInit)
    TIM10_IRQHandler                         0x08002045   Thumb Code    46  led.o(i.TIM10_IRQHandler)
    TIM3_IRQHandler                          0x08002081   Thumb Code   396  buzzer.o(i.TIM3_IRQHandler)
    TIM6_IRQHandler                          0x08002225   Thumb Code    56  hall.o(i.TIM6_IRQHandler)
    USART1_IRQHandler                        0x08002265   Thumb Code    94  usart.o(i.USART1_IRQHandler)
    USART_init                               0x080022cd   Thumb Code   104  usart.o(i.USART_init)
    USART_putchar                            0x08002341   Thumb Code    22  usart.o(i.USART_putchar)
    USART_send                               0x0800235d   Thumb Code    22  usart.o(i.USART_send)
    USART_write_buf                          0x08002373   Thumb Code    88  usart.o(i.USART_write_buf)
    _BUZZER_alarm_set_tempo_list             0x080023cd   Thumb Code    20  buzzer.o(i._BUZZER_alarm_set_tempo_list)
    _BUZZER_alarm_set_tone_list              0x080023e9   Thumb Code    32  buzzer.o(i._BUZZER_alarm_set_tone_list)
    _BUZZER_alarm_set_vol_list               0x08002411   Thumb Code    18  buzzer.o(i._BUZZER_alarm_set_vol_list)
    _BUZZER_alarm_start                      0x08002431   Thumb Code    76  buzzer.o(i._BUZZER_alarm_start)
    _BUZZER_alarm_stop                       0x08002491   Thumb Code     8  buzzer.o(i._BUZZER_alarm_stop)
    _BUZZER_init                             0x08002499   Thumb Code   176  buzzer.o(i._BUZZER_init)
    _BUZZER_play_music                       0x0800255d   Thumb Code    60  buzzer.o(i._BUZZER_play_music)
    _BUZZER_single_beep                      0x080025a9   Thumb Code    34  buzzer.o(i._BUZZER_single_beep)
    _BUZZER_stop_music                       0x080025dd   Thumb Code    12  buzzer.o(i._BUZZER_stop_music)
    _LED_animate                             0x080025e9   Thumb Code   744  led.o(i._LED_animate)
    _LED_animate_change                      0x080028e5   Thumb Code    64  led.o(i._LED_animate_change)
    _LED_animate_delay                       0x0800293d   Thumb Code    22  led.o(i._LED_animate_delay)
    _LED_animate_off                         0x08002959   Thumb Code    58  led.o(i._LED_animate_off)
    _LED_blink_off                           0x080029ad   Thumb Code    24  led.o(i._LED_blink_off)
    _LED_blink_on                            0x080029cd   Thumb Code    74  led.o(i._LED_blink_on)
    _LED_change_animate_list                 0x08002a29   Thumb Code    14  led.o(i._LED_change_animate_list)
    _LED_change_brightness                   0x08002a3d   Thumb Code   268  led.o(i._LED_change_brightness)
    _LED_change_brightness_all               0x08002b4d   Thumb Code    44  led.o(i._LED_change_brightness_all)
    _LED_change_brightness_limit             0x08002b79   Thumb Code    28  led.o(i._LED_change_brightness_limit)
    _LED_change_brightness_limit_list        0x08002b9d   Thumb Code    14  led.o(i._LED_change_brightness_limit_list)
    _LED_change_color                        0x08002bb1   Thumb Code   160  led.o(i._LED_change_color)
    _LED_change_color_all                    0x08002c55   Thumb Code    74  led.o(i._LED_change_color_all)
    _LED_init                                0x08002ca1   Thumb Code    90  led.o(i._LED_init)
    _LED_off                                 0x08002d19   Thumb Code    30  led.o(i._LED_off)
    _LED_on                                  0x08002d3d   Thumb Code    32  led.o(i._LED_on)
    _LED_refresh                             0x08002d61   Thumb Code    34  led.o(i._LED_refresh)
    _LED_set                                 0x08002d8d   Thumb Code   256  led.o(i._LED_set)
    _LED_set_color                           0x08002ea5   Thumb Code    90  led.o(i._LED_set_color)
    _LED_set_color_list                      0x08002f09   Thumb Code    38  led.o(i._LED_set_color_list)
    _dbl2stri                                0x08002f35   Thumb Code   374  float.o(i._dbl2stri)
    _decimal_binary                          0x080030bd   Thumb Code    44  float.o(i._decimal_binary)
    led_DMA_init                             0x080030e9   Thumb Code   138  led.o(i.led_DMA_init)
    led_bus_reset                            0x08003189   Thumb Code    54  led.o(i.led_bus_reset)
    led_gpio_init                            0x080031c9   Thumb Code    74  led.o(i.led_gpio_init)
    led_refresh_timer_init                   0x0800321d   Thumb Code   152  led.o(i.led_refresh_timer_init)
    led_timer_init                           0x080032c1   Thumb Code    96  led.o(i.led_timer_init)
    led_timer_on                             0x08003325   Thumb Code    32  led.o(i.led_timer_on)
    main                                     0x08003349   Thumb Code   472  main.o(i.main)
    menu_1_fun                               0x080035e5   Thumb Code    94  menu.o(i.menu_1_fun)
    menu_2_fun                               0x08003671   Thumb Code   306  menu.o(i.menu_2_fun)
    menu_3_fun                               0x080037e5   Thumb Code   310  menu.o(i.menu_3_fun)
    menu_4_fun                               0x0800395d   Thumb Code   290  menu.o(i.menu_4_fun)
    menu_5_fun                               0x08003ac1   Thumb Code   278  menu.o(i.menu_5_fun)
    menu_6_fun                               0x08003c15   Thumb Code   278  menu.o(i.menu_6_fun)
    menu_7_fun                               0x08003d69   Thumb Code   290  menu.o(i.menu_7_fun)
    menu_8_fun                               0x08003ec5   Thumb Code   286  menu.o(i.menu_8_fun)
    reverse                                  0x08004011   Thumb Code    40  led.o(i.reverse)
    __aeabi_dadd                             0x08004039   Thumb Code     0  daddsub_clz.o(x$fpl$dadd)
    _dadd                                    0x08004039   Thumb Code   332  daddsub_clz.o(x$fpl$dadd)
    __fpl_dcmp_Inf                           0x08004189   Thumb Code    24  dcmpi.o(x$fpl$dcmpinf)
    __aeabi_d2uiz                            0x080041a1   Thumb Code     0  dfixu.o(x$fpl$dfixu)
    _dfixu                                   0x080041a1   Thumb Code    90  dfixu.o(x$fpl$dfixu)
    __aeabi_i2d                              0x080041fb   Thumb Code     0  dflt_clz.o(x$fpl$dflt)
    _dflt                                    0x080041fb   Thumb Code    46  dflt_clz.o(x$fpl$dflt)
    __aeabi_ui2d                             0x08004229   Thumb Code     0  dflt_clz.o(x$fpl$dfltu)
    _dfltu                                   0x08004229   Thumb Code    38  dflt_clz.o(x$fpl$dfltu)
    __aeabi_cdcmple                          0x08004251   Thumb Code     0  dleqf.o(x$fpl$dleqf)
    _dcmple                                  0x08004251   Thumb Code   120  dleqf.o(x$fpl$dleqf)
    __fpl_dcmple_InfNaN                      0x080042b3   Thumb Code     0  dleqf.o(x$fpl$dleqf)
    __aeabi_dmul                             0x080042c9   Thumb Code     0  dmul.o(x$fpl$dmul)
    _dmul                                    0x080042c9   Thumb Code   332  dmul.o(x$fpl$dmul)
    __fpl_dnaninf                            0x0800441d   Thumb Code   156  dnaninf.o(x$fpl$dnaninf)
    __fpl_dretinf                            0x080044b9   Thumb Code    12  dretinf.o(x$fpl$dretinf)
    __aeabi_drsub                            0x080044c5   Thumb Code     0  daddsub_clz.o(x$fpl$drsb)
    _drsb                                    0x080044c5   Thumb Code    22  daddsub_clz.o(x$fpl$drsb)
    __aeabi_dsub                             0x080044dd   Thumb Code     0  daddsub_clz.o(x$fpl$dsub)
    _dsub                                    0x080044dd   Thumb Code   464  daddsub_clz.o(x$fpl$dsub)
    __I$use$fp                               0x080046b0   Number         0  usenofp.o(x$fpl$usenofp)
    Region$$Table$$Base                      0x08004708   Number         0  anon$$obj.o(Region$$Table)
    Region$$Table$$Limit                     0x08004728   Number         0  anon$$obj.o(Region$$Table)
    SystemCoreClock                          0x20000000   Data           4  system_stm32l1xx.o(.data)
    PLLMulTable                              0x20000004   Data           9  system_stm32l1xx.o(.data)
    AHBPrescTable                            0x2000000d   Data          16  system_stm32l1xx.o(.data)
    System                                   0x2000001d   Data           7  main.o(.data)
    _1_menu                                  0x20000044   Data           4  menu.o(.data)
    _2_menu                                  0x20000048   Data           4  menu.o(.data)
    _3_menu                                  0x2000004c   Data           4  menu.o(.data)
    _4_menu                                  0x20000050   Data           4  menu.o(.data)
    _5_menu                                  0x20000054   Data           4  menu.o(.data)
    _6_menu                                  0x20000058   Data           4  menu.o(.data)
    _7_menu                                  0x2000005c   Data           4  menu.o(.data)
    _8_menu                                  0x20000060   Data           4  menu.o(.data)
    _actual                                  0x20000064   Data           4  menu.o(.data)
    _milis                                   0x2000006c   Data           4  sys_tick.o(.data)
    _cnt                                     0x20000070   Data           1  sys_tick.o(.data)
    beep                                     0x20000072   Data           8  buzzer.o(.data)
    BUZZER_mode                              0x2000007a   Data           1  buzzer.o(.data)
    BUZZER_AlarmTones                        0x2000007b   Data          12  buzzer.o(.data)
    BUZZER_AlarmVols                         0x20000087   Data           6  buzzer.o(.data)
    BUZZER_AlarmTempos                       0x2000008e   Data          20  buzzer.o(.data)
    music_0_tempo                            0x200000a2   Data          10  buzzer.o(.data)
    music_0_tone                             0x200000ac   Data           5  buzzer.o(.data)
    music_1_tempo                            0x200000b2   Data          92  buzzer.o(.data)
    music_1_tone                             0x2000010e   Data          46  buzzer.o(.data)
    music_2_tempo                            0x2000013c   Data          58  buzzer.o(.data)
    music_2_tone                             0x20000176   Data          29  buzzer.o(.data)
    i                                        0x20000193   Data           1  led.o(.data)
    led_current_animation                    0x20000194   Data           1  led.o(.data)
    animation_step                           0x20000195   Data           1  led.o(.data)
    led_animate_brightness                   0x20000196   Data           1  led.o(.data)
    led_brightness_normal                    0x20000197   Data           1  led.o(.data)
    LED_blinking_state                       0x20000198   Data           1  led.o(.data)
    led_blink_status                         0x20000199   Data           5  led.o(.data)
    led_brightness_coeff                     0x2000019e   Data           1  led.o(.data)
    led_animations                           0x2000019f   Data           2  led.o(.data)
    led_colors                               0x200001a1   Data          21  led.o(.data)
    led_brightness                           0x200001b6   Data           7  led.o(.data)
    _LED_dma_flag                            0x200001bd   Data           1  led.o(.data)
    _LED_refresh_flag                        0x200001be   Data           1  led.o(.data)
    RFM69W_FIFO                              0x200001c0   Data          82  rfm69w.o(.bss)
    RFM69W_Data                              0x20000212   Data          72  rfm69w.o(.bss)
    USART_FIFO                               0x2000025a   Data        1002  usart.o(.bss)
    HALL_Data                                0x200006c4   Data          12  hall.o(.bss)
    music                                    0x200006d0   Data          28  buzzer.o(.bss)
    alarm                                    0x200006ec   Data          10  buzzer.o(.bss)
    temp_value                               0x200006f8   Data          48  led.o(.bss)
    led                                      0x20000728   Data         240  led.o(.bss)
    led_state                                0x20000818   Data          20  led.o(.bss)
    led_state_temp                           0x2000082c   Data          20  led.o(.bss)
    __libspace_start                         0x20000840   Data          96  libspace.o(.bss)
    __temporary_stack_top$libspace           0x200008a0   Data           0  libspace.o(.bss)



==============================================================================

Memory Map of the image

  Image Entry point : 0x080001d9

  Load Region LR_1 (Base: 0x08000000, Size: 0x000048e8, Max: 0xffffffff, ABSOLUTE, COMPRESSED[0x000047f0])

    Execution Region ER_RO (Base: 0x08000000, Size: 0x00004728, Max: 0xffffffff, ABSOLUTE)

    Base Addr    Size         Type   Attr      Idx    E Section Name        Object

    0x08000000   0x000000f4   Data   RO            3    RESET               startup_stm32l1xx_md.o
    0x080000f4   0x00000008   Code   RO         1289  * !!!main             c_w.l(__main.o)
    0x080000fc   0x00000034   Code   RO         1526    !!!scatter          c_w.l(__scatter.o)
    0x08000130   0x0000005a   Code   RO         1524    !!dczerorl2         c_w.l(__dczerorl2.o)
    0x0800018a   0x00000002   PAD
    0x0800018c   0x0000001c   Code   RO         1528    !!handler_zi        c_w.l(__scatter_zi.o)
    0x080001a8   0x00000002   Code   RO         1464    .ARM.Collect$$libinit$$00000000  c_w.l(libinit.o)
    0x080001aa   0x00000000   Code   RO         1350    .ARM.Collect$$libinit$$00000002  c_w.l(libinit2.o)
    0x080001aa   0x00000000   Code   RO         1352    .ARM.Collect$$libinit$$00000004  c_w.l(libinit2.o)
    0x080001aa   0x00000008   Code   RO         1353    .ARM.Collect$$libinit$$00000005  c_w.l(libinit2.o)
    0x080001b2   0x00000000   Code   RO         1355    .ARM.Collect$$libinit$$0000000A  c_w.l(libinit2.o)
    0x080001b2   0x00000000   Code   RO         1357    .ARM.Collect$$libinit$$0000000C  c_w.l(libinit2.o)
    0x080001b2   0x00000000   Code   RO         1359    .ARM.Collect$$libinit$$0000000E  c_w.l(libinit2.o)
    0x080001b2   0x00000000   Code   RO         1362    .ARM.Collect$$libinit$$00000011  c_w.l(libinit2.o)
    0x080001b2   0x00000000   Code   RO         1364    .ARM.Collect$$libinit$$00000013  c_w.l(libinit2.o)
    0x080001b2   0x00000000   Code   RO         1366    .ARM.Collect$$libinit$$00000015  c_w.l(libinit2.o)
    0x080001b2   0x00000000   Code   RO         1368    .ARM.Collect$$libinit$$00000017  c_w.l(libinit2.o)
    0x080001b2   0x00000000   Code   RO         1370    .ARM.Collect$$libinit$$00000019  c_w.l(libinit2.o)
    0x080001b2   0x00000000   Code   RO         1372    .ARM.Collect$$libinit$$0000001B  c_w.l(libinit2.o)
    0x080001b2   0x00000000   Code   RO         1374    .ARM.Collect$$libinit$$0000001D  c_w.l(libinit2.o)
    0x080001b2   0x00000000   Code   RO         1376    .ARM.Collect$$libinit$$0000001F  c_w.l(libinit2.o)
    0x080001b2   0x00000000   Code   RO         1378    .ARM.Collect$$libinit$$00000021  c_w.l(libinit2.o)
    0x080001b2   0x00000000   Code   RO         1380    .ARM.Collect$$libinit$$00000023  c_w.l(libinit2.o)
    0x080001b2   0x00000000   Code   RO         1382    .ARM.Collect$$libinit$$00000025  c_w.l(libinit2.o)
    0x080001b2   0x00000000   Code   RO         1386    .ARM.Collect$$libinit$$0000002C  c_w.l(libinit2.o)
    0x080001b2   0x00000000   Code   RO         1388    .ARM.Collect$$libinit$$0000002E  c_w.l(libinit2.o)
    0x080001b2   0x00000000   Code   RO         1390    .ARM.Collect$$libinit$$00000030  c_w.l(libinit2.o)
    0x080001b2   0x00000000   Code   RO         1392    .ARM.Collect$$libinit$$00000032  c_w.l(libinit2.o)
    0x080001b2   0x00000002   Code   RO         1393    .ARM.Collect$$libinit$$00000033  c_w.l(libinit2.o)
    0x080001b4   0x00000002   Code   RO         1521    .ARM.Collect$$libshutdown$$00000000  c_w.l(libshutdown.o)
    0x080001b6   0x00000000   Code   RO         1479    .ARM.Collect$$libshutdown$$00000003  c_w.l(libshutdown2.o)
    0x080001b6   0x00000000   Code   RO         1482    .ARM.Collect$$libshutdown$$00000006  c_w.l(libshutdown2.o)
    0x080001b6   0x00000000   Code   RO         1485    .ARM.Collect$$libshutdown$$00000009  c_w.l(libshutdown2.o)
    0x080001b6   0x00000000   Code   RO         1487    .ARM.Collect$$libshutdown$$0000000B  c_w.l(libshutdown2.o)
    0x080001b6   0x00000000   Code   RO         1490    .ARM.Collect$$libshutdown$$0000000E  c_w.l(libshutdown2.o)
    0x080001b6   0x00000002   Code   RO         1491    .ARM.Collect$$libshutdown$$0000000F  c_w.l(libshutdown2.o)
    0x080001b8   0x00000000   Code   RO         1313    .ARM.Collect$$rtentry$$00000000  c_w.l(__rtentry.o)
    0x080001b8   0x00000000   Code   RO         1407    .ARM.Collect$$rtentry$$00000002  c_w.l(__rtentry2.o)
    0x080001b8   0x00000006   Code   RO         1419    .ARM.Collect$$rtentry$$00000004  c_w.l(__rtentry4.o)
    0x080001be   0x00000000   Code   RO         1409    .ARM.Collect$$rtentry$$00000009  c_w.l(__rtentry2.o)
    0x080001be   0x00000004   Code   RO         1410    .ARM.Collect$$rtentry$$0000000A  c_w.l(__rtentry2.o)
    0x080001c2   0x00000000   Code   RO         1412    .ARM.Collect$$rtentry$$0000000C  c_w.l(__rtentry2.o)
    0x080001c2   0x00000008   Code   RO         1413    .ARM.Collect$$rtentry$$0000000D  c_w.l(__rtentry2.o)
    0x080001ca   0x00000002   Code   RO         1467    .ARM.Collect$$rtexit$$00000000  c_w.l(rtexit.o)
    0x080001cc   0x00000000   Code   RO         1495    .ARM.Collect$$rtexit$$00000002  c_w.l(rtexit2.o)
    0x080001cc   0x00000004   Code   RO         1496    .ARM.Collect$$rtexit$$00000003  c_w.l(rtexit2.o)
    0x080001d0   0x00000006   Code   RO         1497    .ARM.Collect$$rtexit$$00000004  c_w.l(rtexit2.o)
    0x080001d6   0x00000002   PAD
    0x080001d8   0x00000000   Code   RO         1423    .emb_text           c_w.l(maybetermalloc1.o)
    0x080001d8   0x00000040   Code   RO            4  * .text               startup_stm32l1xx_md.o
    0x08000218   0x0000005e   Code   RO         1233    .text               c_w.l(h1_alloc.o)
    0x08000276   0x00000006   Code   RO         1287    .text               c_w.l(heapauxi.o)
    0x0800027c   0x00000008   Code   RO         1317    .text               c_w.l(rt_heap_descriptor_intlibspace.o)
    0x08000284   0x00000004   Code   RO         1319    .text               c_w.l(hguard.o)
    0x08000288   0x0000008a   Code   RO         1321    .text               c_w.l(init_alloc.o)
    0x08000312   0x0000000e   Code   RO         1327    .text               c_w.l(h1_init.o)
    0x08000320   0x0000004e   Code   RO         1329    .text               c_w.l(h1_free.o)
    0x0800036e   0x00000002   PAD
    0x08000370   0x00000008   Code   RO         1403    .text               c_w.l(libspace.o)
    0x08000378   0x00000034   Code   RO         1425    .text               c_w.l(h1_extend.o)
    0x080003ac   0x0000000e   Code   RO         1429    .text               c_w.l(defsig_rtmem_outer.o)
    0x080003ba   0x00000002   Code   RO         1440    .text               c_w.l(use_no_semi.o)
    0x080003bc   0x00000000   Code   RO         1442    .text               c_w.l(indicate_semi.o)
    0x080003bc   0x0000004a   Code   RO         1443    .text               c_w.l(sys_stackheap_outer.o)
    0x08000406   0x0000000c   Code   RO         1449    .text               c_w.l(exit.o)
    0x08000412   0x0000000a   Code   RO         1451    .text               c_w.l(defsig_exit.o)
    0x0800041c   0x00000050   Code   RO         1453    .text               c_w.l(defsig_rtmem_inner.o)
    0x0800046c   0x0000000c   Code   RO         1465    .text               c_w.l(sys_exit.o)
    0x08000478   0x00000032   Code   RO         1475    .text               c_w.l(defsig_general.o)
    0x080004aa   0x0000000e   Code   RO         1492    .text               c_w.l(sys_wrch.o)
    0x080004b8   0x00000048   Code   RO          866    i.BUZZER_GPIO_init  buzzer.o
    0x08000500   0x00000084   Code   RO          867    i.BUZZER_PWM_init   buzzer.o
    0x08000584   0x0000004c   Code   RO          868    i.BUZZER_music_init  buzzer.o
    0x080005d0   0x00000054   Code   RO          869    i.BUZZER_reset_timer  buzzer.o
    0x08000624   0x00000054   Code   RO          536    i.ClrKeyb           key.o
    0x08000678   0x0000002c   Code   RO          870    i.DAC_GPIO_init     buzzer.o
    0x080006a4   0x00000038   Code   RO          871    i.DAC_LOGIC_init    buzzer.o
    0x080006dc   0x00000040   Code   RO         1003    i.DMA1_Channel2_IRQHandler  led.o
    0x0800071c   0x00000010   Code   RO           82    i.EEPROM_32_read    eeprom.o
    0x0800072c   0x00000048   Code   RO           83    i.EEPROM_32_write   eeprom.o
    0x08000774   0x00000044   Code   RO           90    i.EEPROM_SystemBackup  eeprom.o
    0x080007b8   0x00000028   Code   RO           94    i.EEPROM_unlock     eeprom.o
    0x080007e0   0x0000009c   Code   RO          283    i.EXTI15_10_IRQHandler  rfm69w.o
    0x0800087c   0x000000d8   Code   RO          810    i.EXTI9_5_IRQHandler  hall.o
    0x08000954   0x000001a4   Code   RO           13    i.GPIO_config       system_stm32l1xx.o
    0x08000af8   0x00000024   Code   RO          537    i.GetKeybSample     key.o
    0x08000b1c   0x00000024   Code   RO          538    i.GetKeys           key.o
    0x08000b40   0x000000bc   Code   RO          811    i.HALL_init         hall.o
    0x08000bfc   0x00000050   Code   RO          541    i.KEY_init          key.o
    0x08000c4c   0x000000b0   Code   RO          543    i.KeybProc          key.o
    0x08000cfc   0x00000024   Code   RO         1004    i.LED_set_values    led.o
    0x08000d20   0x000000c4   Code   RO          617    i.MENU_PacketInterpreter  menu.o
    0x08000de4   0x000001a0   Code   RO          618    i.MENU_init         menu.o
    0x08000f84   0x00000016   Code   RO          812    i.NVIC_EnableIRQ    hall.o
    0x08000f9a   0x00000016   Code   RO         1005    i.NVIC_EnableIRQ    led.o
    0x08000fb0   0x00000028   Code   RO          813    i.NVIC_SetPriority  hall.o
    0x08000fd8   0x00000050   Code   RO          284    i.RFM69W_ACKReceived  rfm69w.o
    0x08001028   0x000000a4   Code   RO          285    i.RFM69W_GPIO_init  rfm69w.o
    0x080010cc   0x0000028c   Code   RO          286    i.RFM69W_REG_init   rfm69w.o
    0x08001358   0x00000024   Code   RO          288    i.RFM69W_SPI_init   rfm69w.o
    0x0800137c   0x00000054   Code   RO          290    i.RFM69W_SPI_send_8poll  rfm69w.o
    0x080013d0   0x00000124   Code   RO          291    i.RFM69W_SPI_send_poll  rfm69w.o
    0x080014f4   0x00000020   Code   RO          292    i.RFM69W_SPI_set_bit  rfm69w.o
    0x08001514   0x00000028   Code   RO          294    i.RFM69W_canSend    rfm69w.o
    0x0800153c   0x00000078   Code   RO          295    i.RFM69W_encrypt    rfm69w.o
    0x080015b4   0x00000010   Code   RO          296    i.RFM69W_init       rfm69w.o
    0x080015c4   0x00000198   Code   RO          297    i.RFM69W_interruptHandler  rfm69w.o
    0x0800175c   0x00000050   Code   RO          298    i.RFM69W_listenModeOFF  rfm69w.o
    0x080017ac   0x00000030   Code   RO          299    i.RFM69W_listenModeON  rfm69w.o
    0x080017dc   0x00000038   Code   RO          301    i.RFM69W_readRSSI   rfm69w.o
    0x08001814   0x0000003c   Code   RO          302    i.RFM69W_receiveBegin  rfm69w.o
    0x08001850   0x00000080   Code   RO          303    i.RFM69W_reset      rfm69w.o
    0x080018d0   0x00000048   Code   RO          304    i.RFM69W_send       rfm69w.o
    0x08001918   0x0000005c   Code   RO          305    i.RFM69W_sendACK    rfm69w.o
    0x08001974   0x000001b4   Code   RO          306    i.RFM69W_sendFrame  rfm69w.o
    0x08001b28   0x00000088   Code   RO          307    i.RFM69W_sendWithRetry  rfm69w.o
    0x08001bb0   0x000000cc   Code   RO          308    i.RFM69W_setMap     rfm69w.o
    0x08001c7c   0x000000bc   Code   RO          309    i.RFM69W_setMode    rfm69w.o
    0x08001d38   0x000000dc   Code   RO          310    i.SPI1_IRQHandler   rfm69w.o
    0x08001e14   0x00000050   Code   RO          767    i.SYS_TICK_init     sys_tick.o
    0x08001e64   0x00000034   Code   RO          768    i.SYS_TICK_timeOut  sys_tick.o
    0x08001e98   0x00000110   Code   RO           14    i.SetSysClock       system_stm32l1xx.o
    0x08001fa8   0x00000034   Code   RO          769    i.SysTick_Handler   sys_tick.o
    0x08001fdc   0x00000068   Code   RO           16    i.SystemInit        system_stm32l1xx.o
    0x08002044   0x0000003c   Code   RO         1006    i.TIM10_IRQHandler  led.o
    0x08002080   0x000001a4   Code   RO          872    i.TIM3_IRQHandler   buzzer.o
    0x08002224   0x00000040   Code   RO          814    i.TIM6_IRQHandler   hall.o
    0x08002264   0x00000068   Code   RO          479    i.USART1_IRQHandler  usart.o
    0x080022cc   0x00000074   Code   RO          480    i.USART_init        usart.o
    0x08002340   0x0000001c   Code   RO          481    i.USART_putchar     usart.o
    0x0800235c   0x00000016   Code   RO          482    i.USART_send        usart.o
    0x08002372   0x00000058   Code   RO          484    i.USART_write_buf   usart.o
    0x080023ca   0x00000002   PAD
    0x080023cc   0x0000001c   Code   RO          873    i._BUZZER_alarm_set_tempo_list  buzzer.o
    0x080023e8   0x00000028   Code   RO          874    i._BUZZER_alarm_set_tone_list  buzzer.o
    0x08002410   0x00000020   Code   RO          875    i._BUZZER_alarm_set_vol_list  buzzer.o
    0x08002430   0x00000060   Code   RO          876    i._BUZZER_alarm_start  buzzer.o
    0x08002490   0x00000008   Code   RO          877    i._BUZZER_alarm_stop  buzzer.o
    0x08002498   0x000000c4   Code   RO          879    i._BUZZER_init      buzzer.o
    0x0800255c   0x0000004c   Code   RO          881    i._BUZZER_play_music  buzzer.o
    0x080025a8   0x00000034   Code   RO          882    i._BUZZER_single_beep  buzzer.o
    0x080025dc   0x0000000c   Code   RO          883    i._BUZZER_stop_music  buzzer.o
    0x080025e8   0x000002fc   Code   RO         1007    i._LED_animate      led.o
    0x080028e4   0x00000058   Code   RO         1008    i._LED_animate_change  led.o
    0x0800293c   0x0000001c   Code   RO         1009    i._LED_animate_delay  led.o
    0x08002958   0x00000054   Code   RO         1010    i._LED_animate_off  led.o
    0x080029ac   0x00000020   Code   RO         1011    i._LED_blink_off    led.o
    0x080029cc   0x0000005c   Code   RO         1012    i._LED_blink_on     led.o
    0x08002a28   0x00000014   Code   RO         1013    i._LED_change_animate_list  led.o
    0x08002a3c   0x00000110   Code   RO         1014    i._LED_change_brightness  led.o
    0x08002b4c   0x0000002c   Code   RO         1015    i._LED_change_brightness_all  led.o
    0x08002b78   0x00000024   Code   RO         1017    i._LED_change_brightness_limit  led.o
    0x08002b9c   0x00000014   Code   RO         1018    i._LED_change_brightness_limit_list  led.o
    0x08002bb0   0x000000a4   Code   RO         1020    i._LED_change_color  led.o
    0x08002c54   0x0000004a   Code   RO         1021    i._LED_change_color_all  led.o
    0x08002c9e   0x00000002   PAD
    0x08002ca0   0x00000078   Code   RO         1022    i._LED_init         led.o
    0x08002d18   0x00000024   Code   RO         1023    i._LED_off          led.o
    0x08002d3c   0x00000024   Code   RO         1024    i._LED_on           led.o
    0x08002d60   0x0000002c   Code   RO         1025    i._LED_refresh      led.o
    0x08002d8c   0x00000118   Code   RO         1026    i._LED_set          led.o
    0x08002ea4   0x00000064   Code   RO         1027    i._LED_set_color    led.o
    0x08002f08   0x0000002c   Code   RO         1028    i._LED_set_color_list  led.o
    0x08002f34   0x00000188   Code   RO          743    i._dbl2stri         float.o
    0x080030bc   0x0000002c   Code   RO          744    i._decimal_binary   float.o
    0x080030e8   0x000000a0   Code   RO         1029    i.led_DMA_init      led.o
    0x08003188   0x00000040   Code   RO         1030    i.led_bus_reset     led.o
    0x080031c8   0x00000054   Code   RO         1031    i.led_gpio_init     led.o
    0x0800321c   0x000000a4   Code   RO         1032    i.led_refresh_timer_init  led.o
    0x080032c0   0x00000064   Code   RO         1033    i.led_timer_init    led.o
    0x08003324   0x00000024   Code   RO         1034    i.led_timer_on      led.o
    0x08003348   0x0000029c   Code   RO          253    i.main              main.o
    0x080035e4   0x0000008c   Code   RO          619    i.menu_1_fun        menu.o
    0x08003670   0x00000174   Code   RO          620    i.menu_2_fun        menu.o
    0x080037e4   0x00000178   Code   RO          621    i.menu_3_fun        menu.o
    0x0800395c   0x00000164   Code   RO          622    i.menu_4_fun        menu.o
    0x08003ac0   0x00000154   Code   RO          623    i.menu_5_fun        menu.o
    0x08003c14   0x00000154   Code   RO          624    i.menu_6_fun        menu.o
    0x08003d68   0x0000015c   Code   RO          625    i.menu_7_fun        menu.o
    0x08003ec4   0x0000014c   Code   RO          626    i.menu_8_fun        menu.o
    0x08004010   0x00000028   Code   RO         1035    i.reverse           led.o
    0x08004038   0x00000150   Code   RO         1291    x$fpl$dadd          fz_ws.l(daddsub_clz.o)
    0x08004188   0x00000018   Code   RO         1394    x$fpl$dcmpinf       fz_ws.l(dcmpi.o)
    0x080041a0   0x0000005a   Code   RO         1297    x$fpl$dfixu         fz_ws.l(dfixu.o)
    0x080041fa   0x0000002e   Code   RO         1302    x$fpl$dflt          fz_ws.l(dflt_clz.o)
    0x08004228   0x00000026   Code   RO         1301    x$fpl$dfltu         fz_ws.l(dflt_clz.o)
    0x0800424e   0x00000002   PAD
    0x08004250   0x00000078   Code   RO         1307    x$fpl$dleqf         fz_ws.l(dleqf.o)
    0x080042c8   0x00000154   Code   RO         1309    x$fpl$dmul          fz_ws.l(dmul.o)
    0x0800441c   0x0000009c   Code   RO         1396    x$fpl$dnaninf       fz_ws.l(dnaninf.o)
    0x080044b8   0x0000000c   Code   RO         1398    x$fpl$dretinf       fz_ws.l(dretinf.o)
    0x080044c4   0x00000016   Code   RO         1292    x$fpl$drsb          fz_ws.l(daddsub_clz.o)
    0x080044da   0x00000002   PAD
    0x080044dc   0x000001d4   Code   RO         1293    x$fpl$dsub          fz_ws.l(daddsub_clz.o)
    0x080046b0   0x00000000   Code   RO         1400    x$fpl$usenofp       fz_ws.l(usenofp.o)
    0x080046b0   0x00000016   Data   RO          546    .constdata          key.o
    0x080046c6   0x00000002   PAD
    0x080046c8   0x00000040   Data   RO          746    .constdata          float.o
    0x08004708   0x00000020   Data   RO         1522    Region$$Table       anon$$obj.o


    Execution Region ER_RW (Base: 0x20000000, Size: 0x000001c0, Max: 0xffffffff, ABSOLUTE, COMPRESSED[0x000000c8])

    Base Addr    Size         Type   Attr      Idx    E Section Name        Object

    0x20000000   0x0000001d   Data   RW           17    .data               system_stm32l1xx.o
    0x2000001d   0x00000007   Data   RW          254    .data               main.o
    0x20000024   0x00000020   Data   RW          547    .data               key.o
    0x20000044   0x00000024   Data   RW          627    .data               menu.o
    0x20000068   0x00000004   Data   RW          747    .data               float.o
    0x2000006c   0x00000005   Data   RW          770    .data               sys_tick.o
    0x20000071   0x00000001   PAD
    0x20000072   0x00000121   Data   RW          885    .data               buzzer.o
    0x20000193   0x0000002d   Data   RW         1038    .data               led.o


    Execution Region ER_ZI (Base: 0x200001c0, Size: 0x00000ce0, Max: 0xffffffff, ABSOLUTE)

    Base Addr    Size         Type   Attr      Idx    E Section Name        Object

    0x200001c0   0x0000009a   Zero   RW          311    .bss                rfm69w.o
    0x2000025a   0x000003ea   Zero   RW          485    .bss                usart.o
    0x20000644   0x00000080   Zero   RW          745    .bss                float.o
    0x200006c4   0x0000000c   Zero   RW          815    .bss                hall.o
    0x200006d0   0x00000026   Zero   RW          884    .bss                buzzer.o
    0x200006f6   0x00000002   PAD
    0x200006f8   0x00000148   Zero   RW         1037    .bss                led.o
    0x20000840   0x00000060   Zero   RW         1404    .bss                c_w.l(libspace.o)
    0x200008a0   0x00000200   Zero   RW            2    HEAP                startup_stm32l1xx_md.o
    0x20000aa0   0x00000400   Zero   RW            1    STACK               startup_stm32l1xx_md.o


==============================================================================

Image component sizes


      Code (inc. data)   RO Data    RW Data    ZI Data      Debug   Object Name

      1424        210          0        289         38      32850   buzzer.o
       196         34          0          0          0     176285   eeprom.o
       436         18         64          4        128       1966   float.o
       530         48          0          0         12      26290   hall.o
       412         92         22         32          0       2950   key.o
      3208        308          0         45        328      17617   led.o
       668        196          0          7          0       1720   main.o
      3216        548          0         36          0       7587   menu.o
      3800        532          0          0        154      63194   rfm69w.o
        64         26        244          0       1536        792   startup_stm32l1xx_md.o
       184         26          0          5          0      25318   sys_tick.o
       796         48          0         29          0     181143   system_stm32l1xx.o
       358         28          0          0       1002       2913   usart.o

    ----------------------------------------------------------------------
     15296       2114        364        448       3200     540625   Object Totals
         0          0         32          0          0          0   (incl. Generated)
         4          0          2          1          2          0   (incl. Padding)

    ----------------------------------------------------------------------

      Code (inc. data)   RO Data    RW Data    ZI Data      Debug   Library Member Name

        90          0          0          0          0          0   __dczerorl2.o
         8          0          0          0          0         68   __main.o
         0          0          0          0          0          0   __rtentry.o
        12          0          0          0          0          0   __rtentry2.o
         6          0          0          0          0          0   __rtentry4.o
        52          8          0          0          0          0   __scatter.o
        28          0          0          0          0          0   __scatter_zi.o
        10          0          0          0          0         68   defsig_exit.o
        50          0          0          0          0         88   defsig_general.o
        80         58          0          0          0         76   defsig_rtmem_inner.o
        14          0          0          0          0         80   defsig_rtmem_outer.o
        12          0          0          0          0         72   exit.o
        94          0          0          0          0         80   h1_alloc.o
        52          0          0          0          0         68   h1_extend.o
        78          0          0          0          0         80   h1_free.o
        14          0          0          0          0         84   h1_init.o
         6          0          0          0          0        152   heapauxi.o
         4          0          0          0          0        136   hguard.o
         0          0          0          0          0          0   indicate_semi.o
       138          0          0          0          0        168   init_alloc.o
         2          0          0          0          0          0   libinit.o
        10          0          0          0          0          0   libinit2.o
         2          0          0          0          0          0   libshutdown.o
         2          0          0          0          0          0   libshutdown2.o
         8          4          0          0         96         68   libspace.o
         0          0          0          0          0          0   maybetermalloc1.o
         8          4          0          0          0         68   rt_heap_descriptor_intlibspace.o
         2          0          0          0          0          0   rtexit.o
        10          0          0          0          0          0   rtexit2.o
        12          4          0          0          0         68   sys_exit.o
        74          0          0          0          0         80   sys_stackheap_outer.o
        14          0          0          0          0         76   sys_wrch.o
         2          0          0          0          0         68   use_no_semi.o
       826         16          0          0          0        348   daddsub_clz.o
        24          0          0          0          0         68   dcmpi.o
        90          4          0          0          0         92   dfixu.o
        84          0          0          0          0        136   dflt_clz.o
       120          4          0          0          0         92   dleqf.o
       340         12          0          0          0        104   dmul.o
       156          4          0          0          0         92   dnaninf.o
        12          0          0          0          0         68   dretinf.o
         0          0          0          0          0          0   usenofp.o

    ----------------------------------------------------------------------
      2556        118          0          0         96       2648   Library Totals
        10          0          0          0          0          0   (incl. Padding)

    ----------------------------------------------------------------------

      Code (inc. data)   RO Data    RW Data    ZI Data      Debug   Library Name

       894         78          0          0         96       1648   c_w.l
      1652         40          0          0          0       1000   fz_ws.l

    ----------------------------------------------------------------------
      2556        118          0          0         96       2648   Library Totals

    ----------------------------------------------------------------------

==============================================================================


      Code (inc. data)   RO Data    RW Data    ZI Data      Debug   

     17852       2232        364        448       3296     536353   Grand Totals
     17852       2232        364        200       3296     536353   ELF Image Totals (compressed)
     17852       2232        364        200          0          0   ROM Totals

==============================================================================

    Total RO  Size (Code + RO Data)                18216 (  17.79kB)
    Total RW  Size (RW Data + ZI Data)              3744 (   3.66kB)
    Total ROM Size (Code + RO Data + RW Data)      18416 (  17.98kB)

==============================================================================

