Product: MDK-ARM Lite 5.10
Component: ARM Compiler 5.04 update 1 (build 49)
Tool: armlink [5040049]

==============================================================================

Section Cross References

    startup_stm32l1xx_md.o(STACK) refers (Special) to heapauxi.o(.text) for __use_two_region_memory
    startup_stm32l1xx_md.o(HEAP) refers (Special) to heapauxi.o(.text) for __use_two_region_memory
    startup_stm32l1xx_md.o(RESET) refers (Special) to heapauxi.o(.text) for __use_two_region_memory
    startup_stm32l1xx_md.o(RESET) refers to startup_stm32l1xx_md.o(STACK) for __initial_sp
    startup_stm32l1xx_md.o(RESET) refers to startup_stm32l1xx_md.o(.text) for Reset_Handler
    startup_stm32l1xx_md.o(RESET) refers to main.o(i.SysTick_Handler) for SysTick_Handler
    startup_stm32l1xx_md.o(RESET) refers to rfm69w.o(i.SPI1_IRQHandler) for SPI1_IRQHandler
    startup_stm32l1xx_md.o(RESET) refers to usart.o(i.USART1_IRQHandler) for USART1_IRQHandler
    startup_stm32l1xx_md.o(RESET) refers to rfm69w.o(i.EXTI15_10_IRQHandler) for EXTI15_10_IRQHandler
    startup_stm32l1xx_md.o(RESET) refers to key.o(i.TIM6_IRQHandler) for TIM6_IRQHandler
    startup_stm32l1xx_md.o(.text) refers (Special) to heapauxi.o(.text) for __use_two_region_memory
    startup_stm32l1xx_md.o(.text) refers to system_stm32l1xx.o(i.SystemInit) for SystemInit
    startup_stm32l1xx_md.o(.text) refers to __main.o(!!!main) for __main
    startup_stm32l1xx_md.o(.text) refers to startup_stm32l1xx_md.o(HEAP) for Heap_Mem
    startup_stm32l1xx_md.o(.text) refers to startup_stm32l1xx_md.o(STACK) for Stack_Mem
    system_stm32l1xx.o(i.SystemCoreClockUpdate) refers to system_stm32l1xx.o(.data) for SystemCoreClock
    system_stm32l1xx.o(i.SystemInit) refers to system_stm32l1xx.o(i.SetSysClock) for SetSysClock
    eeprom.o(i.EEPROM_option_unlock) refers to eeprom.o(i.EEPROM_unlock) for EEPROM_unlock
    eeprom.o(i._EEPROM_16_fast_write) refers to eeprom.o(i.EEPROM_unlock) for EEPROM_unlock
    eeprom.o(i._EEPROM_16_write) refers to eeprom.o(i.EEPROM_unlock) for EEPROM_unlock
    eeprom.o(i._EEPROM_32_erase) refers to eeprom.o(i.EEPROM_unlock) for EEPROM_unlock
    eeprom.o(i._EEPROM_32_fast_write) refers to eeprom.o(i.EEPROM_unlock) for EEPROM_unlock
    eeprom.o(i._EEPROM_32_write) refers to eeprom.o(i.EEPROM_unlock) for EEPROM_unlock
    eeprom.o(i._EEPROM_64_erase) refers to eeprom.o(i.EEPROM_unlock) for EEPROM_unlock
    eeprom.o(i._EEPROM_64_write) refers to eeprom.o(i.EEPROM_unlock) for EEPROM_unlock
    eeprom.o(i._EEPROM_8_fast_write) refers to eeprom.o(i.EEPROM_unlock) for EEPROM_unlock
    eeprom.o(i._EEPROM_8_write) refers to eeprom.o(i.EEPROM_unlock) for EEPROM_unlock
    main.o(i.SysTick_Handler) refers to rfm69w.o(i.milis) for milis
    main.o(i.SysTick_Handler) refers to usart.o(i.USART_write_buf) for USART_write_buf
    main.o(i.SysTick_Handler) refers to usart.o(i.USART_send) for USART_send
    main.o(i.main) refers to system_stm32l1xx.o(i.GPIO_config) for GPIO_config
    main.o(i.main) refers to usart.o(i.USART_init) for USART_init
    main.o(i.main) refers to rfm69w.o(i.RFM69W_init) for RFM69W_init
    main.o(i.main) refers to main.o(i.SYS_TICK_init) for SYS_TICK_init
    rfm69w.o(i.EXTI15_10_IRQHandler) refers to rfm69w.o(i.RFM69W_interruptHandler) for RFM69W_interruptHandler
    rfm69w.o(i.RFM69W_ACKReceived) refers to rfm69w.o(i.RFM69W_receiveDone) for RFM69W_receiveDone
    rfm69w.o(i.RFM69W_ACKReceived) refers to rfm69w.o(.data) for SENDERID
    rfm69w.o(i.RFM69W_ACKRequested) refers to rfm69w.o(.data) for ACK_REQUESTED
    rfm69w.o(i.RFM69W_GPIO_init) refers to system_stm32l1xx.o(i.GPIO_config) for GPIO_config
    rfm69w.o(i.RFM69W_REG_init) refers to rfm69w.o(i.RFM69W_SPI_send_poll) for RFM69W_SPI_send_poll
    rfm69w.o(i.RFM69W_REG_init) refers to rfm69w.o(i.RFM69W_encrypt) for RFM69W_encrypt
    rfm69w.o(i.RFM69W_REG_init) refers to rfm69w.o(i.RFM69W_setHighPower) for RFM69W_setHighPower
    rfm69w.o(i.RFM69W_REG_init) refers to rfm69w.o(i.RFM69W_setMode) for RFM69W_setMode
    rfm69w.o(i.RFM69W_REG_init) refers to system_stm32l1xx.o(i.GPIO_config) for GPIO_config
    rfm69w.o(i.RFM69W_REG_init) refers to rfm69w.o(i.NVIC_EnableIRQ) for NVIC_EnableIRQ
    rfm69w.o(i.RFM69W_REG_init) refers to rfm69w.o(.data) for RFM69W_address
    rfm69w.o(i.RFM69W_SPI_init) refers to rfm69w.o(i.NVIC_EnableIRQ) for NVIC_EnableIRQ
    rfm69w.o(i.RFM69W_SPI_send) refers to rfm69w.o(i.RFM69W_SPI_write) for RFM69W_SPI_write
    rfm69w.o(i.RFM69W_SPI_send) refers to rfm69w.o(.bss) for RFM69W_FIFO
    rfm69w.o(i.RFM69W_SPI_write) refers to rfm69w.o(.bss) for RFM69W_FIFO
    rfm69w.o(i.RFM69W_canSend) refers to rfm69w.o(i.RFM69W_readRSSI) for RFM69W_readRSSI
    rfm69w.o(i.RFM69W_canSend) refers to rfm69w.o(i.RFM69W_setMode) for RFM69W_setMode
    rfm69w.o(i.RFM69W_canSend) refers to rfm69w.o(.data) for RFM69W_mode
    rfm69w.o(i.RFM69W_encrypt) refers to rfm69w.o(i.RFM69W_setMode) for RFM69W_setMode
[...]
    rfm69w.o(i.RFM69W_sendACK) refers to rfm69w.o(i.RFM69W_canSend) for RFM69W_canSend
    rfm69w.o(i.RFM69W_sendACK) refers to rfm69w.o(i.RFM69W_sendFrame) for RFM69W_sendFrame
    rfm69w.o(i.RFM69W_sendACK) refers to rfm69w.o(.data) for SENDERID
    rfm69w.o(i.RFM69W_sendFrame) refers to rfm69w.o(i.RFM69W_setMode) for RFM69W_setMode
    rfm69w.o(i.RFM69W_sendFrame) refers to rfm69w.o(i.RFM69W_SPI_send_poll) for RFM69W_SPI_send_poll
    rfm69w.o(i.RFM69W_sendFrame) refers to rfm69w.o(i.RFM69W_SPI_send_8poll) for RFM69W_SPI_send_8poll
    rfm69w.o(i.RFM69W_sendFrame) refers to rfm69w.o(i.milis) for milis
    rfm69w.o(i.RFM69W_sendFrame) refers to rfm69w.o(.data) for RFM69W_address
    rfm69w.o(i.RFM69W_sendWithRetry) refers to rfm69w.o(i.RFM69W_send) for RFM69W_send
    rfm69w.o(i.RFM69W_sendWithRetry) refers to rfm69w.o(i.milis) for milis
    rfm69w.o(i.RFM69W_sendWithRetry) refers to rfm69w.o(i.RFM69W_ACKReceived) for RFM69W_ACKReceived
    rfm69w.o(i.RFM69W_setAddress) refers to rfm69w.o(i.RFM69W_SPI_send_poll) for RFM69W_SPI_send_poll
    rfm69w.o(i.RFM69W_setAddress) refers to rfm69w.o(.data) for RFM69W_address
    rfm69w.o(i.RFM69W_setFrequency) refers to rfm69w.o(i.RFM69W_setMode) for RFM69W_setMode
    rfm69w.o(i.RFM69W_setFrequency) refers to dflt_clz.o(x$fpl$dfltu) for __aeabi_ui2d
    rfm69w.o(i.RFM69W_setFrequency) refers to ddiv.o(x$fpl$ddiv) for __aeabi_ddiv
    rfm69w.o(i.RFM69W_setFrequency) refers to dfixu.o(x$fpl$dfixu) for __aeabi_d2uiz
    rfm69w.o(i.RFM69W_setFrequency) refers to rfm69w.o(i.RFM69W_SPI_send_poll) for RFM69W_SPI_send_poll
    rfm69w.o(i.RFM69W_setFrequency) refers to rfm69w.o(.data) for RFM69W_mode
    rfm69w.o(i.RFM69W_setHighPower) refers to rfm69w.o(i.RFM69W_SPI_send_poll) for RFM69W_SPI_send_poll
    rfm69w.o(i.RFM69W_setHighPower) refers to rfm69w.o(.data) for RFM69W_powerLevel
    rfm69w.o(i.RFM69W_setHighPowerRegs) refers to rfm69w.o(i.RFM69W_SPI_send_poll) for RFM69W_SPI_send_poll
    rfm69w.o(i.RFM69W_setMode) refers to rfm69w.o(i.RFM69W_SPI_send_poll) for RFM69W_SPI_send_poll
    rfm69w.o(i.RFM69W_setMode) refers to rfm69w.o(.data) for RFM69W_mode
    rfm69w.o(i.RFM69W_setNetwork) refers to rfm69w.o(i.RFM69W_SPI_send_poll) for RFM69W_SPI_send_poll
    rfm69w.o(i.RFM69W_setPowerLevel) refers to rfm69w.o(i.RFM69W_SPI_send_poll) for RFM69W_SPI_send_poll
    rfm69w.o(i.RFM69W_setPowerLevel) refers to rfm69w.o(.data) for RFM69W_powerLevel
    rfm69w.o(i.RFM69W_sleep) refers to rfm69w.o(i.RFM69W_setMode) for RFM69W_setMode
    rfm69w.o(i.SPI1_IRQHandler) refers to rfm69w.o(.bss) for RFM69W_FIFO
    usart.o(i.USART1_IRQHandler) refers to usart.o(.bss) for USART_FIFO
    usart.o(i.USART_init) refers to system_stm32l1xx.o(i.GPIO_config) for GPIO_config
    usart.o(i.USART_init) refers to system_stm32l1xx.o(.data) for SystemCoreClock
    usart.o(i.USART_init) refers to usart.o(.bss) for USART_FIFO
    usart.o(i.USART_send) refers to usart.o(i.USART_write) for USART_write
    usart.o(i.USART_write) refers to usart.o(.bss) for USART_FIFO
    usart.o(i.USART_write_buf) refers to dflt_clz.o(x$fpl$dfltu) for __aeabi_ui2d
    usart.o(i.USART_write_buf) refers to float.o(i._dbl2stri) for _dbl2stri
    usart.o(i.USART_write_buf) refers to usart.o(i.USART_send) for USART_send
    usart.o(i.USART_write_buf) refers to float.o(i._decimal_binary) for _decimal_binary
    usart.o(i.USART_write_buf) refers to dflt_clz.o(x$fpl$dflt) for __aeabi_i2d
    key.o(i.ClrKeyb) refers to key.o(i.GetKeybSample) for GetKeybSample
    key.o(i.ClrKeyb) refers to key.o(.data) for prevKeybSt
    key.o(i.GetKeys) refers to key.o(.data) for keycnt
    key.o(i.IsKey) refers to key.o(.data) for keycnt
    key.o(i.IsKeyPressed) refers to key.o(.data) for keys
    key.o(i.KeybLock) refers to key.o(.data) for keyblock
    key.o(i.KeybProc) refers to key.o(i.GetKeybSample) for GetKeybSample
    key.o(i.KeybProc) refers to key.o(i.ClrKeyb) for ClrKeyb
    key.o(i.KeybProc) refers to key.o(.data) for prevKeybSt
    key.o(i.KeybSetAutoRepeatTimes) refers to key.o(.constdata) for DefaultAutoRepeatTab
    key.o(i.KeybSetAutoRepeatTimes) refers to key.o(.data) for art
    key.o(i.KeysTime) refers to key.o(.data) for keytime
    key.o(i.TIM6_IRQHandler) refers to key.o(i.KeybProc) for KeybProc
    key.o(i._KEY_init) refers to system_stm32l1xx.o(i.GPIO_config) for GPIO_config
    key.o(.data) refers to key.o(.constdata) for DefaultAutoRepeatTab
    menu.o(i._MENU_init) refers to h1_alloc.o(.text) for malloc
    menu.o(i._MENU_init) refers to menu.o(.data) for _1_menu
    menu.o(i._MENU_init) refers to menu.o(i._menu_1_fun) for _menu_1_fun
    menu.o(i._MENU_init) refers to menu.o(i._menu_2_fun) for _menu_2_fun
    menu.o(i._MENU_init) refers to menu.o(i._menu_3_fun) for _menu_3_fun
    menu.o(i._MENU_init) refers to menu.o(i._menu_4_fun) for _menu_4_fun
    menu.o(i._menu_1_fun) refers to key.o(i.ClrKeyb) for ClrKeyb
    menu.o(i._menu_1_fun) refers to menu.o(.data) for _actual
    menu.o(i._menu_2_fun) refers to key.o(i.ClrKeyb) for ClrKeyb
    menu.o(i._menu_2_fun) refers to menu.o(.data) for _actual
    menu.o(i._menu_3_fun) refers to key.o(i.ClrKeyb) for ClrKeyb
    menu.o(i._menu_3_fun) refers to menu.o(.data) for _actual
    menu.o(i._menu_4_fun) refers to key.o(i.ClrKeyb) for ClrKeyb
    menu.o(i._menu_4_fun) refers to menu.o(.data) for _actual
    float.o(i._dbl2stri) refers to dleqf.o(x$fpl$dleqf) for __aeabi_cdcmple
    float.o(i._dbl2stri) refers to dmul.o(x$fpl$dmul) for __aeabi_dmul
    float.o(i._dbl2stri) refers to daddsub_clz.o(x$fpl$dadd) for __aeabi_dadd
    float.o(i._dbl2stri) refers to dfixu.o(x$fpl$dfixu) for __aeabi_d2uiz
    float.o(i._dbl2stri) refers to dflt_clz.o(x$fpl$dfltu) for __aeabi_ui2d
    float.o(i._dbl2stri) refers to daddsub_clz.o(x$fpl$drsb) for __aeabi_drsub
    float.o(i._dbl2stri) refers to float.o(.bss) for local_bfr
    float.o(i._dbl2stri) refers to float.o(.data) for use_leading_plus
    float.o(i._dbl2stri) refers to float.o(.constdata) for round_nums
    malloc.o(.text) refers (Special) to hguard.o(.text) for __heap$guard
    malloc.o(.text) refers (Special) to init_alloc.o(.text) for _init_alloc
    malloc.o(.text) refers to rt_heap_descriptor_intlibspace.o(.text) for __rt_heap_descriptor
    malloc.o(.text) refers to heapstubs.o(.text) for __Heap_Alloc
    h1_alloc.o(.text) refers (Special) to h1_init.o(.text) for __Heap_Initialize
    h1_alloc.o(.text) refers to rt_heap_descriptor_intlibspace.o(.text) for __rt_heap_descriptor
    h1_alloc.o(.text) refers to init_alloc.o(.text) for __Heap_Full
    h1_alloc_mt.o(.text) refers (Special) to h1_init.o(.text) for __Heap_Initialize
    h1_alloc_mt.o(.text) refers to init_alloc.o(.text) for __Heap_Full
    h1_alloc_mt.o(.text) refers to rt_heap_descriptor_intlibspace.o(.text) for __rt_heap_descriptor
    heap2.o(i._FDIterate) refers to heap2.o(.conststring) for .conststring
    heap2.o(i.___Heap_ProvideMemory$realtime) refers to fdtree.o(i._FDTree_Delete) for _FDTree_Delete
    heap2.o(i.___Heap_ProvideMemory$realtime) refers to fdtree.o(i._FDTree_Insert) for _FDTree_Insert
    heap2.o(i.___Heap_Stats$realtime) refers to heap2.o(i._Heap2_StatsIterate) for _Heap2_StatsIterate
    heap2.o(i.___Heap_Valid$realtime) refers to heap2.o(i._FDIterate) for _FDIterate
    heap2.o(i.___Heap_Valid$realtime) refers to heap2.o(.conststring) for .conststring
    heap2.o(i._free$realtime) refers to rt_heap_descriptor_intlibspace.o(.text) for __rt_heap_descriptor
    heap2.o(i._free$realtime) refers to fdtree.o(i._FDTree_Delete) for _FDTree_Delete
    heap2.o(i._free$realtime) refers to fdtree.o(i._FDTree_Insert) for _FDTree_Insert
    heap2.o(i._malloc$realtime) refers to rt_heap_descriptor_intlibspace.o(.text) for __rt_heap_descriptor
    heap2.o(i._malloc$realtime) refers to fdtree.o(i._FDTree_FindFirst) for _FDTree_FindFirst
    heap2.o(i._malloc$realtime) refers to init_alloc.o(.text) for __Heap_Full
    heap2.o(i._malloc$realtime) refers to fdtree.o(i._FDTree_RemoveNode) for _FDTree_RemoveNode
    heap2.o(i._malloc$realtime) refers to fdtree.o(i._FDTree_Insert) for _FDTree_Insert
    heap2.o(i._posix_memalign$realtime) refers to rt_heap_descriptor_intlibspace.o(.text) for __rt_heap_descriptor
    heap2.o(i._posix_memalign$realtime) refers to fdtree.o(i._FDTree_FindFirst) for _FDTree_FindFirst
    heap2.o(i._posix_memalign$realtime) refers to init_alloc.o(.text) for __Heap_Full
    heap2.o(i._posix_memalign$realtime) refers to fdtree.o(i._FDTree_RemoveNode) for _FDTree_RemoveNode
    heap2.o(i._posix_memalign$realtime) refers to fdtree.o(i._FDTree_Insert) for _FDTree_Insert
    heap2.o(i._realloc$realtime) refers to rt_heap_descriptor_intlibspace.o(.text) for __rt_heap_descriptor
    heap2.o(i._realloc$realtime) refers to fdtree.o(i._FDTree_Insert) for _FDTree_Insert
    heap2.o(i._realloc$realtime) refers to h1_free.o(.text) for free
    heap2.o(i._realloc$realtime) refers to h1_alloc.o(.text) for malloc
    heap2.o(i._realloc$realtime) refers to fdtree.o(i._FDTree_Delete) for _FDTree_Delete
    heap2.o(i._realloc$realtime) refers to rt_memcpy_w.o(.text) for __aeabi_memcpy4
    heap2mt.o(i._FDIterate) refers to heap2mt.o(.conststring) for .conststring
    heap2mt.o(i.___Heap_Initialize$realtime$concurrent) refers to mutex_dummy.o(.text) for _mutex_initialize
    heap2mt.o(i.___Heap_ProvideMemory$realtime$concurrent) refers to fdtree.o(i._FDTree_Delete) for _FDTree_Delete
    heap2mt.o(i.___Heap_ProvideMemory$realtime$concurrent) refers to fdtree.o(i._FDTree_Insert) for _FDTree_Insert
    heap2mt.o(i.___Heap_Stats$realtime$concurrent) refers to heap2mt.o(i._Heap2_StatsIterate) for _Heap2_StatsIterate
    heap2mt.o(i.___Heap_Valid$realtime$concurrent) refers to heap2mt.o(i._FDIterate) for _FDIterate
    heap2mt.o(i.___Heap_Valid$realtime$concurrent) refers to heap2mt.o(.conststring) for .conststring
    heap2mt.o(i._free$realtime$concurrent) refers to rt_heap_descriptor_intlibspace.o(.text) for __rt_heap_descriptor
    heap2mt.o(i._free$realtime$concurrent) refers to fdtree.o(i._FDTree_Delete) for _FDTree_Delete
    heap2mt.o(i._free$realtime$concurrent) refers to fdtree.o(i._FDTree_Insert) for _FDTree_Insert
    heap2mt.o(i._malloc$realtime$concurrent) refers to rt_heap_descriptor_intlibspace.o(.text) for __rt_heap_descriptor
    heap2mt.o(i._malloc$realtime$concurrent) refers to fdtree.o(i._FDTree_FindFirst) for _FDTree_FindFirst
    heap2mt.o(i._malloc$realtime$concurrent) refers to init_alloc.o(.text) for __Heap_Full
    heap2mt.o(i._malloc$realtime$concurrent) refers to fdtree.o(i._FDTree_RemoveNode) for _FDTree_RemoveNode
    heap2mt.o(i._malloc$realtime$concurrent) refers to fdtree.o(i._FDTree_Insert) for _FDTree_Insert
    heap2mt.o(i._posix_memalign$realtime$concurrent) refers to rt_heap_descriptor_intlibspace.o(.text) for __rt_heap_descriptor
    heap2mt.o(i._posix_memalign$realtime$concurrent) refers to fdtree.o(i._FDTree_FindFirst) for _FDTree_FindFirst
    heap2mt.o(i._posix_memalign$realtime$concurrent) refers to init_alloc.o(.text) for __Heap_Full
    heap2mt.o(i._posix_memalign$realtime$concurrent) refers to fdtree.o(i._FDTree_RemoveNode) for _FDTree_RemoveNode
    heap2mt.o(i._posix_memalign$realtime$concurrent) refers to fdtree.o(i._FDTree_Insert) for _FDTree_Insert
    heap2mt.o(i._realloc$realtime$concurrent) refers to rt_heap_descriptor_intlibspace.o(.text) for __rt_heap_descriptor
    heap2mt.o(i._realloc$realtime$concurrent) refers to fdtree.o(i._FDTree_Insert) for _FDTree_Insert
    heap2mt.o(i._realloc$realtime$concurrent) refers to h1_free.o(.text) for free
    heap2mt.o(i._realloc$realtime$concurrent) refers to h1_alloc.o(.text) for malloc
    heap2mt.o(i._realloc$realtime$concurrent) refers to fdtree.o(i._FDTree_Delete) for _FDTree_Delete
    heap2mt.o(i._realloc$realtime$concurrent) refers to rt_memcpy_w.o(.text) for __aeabi_memcpy4
    __main.o(!!!main) refers to rtentry.o(.ARM.Collect$$rtentry$$00000000) for __rt_entry
    daddsub_clz.o(x$fpl$dadd) refers (Special) to usenofp.o(x$fpl$usenofp) for __I$use$fp
    daddsub_clz.o(x$fpl$dadd) refers to daddsub_clz.o(x$fpl$dsub) for _dsub1
    daddsub_clz.o(x$fpl$dadd) refers to dretinf.o(x$fpl$dretinf) for __fpl_dretinf
    daddsub_clz.o(x$fpl$dadd) refers to dnaninf.o(x$fpl$dnaninf) for __fpl_dnaninf
    daddsub_clz.o(x$fpl$drsb) refers (Special) to usenofp.o(x$fpl$usenofp) for __I$use$fp
    daddsub_clz.o(x$fpl$drsb) refers to daddsub_clz.o(x$fpl$dadd) for _dadd1
    daddsub_clz.o(x$fpl$drsb) refers to daddsub_clz.o(x$fpl$dsub) for _dsub1
    daddsub_clz.o(x$fpl$dsub) refers (Special) to usenofp.o(x$fpl$usenofp) for __I$use$fp
    daddsub_clz.o(x$fpl$dsub) refers to daddsub_clz.o(x$fpl$dadd) for _dadd1
    daddsub_clz.o(x$fpl$dsub) refers to dnaninf.o(x$fpl$dnaninf) for __fpl_dnaninf
    ddiv.o(x$fpl$drdiv) refers (Special) to usenofp.o(x$fpl$usenofp) for __I$use$fp
    ddiv.o(x$fpl$drdiv) refers to ddiv.o(x$fpl$ddiv) for ddiv_entry
    ddiv.o(x$fpl$ddiv) refers (Special) to usenofp.o(x$fpl$usenofp) for __I$use$fp
    ddiv.o(x$fpl$ddiv) refers to dretinf.o(x$fpl$dretinf) for __fpl_dretinf
    ddiv.o(x$fpl$ddiv) refers to dnaninf.o(x$fpl$dnaninf) for __fpl_dnaninf
    dfixu.o(x$fpl$dfixu) refers (Special) to usenofp.o(x$fpl$usenofp) for __I$use$fp
    dfixu.o(x$fpl$dfixu) refers to dnaninf.o(x$fpl$dnaninf) for __fpl_dnaninf
    dfixu.o(x$fpl$dfixur) refers (Special) to usenofp.o(x$fpl$usenofp) for __I$use$fp
    dfixu.o(x$fpl$dfixur) refers to dnaninf.o(x$fpl$dnaninf) for __fpl_dnaninf
    dflt_clz.o(x$fpl$dfltu) refers (Special) to usenofp.o(x$fpl$usenofp) for __I$use$fp
    dflt_clz.o(x$fpl$dflt) refers (Special) to usenofp.o(x$fpl$usenofp) for __I$use$fp
    dflt_clz.o(x$fpl$dfltn) refers (Special) to usenofp.o(x$fpl$usenofp) for __I$use$fp
    dleqf.o(x$fpl$dleqf) refers (Special) to usenofp.o(x$fpl$usenofp) for __I$use$fp
    dleqf.o(x$fpl$dleqf) refers to dnaninf.o(x$fpl$dnaninf) for __fpl_dnaninf
    dleqf.o(x$fpl$dleqf) refers to dcmpi.o(x$fpl$dcmpinf) for __fpl_dcmp_Inf
    dmul.o(x$fpl$dmul) refers (Special) to usenofp.o(x$fpl$usenofp) for __I$use$fp
    dmul.o(x$fpl$dmul) refers to dretinf.o(x$fpl$dretinf) for __fpl_dretinf
    dmul.o(x$fpl$dmul) refers to dnaninf.o(x$fpl$dnaninf) for __fpl_dnaninf
    rtentry.o(.ARM.Collect$$rtentry$$00000000) refers (Special) to rtentry2.o(.ARM.Collect$$rtentry$$0000000A) for __rt_entry_li
    rtentry.o(.ARM.Collect$$rtentry$$00000000) refers (Special) to rtentry2.o(.ARM.Collect$$rtentry$$0000000D) for __rt_entry_main
    rtentry.o(.ARM.Collect$$rtentry$$00000000) refers (Special) to rtentry2.o(.ARM.Collect$$rtentry$$0000000C) for __rt_entry_postli_1
    rtentry.o(.ARM.Collect$$rtentry$$00000000) refers (Special) to rtentry2.o(.ARM.Collect$$rtentry$$00000009) for __rt_entry_postsh_1
    rtentry.o(.ARM.Collect$$rtentry$$00000000) refers (Special) to rtentry2.o(.ARM.Collect$$rtentry$$00000002) for __rt_entry_presh_1
    rtentry.o(.ARM.Collect$$rtentry$$00000000) refers (Special) to rtentry4.o(.ARM.Collect$$rtentry$$00000004) for __rt_entry_sh
    rt_heap_descriptor.o(.text) refers to rt_heap_descriptor.o(.bss) for __rt_heap_descriptor_data
    rt_heap_descriptor_intlibspace.o(.text) refers to libspace.o(.bss) for __libspace_start
    init_alloc.o(.text) refers (Special) to hguard.o(.text) for __heap$guard
    init_alloc.o(.text) refers (Special) to libinit2.o(.ARM.Collect$$libinit$$00000003) for __rt_lib_init_heap_2
    init_alloc.o(.text) refers (Special) to maybetermalloc1.o(.emb_text) for _maybe_terminate_alloc
    init_alloc.o(.text) refers to h1_extend.o(.text) for __Heap_ProvideMemory
    init_alloc.o(.text) refers to defsig_rtmem_outer.o(.text) for __rt_SIGRTMEM
    init_alloc.o(.text) refers to rt_heap_descriptor_intlibspace.o(.text) for __rt_heap_descriptor
    init_alloc.o(.text) refers to h1_init.o(.text) for __Heap_Initialize
    free.o(.text) refers (Special) to hguard.o(.text) for __heap$guard
    free.o(.text) refers to rt_heap_descriptor_intlibspace.o(.text) for __rt_heap_descriptor
    free.o(.text) refers to heapstubs.o(.text) for __Heap_Free
    h1_free.o(.text) refers to rt_heap_descriptor_intlibspace.o(.text) for __rt_heap_descriptor
    h1_init_mt.o(.text) refers to mutex_dummy.o(.text) for _mutex_initialize
    h1_free_mt.o(.text) refers to rt_heap_descriptor_intlibspace.o(.text) for __rt_heap_descriptor
    _get_argv.o(.text) refers (Special) to hrguard.o(.text) for __heap_region$guard
    _get_argv.o(.text) refers to h1_alloc.o(.text) for malloc
    _get_argv.o(.text) refers to defsig_rtmem_outer.o(.text) for __rt_SIGRTMEM
    _get_argv.o(.text) refers to sys_command.o(.text) for _sys_command_string
    libinit2.o(.ARM.Collect$$libinit$$00000003) refers (Weak) to init_alloc.o(.text) for _init_alloc
    libinit2.o(.ARM.Collect$$libinit$$0000000E) refers to libinit2.o(.ARM.Collect$$libinit$$0000000D) for .ARM.Collect$$libinit$$0000000D
    libinit2.o(.ARM.Collect$$libinit$$00000010) refers to libinit2.o(.ARM.Collect$$libinit$$0000000D) for .ARM.Collect$$libinit$$0000000D
    libinit2.o(.ARM.Collect$$libinit$$00000012) refers to libinit2.o(.ARM.Collect$$libinit$$0000000D) for .ARM.Collect$$libinit$$0000000D
    libinit2.o(.ARM.Collect$$libinit$$00000014) refers to libinit2.o(.ARM.Collect$$libinit$$0000000D) for .ARM.Collect$$libinit$$0000000D
    libinit2.o(.ARM.Collect$$libinit$$00000016) refers to libinit2.o(.ARM.Collect$$libinit$$0000000D) for .ARM.Collect$$libinit$$0000000D
    libinit2.o(.ARM.Collect$$libinit$$00000024) refers to argv_veneer.o(.emb_text) for __ARM_argv_veneer
    libinit2.o(.ARM.Collect$$libinit$$00000025) refers to argv_veneer.o(.emb_text) for __ARM_argv_veneer
    dcmpi.o(x$fpl$dcmpinf) refers (Special) to usenofp.o(x$fpl$usenofp) for __I$use$fp
    dnaninf.o(x$fpl$dnaninf) refers (Special) to usenofp.o(x$fpl$usenofp) for __I$use$fp
    dretinf.o(x$fpl$dretinf) refers (Special) to usenofp.o(x$fpl$usenofp) for __I$use$fp
    sys_command.o(.text) refers (Special) to use_no_semi.o(.text) for __I$use$semihosting
    sys_command.o(.text) refers (Special) to indicate_semi.o(.text) for __semihosting_library_function
    libspace.o(.text) refers to libspace.o(.bss) for __libspace_start
    rtentry2.o(.ARM.Collect$$rtentry$$00000008) refers to boardinit2.o(.text) for _platform_post_stackheap_init
    rtentry2.o(.ARM.Collect$$rtentry$$0000000A) refers to libinit.o(.ARM.Collect$$libinit$$00000000) for __rt_lib_init
    rtentry2.o(.ARM.Collect$$rtentry$$0000000B) refers to boardinit3.o(.text) for _platform_post_lib_init
    rtentry2.o(.ARM.Collect$$rtentry$$0000000D) refers to main.o(i.main) for main
    rtentry2.o(.ARM.Collect$$rtentry$$0000000D) refers to exit.o(.text) for exit
    rtentry2.o(.ARM.exidx) refers to rtentry2.o(.ARM.Collect$$rtentry$$00000001) for .ARM.Collect$$rtentry$$00000001
    rtentry2.o(.ARM.exidx) refers to rtentry2.o(.ARM.Collect$$rtentry$$00000008) for .ARM.Collect$$rtentry$$00000008
    rtentry2.o(.ARM.exidx) refers to rtentry2.o(.ARM.Collect$$rtentry$$0000000A) for .ARM.Collect$$rtentry$$0000000A
    rtentry2.o(.ARM.exidx) refers to rtentry2.o(.ARM.Collect$$rtentry$$0000000B) for .ARM.Collect$$rtentry$$0000000B
    rtentry2.o(.ARM.exidx) refers to rtentry2.o(.ARM.Collect$$rtentry$$0000000D) for .ARM.Collect$$rtentry$$0000000D
    rtentry4.o(.ARM.Collect$$rtentry$$00000004) refers to sys_stackheap_outer.o(.text) for __user_setup_stackheap
    rtentry4.o(.ARM.exidx) refers to rtentry4.o(.ARM.Collect$$rtentry$$00000004) for .ARM.Collect$$rtentry$$00000004
    maybetermalloc2.o(.emb_text) refers (Special) to term_alloc.o(.text) for _terminate_alloc
    h1_extend.o(.text) refers to h1_free.o(.text) for free
    h1_extend_mt.o(.text) refers to h1_free_mt.o(.text) for _free_internal
    defsig_rtmem_outer.o(.text) refers to defsig_rtmem_inner.o(.text) for __rt_SIGRTMEM_inner
    defsig_rtmem_outer.o(.text) refers to defsig_exit.o(.text) for __sig_exit
    defsig_rtmem_formal.o(.text) refers to rt_raise.o(.text) for __rt_raise
    heapauxa.o(.text) refers to heapauxa.o(.data) for .data
    argv_veneer.o(.emb_text) refers to no_argv.o(.text) for __ARM_get_argv
    sys_stackheap_outer.o(.text) refers to libspace.o(.text) for __user_perproc_libspace
    sys_stackheap_outer.o(.text) refers to startup_stm32l1xx_md.o(.text) for __user_initial_stackheap
    rt_raise.o(.text) refers to __raise.o(.text) for __raise
    rt_raise.o(.text) refers to sys_exit.o(.text) for _sys_exit
    term_alloc.o(.text) refers (Special) to libshutdown2.o(.ARM.Collect$$libshutdown$$0000000D) for __rt_lib_shutdown_heap_2
    term_alloc.o(.text) refers to rt_heap_descriptor_intlibspace.o(.text) for __rt_heap_descriptor
    term_alloc.o(.text) refers to h1_final.o(.text) for __Heap_Finalize
    exit.o(.text) refers to rtexit.o(.ARM.Collect$$rtexit$$00000000) for __rt_exit
    defsig_exit.o(.text) refers to sys_exit.o(.text) for _sys_exit
    defsig_rtmem_inner.o(.text) refers to defsig_general.o(.text) for __default_signal_display
    _get_argv_nomalloc.o(.text) refers (Special) to hrguard.o(.text) for __heap_region$guard
    _get_argv_nomalloc.o(.text) refers to defsig_rtmem_outer.o(.text) for __rt_SIGRTMEM
    _get_argv_nomalloc.o(.text) refers to sys_command.o(.text) for _sys_command_string
    libinit.o(.ARM.Collect$$libinit$$00000000) refers (Special) to libinit2.o(.ARM.Collect$$libinit$$0000002C) for __rt_lib_init_alloca_1
    libinit.o(.ARM.Collect$$libinit$$00000000) refers (Special) to libinit2.o(.ARM.Collect$$libinit$$0000002A) for __rt_lib_init_argv_1
    libinit.o(.ARM.Collect$$libinit$$00000000) refers (Special) to libinit2.o(.ARM.Collect$$libinit$$00000019) for __rt_lib_init_atexit_1
    libinit.o(.ARM.Collect$$libinit$$00000000) refers (Special) to libinit2.o(.ARM.Collect$$libinit$$0000001F) for __rt_lib_init_clock_1
    libinit.o(.ARM.Collect$$libinit$$00000000) refers (Special) to libinit2.o(.ARM.Collect$$libinit$$00000030) for __rt_lib_init_cpp_1
    libinit.o(.ARM.Collect$$libinit$$00000000) refers (Special) to libinit2.o(.ARM.Collect$$libinit$$0000002E) for __rt_lib_init_exceptions_1
    libinit.o(.ARM.Collect$$libinit$$00000000) refers (Special) to libinit2.o(.ARM.Collect$$libinit$$00000002) for __rt_lib_init_fp_1
    libinit.o(.ARM.Collect$$libinit$$00000000) refers (Special) to libinit2.o(.ARM.Collect$$libinit$$0000001D) for __rt_lib_init_fp_trap_1
    libinit.o(.ARM.Collect$$libinit$$00000000) refers (Special) to libinit2.o(.ARM.Collect$$libinit$$00000021) for __rt_lib_init_getenv_1
    libinit.o(.ARM.Collect$$libinit$$00000000) refers (Special) to libinit2.o(.ARM.Collect$$libinit$$00000008) for __rt_lib_init_heap_1
    libinit.o(.ARM.Collect$$libinit$$00000000) refers (Special) to libinit2.o(.ARM.Collect$$libinit$$0000000F) for __rt_lib_init_lc_collate_1
    libinit.o(.ARM.Collect$$libinit$$00000000) refers (Special) to libinit2.o(.ARM.Collect$$libinit$$00000011) for __rt_lib_init_lc_ctype_1
    libinit.o(.ARM.Collect$$libinit$$00000000) refers (Special) to libinit2.o(.ARM.Collect$$libinit$$00000013) for __rt_lib_init_lc_monetary_1
    libinit.o(.ARM.Collect$$libinit$$00000000) refers (Special) to libinit2.o(.ARM.Collect$$libinit$$00000015) for __rt_lib_init_lc_numeric_1
    libinit.o(.ARM.Collect$$libinit$$00000000) refers (Special) to libinit2.o(.ARM.Collect$$libinit$$00000017) for __rt_lib_init_lc_time_1
    libinit.o(.ARM.Collect$$libinit$$00000000) refers (Special) to libinit2.o(.ARM.Collect$$libinit$$0000000C) for __rt_lib_init_rand_1
    libinit.o(.ARM.Collect$$libinit$$00000000) refers (Special) to libinit2.o(.ARM.Collect$$libinit$$00000031) for __rt_lib_init_return
    libinit.o(.ARM.Collect$$libinit$$00000000) refers (Special) to libinit2.o(.ARM.Collect$$libinit$$0000001B) for __rt_lib_init_signal_1
    libinit.o(.ARM.Collect$$libinit$$00000000) refers (Special) to libinit2.o(.ARM.Collect$$libinit$$00000023) for __rt_lib_init_stdio_1
    libinit.o(.ARM.Collect$$libinit$$00000000) refers (Special) to libinit2.o(.ARM.Collect$$libinit$$0000000A) for __rt_lib_init_user_alloc_1
    sys_exit.o(.text) refers (Special) to use_no_semi.o(.text) for __I$use$semihosting
    sys_exit.o(.text) refers (Special) to indicate_semi.o(.text) for __semihosting_library_function
    rtexit.o(.ARM.Collect$$rtexit$$00000000) refers (Special) to rtexit2.o(.ARM.Collect$$rtexit$$00000004) for __rt_exit_exit
    rtexit.o(.ARM.Collect$$rtexit$$00000000) refers (Special) to rtexit2.o(.ARM.Collect$$rtexit$$00000003) for __rt_exit_ls
    rtexit.o(.ARM.Collect$$rtexit$$00000000) refers (Special) to rtexit2.o(.ARM.Collect$$rtexit$$00000002) for __rt_exit_prels_1
    rtexit.o(.ARM.exidx) refers (Special) to rtexit2.o(.ARM.Collect$$rtexit$$00000004) for __rt_exit_exit
    rtexit.o(.ARM.exidx) refers (Special) to rtexit2.o(.ARM.Collect$$rtexit$$00000003) for __rt_exit_ls
    rtexit.o(.ARM.exidx) refers (Special) to rtexit2.o(.ARM.Collect$$rtexit$$00000002) for __rt_exit_prels_1
    rtexit.o(.ARM.exidx) refers to rtexit.o(.ARM.Collect$$rtexit$$00000000) for .ARM.Collect$$rtexit$$00000000
    __raise.o(.text) refers to defsig.o(CL$$defsig) for __default_signal_handler
    defsig_general.o(.text) refers to sys_wrch.o(.text) for _ttywrch
    libshutdown2.o(.ARM.Collect$$libshutdown$$0000000C) refers (Weak) to term_alloc.o(.text) for _terminate_alloc
    sys_wrch.o(.text) refers (Special) to use_no_semi.o(.text) for __I$use$semihosting
    sys_wrch.o(.text) refers (Special) to indicate_semi.o(.text) for __semihosting_library_function
    rtexit2.o(.ARM.Collect$$rtexit$$00000003) refers to libshutdown.o(.ARM.Collect$$libshutdown$$00000000) for __rt_lib_shutdown
    rtexit2.o(.ARM.Collect$$rtexit$$00000004) refers to sys_exit.o(.text) for _sys_exit
    rtexit2.o(.ARM.exidx) refers to rtexit2.o(.ARM.Collect$$rtexit$$00000001) for .ARM.Collect$$rtexit$$00000001
    rtexit2.o(.ARM.exidx) refers to rtexit2.o(.ARM.Collect$$rtexit$$00000003) for .ARM.Collect$$rtexit$$00000003
    rtexit2.o(.ARM.exidx) refers to rtexit2.o(.ARM.Collect$$rtexit$$00000004) for .ARM.Collect$$rtexit$$00000004
    defsig.o(CL$$defsig) refers to defsig_rtmem_inner.o(.text) for __rt_SIGRTMEM_inner
    defsig_abrt_inner.o(.text) refers to defsig_general.o(.text) for __default_signal_display
    defsig_fpe_inner.o(.text) refers to defsig_general.o(.text) for __default_signal_display
    defsig_rtred_inner.o(.text) refers to defsig_general.o(.text) for __default_signal_display
    defsig_stak_inner.o(.text) refers to defsig_general.o(.text) for __default_signal_display
    defsig_pvfn_inner.o(.text) refers to defsig_general.o(.text) for __default_signal_display
    defsig_cppl_inner.o(.text) refers to defsig_general.o(.text) for __default_signal_display
    defsig_segv_inner.o(.text) refers to defsig_general.o(.text) for __default_signal_display
    defsig_other.o(.text) refers to defsig_general.o(.text) for __default_signal_display
    libshutdown.o(.ARM.Collect$$libshutdown$$00000000) refers (Special) to libshutdown2.o(.ARM.Collect$$libshutdown$$00000006) for __rt_lib_shutdown_fp_trap_1
    libshutdown.o(.ARM.Collect$$libshutdown$$00000000) refers (Special) to libshutdown2.o(.ARM.Collect$$libshutdown$$0000000E) for __rt_lib_shutdown_heap_1
    libshutdown.o(.ARM.Collect$$libshutdown$$00000000) refers (Special) to libshutdown2.o(.ARM.Collect$$libshutdown$$0000000F) for __rt_lib_shutdown_return
    libshutdown.o(.ARM.Collect$$libshutdown$$00000000) refers (Special) to libshutdown2.o(.ARM.Collect$$libshutdown$$00000009) for __rt_lib_shutdown_signal_1
    libshutdown.o(.ARM.Collect$$libshutdown$$00000000) refers (Special) to libshutdown2.o(.ARM.Collect$$libshutdown$$00000003) for __rt_lib_shutdown_stdio_1
    libshutdown.o(.ARM.Collect$$libshutdown$$00000000) refers (Special) to libshutdown2.o(.ARM.Collect$$libshutdown$$0000000B) for __rt_lib_shutdown_user_alloc_1


==============================================================================

Removing Unused input sections from the image.

    Removing system_stm32l1xx.o(.rev16_text), (4 bytes).
    Removing system_stm32l1xx.o(.revsh_text), (4 bytes).
    Removing system_stm32l1xx.o(i.SystemCoreClockUpdate), (220 bytes).
    Removing eeprom.o(.rev16_text), (4 bytes).
    Removing eeprom.o(.revsh_text), (4 bytes).
    Removing eeprom.o(i.EEPROM_lock), (20 bytes).
    Removing eeprom.o(i.EEPROM_option_lock), (20 bytes).
    Removing eeprom.o(i.EEPROM_option_unlock), (32 bytes).
    Removing eeprom.o(i.EEPROM_unlock), (40 bytes).
    Removing eeprom.o(i._EEPROM_16_fast_write), (72 bytes).
    Removing eeprom.o(i._EEPROM_16_read), (16 bytes).
    Removing eeprom.o(i._EEPROM_16_write), (72 bytes).
    Removing eeprom.o(i._EEPROM_32_erase), (60 bytes).
    Removing eeprom.o(i._EEPROM_32_fast_write), (72 bytes).
    Removing eeprom.o(i._EEPROM_32_read), (16 bytes).
    Removing eeprom.o(i._EEPROM_32_write), (72 bytes).
    Removing eeprom.o(i._EEPROM_64_erase), (116 bytes).
    Removing eeprom.o(i._EEPROM_64_read), (16 bytes).
    Removing eeprom.o(i._EEPROM_64_write), (120 bytes).
    Removing eeprom.o(i._EEPROM_8_fast_write), (72 bytes).
    Removing eeprom.o(i._EEPROM_8_read), (16 bytes).
    Removing eeprom.o(i._EEPROM_8_write), (72 bytes).
    Removing main.o(.rev16_text), (4 bytes).
    Removing main.o(.revsh_text), (4 bytes).
    Removing rfm69w.o(.rev16_text), (4 bytes).
    Removing rfm69w.o(.revsh_text), (4 bytes).
    Removing rfm69w.o(i.RFM69W_ACKReceived), (48 bytes).
    Removing rfm69w.o(i.RFM69W_ACKRequested), (32 bytes).
    Removing rfm69w.o(i.RFM69W_SPI_send), (172 bytes).
    Removing rfm69w.o(i.RFM69W_SPI_write), (168 bytes).
    Removing rfm69w.o(i.RFM69W_canSend), (52 bytes).
    Removing rfm69w.o(i.RFM69W_getFrequency), (76 bytes).
    Removing rfm69w.o(i.RFM69W_listenModeOFF), (44 bytes).
    Removing rfm69w.o(i.RFM69W_listenModeON), (50 bytes).
    Removing rfm69w.o(i.RFM69W_promiscuous), (12 bytes).
    Removing rfm69w.o(i.RFM69W_rcCalibration), (34 bytes).
    Removing rfm69w.o(i.RFM69W_readAllRegs), (80 bytes).
    Removing rfm69w.o(i.RFM69W_receiveDone), (60 bytes).
    Removing rfm69w.o(i.RFM69W_send), (102 bytes).
    Removing rfm69w.o(i.RFM69W_sendACK), (120 bytes).
    Removing rfm69w.o(i.RFM69W_sendFrame), (256 bytes).
    Removing rfm69w.o(i.RFM69W_sendWithRetry), (86 bytes).
    Removing rfm69w.o(i.RFM69W_setAddress), (24 bytes).
    Removing rfm69w.o(i.RFM69W_setFrequency), (112 bytes).
    Removing rfm69w.o(i.RFM69W_setHighPowerRegs), (42 bytes).
    Removing rfm69w.o(i.RFM69W_setNetwork), (16 bytes).
    Removing rfm69w.o(i.RFM69W_setPowerLevel), (56 bytes).
    Removing rfm69w.o(i.RFM69W_sleep), (10 bytes).
    Removing usart.o(.rev16_text), (4 bytes).
    Removing usart.o(.revsh_text), (4 bytes).
    Removing key.o(.rev16_text), (4 bytes).
    Removing key.o(.revsh_text), (4 bytes).
    Removing key.o(i.GetKeys), (36 bytes).
    Removing key.o(i.IsKey), (28 bytes).
    Removing key.o(i.IsKeyPressed), (16 bytes).
    Removing key.o(i.KeybLock), (12 bytes).
    Removing key.o(i.KeybSetAutoRepeatTimes), (24 bytes).
    Removing key.o(i.KeysTime), (12 bytes).
    Removing key.o(i._KEY_init), (140 bytes).
    Removing menu.o(.rev16_text), (4 bytes).
    Removing menu.o(.revsh_text), (4 bytes).
    Removing menu.o(i._MENU_init), (216 bytes).
    Removing menu.o(i._menu_1_fun), (48 bytes).
    Removing menu.o(i._menu_2_fun), (48 bytes).
    Removing menu.o(i._menu_3_fun), (48 bytes).
    Removing menu.o(i._menu_4_fun), (48 bytes).
    Removing menu.o(.data), (20 bytes).
    Removing low_mode.o(.rev16_text), (4 bytes).
    Removing low_mode.o(.revsh_text), (4 bytes).
    Removing rtc.o(.rev16_text), (4 bytes).
    Removing rtc.o(.revsh_text), (4 bytes).

71 unused section(s) (total 3544 bytes) removed from the image.

==============================================================================

Image Symbol Table

    Local Symbols

    Symbol Name                              Value     Ov Type        Size  Object(Section)

    ../clib/angel/boardlib.s                 0x00000000   Number         0  boardshut.o ABSOLUTE
    ../clib/angel/boardlib.s                 0x00000000   Number         0  boardinit3.o ABSOLUTE
    ../clib/angel/boardlib.s                 0x00000000   Number         0  boardinit2.o ABSOLUTE
    ../clib/angel/boardlib.s                 0x00000000   Number         0  boardinit1.o ABSOLUTE
    ../clib/angel/handlers.s                 0x00000000   Number         0  __scatter_zi.o ABSOLUTE
    ../clib/angel/handlers.s                 0x00000000   Number         0  __scatter_copy.o ABSOLUTE
    ../clib/angel/kernel.s                   0x00000000   Number         0  rtentry.o ABSOLUTE
    ../clib/angel/kernel.s                   0x00000000   Number         0  rtexit2.o ABSOLUTE
    ../clib/angel/kernel.s                   0x00000000   Number         0  rtexit.o ABSOLUTE
    ../clib/angel/kernel.s                   0x00000000   Number         0  rtentry2.o ABSOLUTE
    ../clib/angel/kernel.s                   0x00000000   Number         0  rtentry4.o ABSOLUTE
    ../clib/angel/rt.s                       0x00000000   Number         0  rt_heap_descriptor.o ABSOLUTE
    ../clib/angel/rt.s                       0x00000000   Number         0  rt_heap_descriptor_intlibspace.o ABSOLUTE
    ../clib/angel/rt.s                       0x00000000   Number         0  rt_raise.o ABSOLUTE
    ../clib/angel/scatter.s                  0x00000000   Number         0  __scatter.o ABSOLUTE
    ../clib/angel/startup.s                  0x00000000   Number         0  __main.o ABSOLUTE
    ../clib/angel/sys.s                      0x00000000   Number         0  mutex_dummy.o ABSOLUTE
    ../clib/angel/sys.s                      0x00000000   Number         0  use_no_semi.o ABSOLUTE
    ../clib/angel/sys.s                      0x00000000   Number         0  indicate_semi.o ABSOLUTE
    ../clib/angel/sys.s                      0x00000000   Number         0  sys_stackheap_outer.o ABSOLUTE
    ../clib/angel/sys.s                      0x00000000   Number         0  libspace.o ABSOLUTE
    ../clib/angel/sysapp.c                   0x00000000   Number         0  sys_wrch.o ABSOLUTE
    ../clib/angel/sysapp.c                   0x00000000   Number         0  sys_exit.o ABSOLUTE
    ../clib/angel/sysapp.c                   0x00000000   Number         0  sys_command.o ABSOLUTE
    ../clib/armsys.c                         0x00000000   Number         0  argv_veneer.o ABSOLUTE
    ../clib/armsys.c                         0x00000000   Number         0  argv_veneer.o ABSOLUTE
    ../clib/armsys.c                         0x00000000   Number         0  no_argv.o ABSOLUTE
    ../clib/armsys.c                         0x00000000   Number         0  _get_argv_nomalloc.o ABSOLUTE
    ../clib/armsys.c                         0x00000000   Number         0  _get_argv.o ABSOLUTE
    ../clib/heap1.c                          0x00000000   Number         0  h1_alloc_mt.o ABSOLUTE
    ../clib/heap1.c                          0x00000000   Number         0  h1_extend_mt.o ABSOLUTE
    ../clib/heap1.c                          0x00000000   Number         0  h1_extend.o ABSOLUTE
    ../clib/heap1.c                          0x00000000   Number         0  h1_init.o ABSOLUTE
    ../clib/heap1.c                          0x00000000   Number         0  h1_final_mt.o ABSOLUTE
    ../clib/heap1.c                          0x00000000   Number         0  h1_init_mt.o ABSOLUTE
    ../clib/heap1.c                          0x00000000   Number         0  h1_final.o ABSOLUTE
    ../clib/heap1.c                          0x00000000   Number         0  h1_free.o ABSOLUTE
    ../clib/heap1.c                          0x00000000   Number         0  h1_alloc.o ABSOLUTE
    ../clib/heap1.c                          0x00000000   Number         0  h1_free_mt.o ABSOLUTE
    ../clib/heap2.c                          0x00000000   Number         0  heap2.o ABSOLUTE
    ../clib/heap2.c                          0x00000000   Number         0  heap2mt.o ABSOLUTE
    ../clib/heap2.c                          0x00000000   Number         0  fdtree.o ABSOLUTE
    ../clib/heapalloc.c                      0x00000000   Number         0  hguard.o ABSOLUTE
    ../clib/heapalloc.c                      0x00000000   Number         0  malloc.o ABSOLUTE
    ../clib/heapalloc.c                      0x00000000   Number         0  term_alloc.o ABSOLUTE
    ../clib/heapalloc.c                      0x00000000   Number         0  maybetermalloc2.o ABSOLUTE
    ../clib/heapalloc.c                      0x00000000   Number         0  maybetermalloc1.o ABSOLUTE
    ../clib/heapalloc.c                      0x00000000   Number         0  maybetermalloc1.o ABSOLUTE
    ../clib/heapalloc.c                      0x00000000   Number         0  hrguard.o ABSOLUTE
    ../clib/heapalloc.c                      0x00000000   Number         0  heapstubs.o ABSOLUTE
    ../clib/heapalloc.c                      0x00000000   Number         0  free.o ABSOLUTE
    ../clib/heapalloc.c                      0x00000000   Number         0  init_alloc.o ABSOLUTE
    ../clib/heapalloc.c                      0x00000000   Number         0  maybetermalloc2.o ABSOLUTE
    ../clib/heapaux.c                        0x00000000   Number         0  heapauxa.o ABSOLUTE
    ../clib/heapaux.c                        0x00000000   Number         0  heapauxi.o ABSOLUTE
    ../clib/libinit.s                        0x00000000   Number         0  libinit2.o ABSOLUTE
    ../clib/libinit.s                        0x00000000   Number         0  libinit.o ABSOLUTE
    ../clib/libinit.s                        0x00000000   Number         0  libshutdown.o ABSOLUTE
    ../clib/libinit.s                        0x00000000   Number         0  libshutdown2.o ABSOLUTE
    ../clib/memcpset.s                       0x00000000   Number         0  rt_memcpy_w.o ABSOLUTE
    ../clib/signal.c                         0x00000000   Number         0  defsig_other.o ABSOLUTE
    ../clib/signal.c                         0x00000000   Number         0  defsig_segv_inner.o ABSOLUTE
    ../clib/signal.c                         0x00000000   Number         0  defsig_cppl_inner.o ABSOLUTE
    ../clib/signal.c                         0x00000000   Number         0  defsig_pvfn_inner.o ABSOLUTE
    ../clib/signal.c                         0x00000000   Number         0  defsig_stak_inner.o ABSOLUTE
    ../clib/signal.c                         0x00000000   Number         0  defsig_rtred_inner.o ABSOLUTE
    ../clib/signal.c                         0x00000000   Number         0  defsig_rtmem_formal.o ABSOLUTE
    ../clib/signal.c                         0x00000000   Number         0  defsig_exit.o ABSOLUTE
    ../clib/signal.c                         0x00000000   Number         0  defsig_fpe_inner.o ABSOLUTE
    ../clib/signal.c                         0x00000000   Number         0  defsig_abrt_inner.o ABSOLUTE
    ../clib/signal.c                         0x00000000   Number         0  defsig_rtmem_inner.o ABSOLUTE
    ../clib/signal.c                         0x00000000   Number         0  defsig_general.o ABSOLUTE
    ../clib/signal.c                         0x00000000   Number         0  __raise.o ABSOLUTE
    ../clib/signal.c                         0x00000000   Number         0  defsig_rtmem_outer.o ABSOLUTE
    ../clib/signal.s                         0x00000000   Number         0  defsig.o ABSOLUTE
    ../clib/stdlib.c                         0x00000000   Number         0  exit.o ABSOLUTE
    ../fplib/daddsub.s                       0x00000000   Number         0  daddsub_clz.o ABSOLUTE
    ../fplib/dcmpi.s                         0x00000000   Number         0  dcmpi.o ABSOLUTE
    ../fplib/ddiv.s                          0x00000000   Number         0  ddiv.o ABSOLUTE
    ../fplib/dfixu.s                         0x00000000   Number         0  dfixu.o ABSOLUTE
    ../fplib/dflt.s                          0x00000000   Number         0  dflt_clz.o ABSOLUTE
    ../fplib/dleqf.s                         0x00000000   Number         0  dleqf.o ABSOLUTE
    ../fplib/dmul.s                          0x00000000   Number         0  dmul.o ABSOLUTE
    ../fplib/dnaninf.s                       0x00000000   Number         0  dnaninf.o ABSOLUTE
    ../fplib/dretinf.s                       0x00000000   Number         0  dretinf.o ABSOLUTE
    ../fplib/fpinit.s                        0x00000000   Number         0  fpinit.o ABSOLUTE
    ../fplib/usenofp.s                       0x00000000   Number         0  usenofp.o ABSOLUTE
    dc.s                                     0x00000000   Number         0  dc.o ABSOLUTE
    dev\\system_stm32l1xx.c                  0x00000000   Number         0  system_stm32l1xx.o ABSOLUTE
    dev\startup_stm32l1xx_md.s               0x00000000   Number         0  startup_stm32l1xx_md.o ABSOLUTE
    dev\system_stm32l1xx.c                   0x00000000   Number         0  system_stm32l1xx.o ABSOLUTE
    src\EEPROM.c                             0x00000000   Number         0  eeprom.o ABSOLUTE
    src\FLOAT.c                              0x00000000   Number         0  float.o ABSOLUTE
    src\KEY.c                                0x00000000   Number         0  key.o ABSOLUTE
    src\LOW_MODE.c                           0x00000000   Number         0  low_mode.o ABSOLUTE
    src\MENU.c                               0x00000000   Number         0  menu.o ABSOLUTE
    src\RFM69W.c                             0x00000000   Number         0  rfm69w.o ABSOLUTE
    src\RTC.c                                0x00000000   Number         0  rtc.o ABSOLUTE
    src\USART.c                              0x00000000   Number         0  usart.o ABSOLUTE
    src\\EEPROM.c                            0x00000000   Number         0  eeprom.o ABSOLUTE
    src\\KEY.c                               0x00000000   Number         0  key.o ABSOLUTE
    src\\LOW_MODE.c                          0x00000000   Number         0  low_mode.o ABSOLUTE
    src\\MENU.c                              0x00000000   Number         0  menu.o ABSOLUTE
    src\\RFM69W.c                            0x00000000   Number         0  rfm69w.o ABSOLUTE
    src\\RTC.c                               0x00000000   Number         0  rtc.o ABSOLUTE
    src\\USART.c                             0x00000000   Number         0  usart.o ABSOLUTE
    src\\main.c                              0x00000000   Number         0  main.o ABSOLUTE
    src\main.c                               0x00000000   Number         0  main.o ABSOLUTE
    RESET                                    0x08000000   Section      244  startup_stm32l1xx_md.o(RESET)
    !!!main                                  0x080000f4   Section        8  __main.o(!!!main)
    !!!scatter                               0x080000fc   Section       52  __scatter.o(!!!scatter)
    !!handler_copy                           0x08000130   Section       26  __scatter_copy.o(!!handler_copy)
    !!handler_zi                             0x0800014c   Section       28  __scatter_zi.o(!!handler_zi)
    .ARM.Collect$$libinit$$00000000          0x08000168   Section        2  libinit.o(.ARM.Collect$$libinit$$00000000)
    .ARM.Collect$$libinit$$00000002          0x0800016a   Section        0  libinit2.o(.ARM.Collect$$libinit$$00000002)
    .ARM.Collect$$libinit$$00000008          0x0800016a   Section        0  libinit2.o(.ARM.Collect$$libinit$$00000008)
    .ARM.Collect$$libinit$$0000000A          0x0800016a   Section        0  libinit2.o(.ARM.Collect$$libinit$$0000000A)
    .ARM.Collect$$libinit$$0000000C          0x0800016a   Section        0  libinit2.o(.ARM.Collect$$libinit$$0000000C)
    .ARM.Collect$$libinit$$0000000F          0x0800016a   Section        0  libinit2.o(.ARM.Collect$$libinit$$0000000F)
    .ARM.Collect$$libinit$$00000011          0x0800016a   Section        0  libinit2.o(.ARM.Collect$$libinit$$00000011)
    .ARM.Collect$$libinit$$00000013          0x0800016a   Section        0  libinit2.o(.ARM.Collect$$libinit$$00000013)
    .ARM.Collect$$libinit$$00000015          0x0800016a   Section        0  libinit2.o(.ARM.Collect$$libinit$$00000015)
    .ARM.Collect$$libinit$$00000017          0x0800016a   Section        0  libinit2.o(.ARM.Collect$$libinit$$00000017)
    .ARM.Collect$$libinit$$00000019          0x0800016a   Section        0  libinit2.o(.ARM.Collect$$libinit$$00000019)
    .ARM.Collect$$libinit$$0000001B          0x0800016a   Section        0  libinit2.o(.ARM.Collect$$libinit$$0000001B)
    .ARM.Collect$$libinit$$0000001D          0x0800016a   Section        0  libinit2.o(.ARM.Collect$$libinit$$0000001D)
    .ARM.Collect$$libinit$$0000001F          0x0800016a   Section        0  libinit2.o(.ARM.Collect$$libinit$$0000001F)
    .ARM.Collect$$libinit$$00000021          0x0800016a   Section        0  libinit2.o(.ARM.Collect$$libinit$$00000021)
    .ARM.Collect$$libinit$$00000023          0x0800016a   Section        0  libinit2.o(.ARM.Collect$$libinit$$00000023)
    .ARM.Collect$$libinit$$0000002A          0x0800016a   Section        0  libinit2.o(.ARM.Collect$$libinit$$0000002A)
    .ARM.Collect$$libinit$$0000002C          0x0800016a   Section        0  libinit2.o(.ARM.Collect$$libinit$$0000002C)
    .ARM.Collect$$libinit$$0000002E          0x0800016a   Section        0  libinit2.o(.ARM.Collect$$libinit$$0000002E)
    .ARM.Collect$$libinit$$00000030          0x0800016a   Section        0  libinit2.o(.ARM.Collect$$libinit$$00000030)
    .ARM.Collect$$libinit$$00000031          0x0800016a   Section        2  libinit2.o(.ARM.Collect$$libinit$$00000031)
    .ARM.Collect$$libshutdown$$00000000      0x0800016c   Section        2  libshutdown.o(.ARM.Collect$$libshutdown$$00000000)
    .ARM.Collect$$libshutdown$$00000003      0x0800016e   Section        0  libshutdown2.o(.ARM.Collect$$libshutdown$$00000003)
    .ARM.Collect$$libshutdown$$00000006      0x0800016e   Section        0  libshutdown2.o(.ARM.Collect$$libshutdown$$00000006)
    .ARM.Collect$$libshutdown$$00000009      0x0800016e   Section        0  libshutdown2.o(.ARM.Collect$$libshutdown$$00000009)
    .ARM.Collect$$libshutdown$$0000000B      0x0800016e   Section        0  libshutdown2.o(.ARM.Collect$$libshutdown$$0000000B)
    .ARM.Collect$$libshutdown$$0000000E      0x0800016e   Section        0  libshutdown2.o(.ARM.Collect$$libshutdown$$0000000E)
    .ARM.Collect$$libshutdown$$0000000F      0x0800016e   Section        2  libshutdown2.o(.ARM.Collect$$libshutdown$$0000000F)
    .ARM.Collect$$rtentry$$00000000          0x08000170   Section        0  rtentry.o(.ARM.Collect$$rtentry$$00000000)
    .ARM.Collect$$rtentry$$00000002          0x08000170   Section        0  rtentry2.o(.ARM.Collect$$rtentry$$00000002)
    .ARM.Collect$$rtentry$$00000004          0x08000170   Section        6  rtentry4.o(.ARM.Collect$$rtentry$$00000004)
    .ARM.Collect$$rtentry$$00000009          0x08000176   Section        0  rtentry2.o(.ARM.Collect$$rtentry$$00000009)
    .ARM.Collect$$rtentry$$0000000A          0x08000176   Section        4  rtentry2.o(.ARM.Collect$$rtentry$$0000000A)
    .ARM.Collect$$rtentry$$0000000C          0x0800017a   Section        0  rtentry2.o(.ARM.Collect$$rtentry$$0000000C)
    .ARM.Collect$$rtentry$$0000000D          0x0800017a   Section        8  rtentry2.o(.ARM.Collect$$rtentry$$0000000D)
    .ARM.Collect$$rtexit$$00000000           0x08000182   Section        2  rtexit.o(.ARM.Collect$$rtexit$$00000000)
    .ARM.Collect$$rtexit$$00000002           0x08000184   Section        0  rtexit2.o(.ARM.Collect$$rtexit$$00000002)
    .ARM.Collect$$rtexit$$00000003           0x08000184   Section        4  rtexit2.o(.ARM.Collect$$rtexit$$00000003)
    .ARM.Collect$$rtexit$$00000004           0x08000188   Section        6  rtexit2.o(.ARM.Collect$$rtexit$$00000004)
    .text                                    0x08000190   Section       64  startup_stm32l1xx_md.o(.text)
    .text                                    0x080001d0   Section        0  heapauxi.o(.text)
    .text                                    0x080001d8   Section        8  libspace.o(.text)
    .text                                    0x080001e0   Section        2  use_no_semi.o(.text)
    .text                                    0x080001e2   Section        0  indicate_semi.o(.text)
    .text                                    0x080001e2   Section       74  sys_stackheap_outer.o(.text)
    .text                                    0x0800022c   Section        0  exit.o(.text)
    .text                                    0x08000238   Section        0  sys_exit.o(.text)
    i.ClrKeyb                                0x08000244   Section        0  key.o(i.ClrKeyb)
    i.EXTI15_10_IRQHandler                   0x08000298   Section        0  rfm69w.o(i.EXTI15_10_IRQHandler)
    i.GPIO_config                            0x080002bc   Section        0  system_stm32l1xx.o(i.GPIO_config)
    i.GetKeybSample                          0x08000420   Section        0  key.o(i.GetKeybSample)
    i.KeybProc                               0x08000440   Section        0  key.o(i.KeybProc)
    i.NVIC_EnableIRQ                         0x080004f0   Section        0  rfm69w.o(i.NVIC_EnableIRQ)
    NVIC_EnableIRQ                           0x080004f1   Thumb Code    22  rfm69w.o(i.NVIC_EnableIRQ)
    i.RFM69W_GPIO_init                       0x08000508   Section        0  rfm69w.o(i.RFM69W_GPIO_init)
    i.RFM69W_REG_init                        0x080005b0   Section        0  rfm69w.o(i.RFM69W_REG_init)
    i.RFM69W_SPI_init                        0x0800076c   Section        0  rfm69w.o(i.RFM69W_SPI_init)
    i.RFM69W_SPI_send_8poll                  0x08000798   Section        0  rfm69w.o(i.RFM69W_SPI_send_8poll)
    i.RFM69W_SPI_send_poll                   0x080007ec   Section        0  rfm69w.o(i.RFM69W_SPI_send_poll)
    i.RFM69W_encrypt                         0x08000910   Section        0  rfm69w.o(i.RFM69W_encrypt)
    i.RFM69W_init                            0x080009a4   Section        0  rfm69w.o(i.RFM69W_init)
    i.RFM69W_interruptHandler                0x080009bc   Section        0  rfm69w.o(i.RFM69W_interruptHandler)
    i.RFM69W_readRSSI                        0x08000b2c   Section        0  rfm69w.o(i.RFM69W_readRSSI)
    i.RFM69W_receiveBegin                    0x08000b68   Section        0  rfm69w.o(i.RFM69W_receiveBegin)
    i.RFM69W_setHighPower                    0x08000be0   Section        0  rfm69w.o(i.RFM69W_setHighPower)
    i.RFM69W_setMode                         0x08000c2c   Section        0  rfm69w.o(i.RFM69W_setMode)
    i.SPI1_IRQHandler                        0x08000d00   Section        0  rfm69w.o(i.SPI1_IRQHandler)
    i.SYS_TICK_init                          0x08000de4   Section        0  main.o(i.SYS_TICK_init)
    i.SetSysClock                            0x08000e34   Section        0  system_stm32l1xx.o(i.SetSysClock)
    SetSysClock                              0x08000e35   Thumb Code   258  system_stm32l1xx.o(i.SetSysClock)
    i.SysTick_Handler                        0x08000f44   Section        0  main.o(i.SysTick_Handler)
    i.SystemInit                             0x08000f60   Section        0  system_stm32l1xx.o(i.SystemInit)
    i.TIM6_IRQHandler                        0x08000fc8   Section        0  key.o(i.TIM6_IRQHandler)
    i.USART1_IRQHandler                      0x08000fec   Section        0  usart.o(i.USART1_IRQHandler)
    i.USART_init                             0x08001068   Section        0  usart.o(i.USART_init)
    i.USART_send                             0x08001128   Section        0  usart.o(i.USART_send)
    i.USART_write                            0x08001144   Section        0  usart.o(i.USART_write)
    i.USART_write_buf                        0x080011c8   Section        0  usart.o(i.USART_write_buf)
    i._dbl2stri                              0x08001220   Section        0  float.o(i._dbl2stri)
    i._decimal_binary                        0x080013a8   Section        0  float.o(i._decimal_binary)
    i.main                                   0x080013d4   Section        0  main.o(i.main)
    i.milis                                  0x0800141c   Section        0  rfm69w.o(i.milis)
    x$fpl$dadd                               0x08001470   Section      336  daddsub_clz.o(x$fpl$dadd)
    _dadd1                                   0x08001481   Thumb Code     0  daddsub_clz.o(x$fpl$dadd)
    x$fpl$dcmpinf                            0x080015c0   Section       24  dcmpi.o(x$fpl$dcmpinf)
    x$fpl$dfixu                              0x080015d8   Section       90  dfixu.o(x$fpl$dfixu)
    x$fpl$dflt                               0x08001632   Section       46  dflt_clz.o(x$fpl$dflt)
    x$fpl$dfltu                              0x08001660   Section       38  dflt_clz.o(x$fpl$dfltu)
    x$fpl$dleqf                              0x08001688   Section      120  dleqf.o(x$fpl$dleqf)
    x$fpl$dmul                               0x08001700   Section      340  dmul.o(x$fpl$dmul)
    x$fpl$dnaninf                            0x08001854   Section      156  dnaninf.o(x$fpl$dnaninf)
    x$fpl$dretinf                            0x080018f0   Section       12  dretinf.o(x$fpl$dretinf)
    x$fpl$drsb                               0x080018fc   Section       22  daddsub_clz.o(x$fpl$drsb)
    x$fpl$dsub                               0x08001914   Section      468  daddsub_clz.o(x$fpl$dsub)
    _dsub1                                   0x08001925   Thumb Code     0  daddsub_clz.o(x$fpl$dsub)
    .constdata                               0x08001ae8   Section       22  key.o(.constdata)
    x$fpl$usenofp                            0x08001ae8   Section        0  usenofp.o(x$fpl$usenofp)
    DefaultAutoRepeatTab                     0x08001ae8   Data          22  key.o(.constdata)
    .constdata                               0x08001b00   Section       64  float.o(.constdata)
    round_nums                               0x08001b00   Data          64  float.o(.constdata)
    .data                                    0x20000000   Section       29  system_stm32l1xx.o(.data)
    .data                                    0x2000001e   Section       13  rfm69w.o(.data)
    .data                                    0x2000002c   Section       32  key.o(.data)
    keys                                     0x2000002c   Data           4  key.o(.data)
    keycnt                                   0x20000030   Data           4  key.o(.data)
    keytime                                  0x20000034   Data           4  key.o(.data)
    prevKeybSt                               0x20000038   Data           4  key.o(.data)
    arTime                                   0x2000003c   Data           4  key.o(.data)
    arIndex                                  0x20000040   Data           1  key.o(.data)
    keyblock                                 0x20000041   Data           1  key.o(.data)
    _art                                     0x20000044   Data           4  key.o(.data)
    art                                      0x20000048   Data           4  key.o(.data)
    .data                                    0x2000004c   Section        4  float.o(.data)
    use_leading_plus                         0x2000004c   Data           4  float.o(.data)
    .bss                                     0x20000050   Section      143  rfm69w.o(.bss)
    .bss                                     0x200000df   Section       52  usart.o(.bss)
    .bss                                     0x20000113   Section      128  float.o(.bss)
    local_bfr                                0x20000113   Data         128  float.o(.bss)
    .bss                                     0x20000194   Section       96  libspace.o(.bss)
    HEAP                                     0x200001f8   Section      512  startup_stm32l1xx_md.o(HEAP)
    Heap_Mem                                 0x200001f8   Data         512  startup_stm32l1xx_md.o(HEAP)
    STACK                                    0x200003f8   Section     1024  startup_stm32l1xx_md.o(STACK)
    Stack_Mem                                0x200003f8   Data        1024  startup_stm32l1xx_md.o(STACK)
    __initial_sp                             0x200007f8   Data           0  startup_stm32l1xx_md.o(STACK)

    Global Symbols

    Symbol Name                              Value     Ov Type        Size  Object(Section)

    BuildAttributes$$THM_ISAv4$P$D$K$B$S$PE$A:L22UL41UL21$X:L11$S22US41US21$IEEE1$IW$USESV6$~STKCKD$USESV7$~SHL$OTIME$ROPI$EBA8$UX$STANDARDLIB$REQ8$PRES8$EABIv2 0x00000000   Number         0  anon$$obj.o ABSOLUTE
    __ARM_use_no_argv                        0x00000000   Number         0  main.o ABSOLUTE
    __ARM_exceptions_init                     - Undefined Weak Reference
    __alloca_initialize                       - Undefined Weak Reference
    __cpp_initialize__aeabi_                  - Undefined Weak Reference
    __cxa_finalize                            - Undefined Weak Reference
    __rt_locale                               - Undefined Weak Reference
    __sigvec_lookup                           - Undefined Weak Reference
    __user_heap_extent                        - Undefined Weak Reference
    _atexit_init                              - Undefined Weak Reference
    _call_atexit_fns                          - Undefined Weak Reference
    _clock_init                               - Undefined Weak Reference
    _fp_trap_init                             - Undefined Weak Reference
    _fp_trap_shutdown                         - Undefined Weak Reference
    _get_lc_collate                           - Undefined Weak Reference
    _get_lc_ctype                             - Undefined Weak Reference
    _get_lc_monetary                          - Undefined Weak Reference
    _get_lc_numeric                           - Undefined Weak Reference
    _get_lc_time                              - Undefined Weak Reference
    _getenv_init                              - Undefined Weak Reference
    _handle_redirection                       - Undefined Weak Reference
    _initio                                   - Undefined Weak Reference
    _mutex_acquire                            - Undefined Weak Reference
    _mutex_free                               - Undefined Weak Reference
    _mutex_release                            - Undefined Weak Reference
    _rand_init                                - Undefined Weak Reference
    _signal_finish                            - Undefined Weak Reference
    _signal_init                              - Undefined Weak Reference
    _terminateio                              - Undefined Weak Reference
    __Vectors_Size                           0x000000f4   Number         0  startup_stm32l1xx_md.o ABSOLUTE
    __Vectors                                0x08000000   Data           4  startup_stm32l1xx_md.o(RESET)
    __Vectors_End                            0x080000f4   Data           0  startup_stm32l1xx_md.o(RESET)
    __main                                   0x080000f5   Thumb Code     8  __main.o(!!!main)
    __scatterload                            0x080000fd   Thumb Code     0  __scatter.o(!!!scatter)
    __scatterload_rt2                        0x080000fd   Thumb Code    44  __scatter.o(!!!scatter)
    __scatterload_rt2_thumb_only             0x080000fd   Thumb Code     0  __scatter.o(!!!scatter)
    __scatterload_null                       0x0800010b   Thumb Code     0  __scatter.o(!!!scatter)
    __scatterload_copy                       0x08000131   Thumb Code    26  __scatter_copy.o(!!handler_copy)
    __scatterload_zeroinit                   0x0800014d   Thumb Code    28  __scatter_zi.o(!!handler_zi)
    __rt_lib_init                            0x08000169   Thumb Code     0  libinit.o(.ARM.Collect$$libinit$$00000000)
    __rt_lib_init_alloca_1                   0x0800016b   Thumb Code     0  libinit2.o(.ARM.Collect$$libinit$$0000002C)
    __rt_lib_init_argv_1                     0x0800016b   Thumb Code     0  libinit2.o(.ARM.Collect$$libinit$$0000002A)
    __rt_lib_init_atexit_1                   0x0800016b   Thumb Code     0  libinit2.o(.ARM.Collect$$libinit$$00000019)
    __rt_lib_init_clock_1                    0x0800016b   Thumb Code     0  libinit2.o(.ARM.Collect$$libinit$$0000001F)
    __rt_lib_init_cpp_1                      0x0800016b   Thumb Code     0  libinit2.o(.ARM.Collect$$libinit$$00000030)
    __rt_lib_init_exceptions_1               0x0800016b   Thumb Code     0  libinit2.o(.ARM.Collect$$libinit$$0000002E)
    __rt_lib_init_fp_1                       0x0800016b   Thumb Code     0  libinit2.o(.ARM.Collect$$libinit$$00000002)
    __rt_lib_init_fp_trap_1                  0x0800016b   Thumb Code     0  libinit2.o(.ARM.Collect$$libinit$$0000001D)
    __rt_lib_init_getenv_1                   0x0800016b   Thumb Code     0  libinit2.o(.ARM.Collect$$libinit$$00000021)
    __rt_lib_init_heap_1                     0x0800016b   Thumb Code     0  libinit2.o(.ARM.Collect$$libinit$$00000008)
    __rt_lib_init_lc_collate_1               0x0800016b   Thumb Code     0  libinit2.o(.ARM.Collect$$libinit$$0000000F)
    __rt_lib_init_lc_ctype_1                 0x0800016b   Thumb Code     0  libinit2.o(.ARM.Collect$$libinit$$00000011)
    __rt_lib_init_lc_monetary_1              0x0800016b   Thumb Code     0  libinit2.o(.ARM.Collect$$libinit$$00000013)
    __rt_lib_init_lc_numeric_1               0x0800016b   Thumb Code     0  libinit2.o(.ARM.Collect$$libinit$$00000015)
    __rt_lib_init_lc_time_1                  0x0800016b   Thumb Code     0  libinit2.o(.ARM.Collect$$libinit$$00000017)
    __rt_lib_init_rand_1                     0x0800016b   Thumb Code     0  libinit2.o(.ARM.Collect$$libinit$$0000000C)
    __rt_lib_init_return                     0x0800016b   Thumb Code     0  libinit2.o(.ARM.Collect$$libinit$$00000031)
    __rt_lib_init_signal_1                   0x0800016b   Thumb Code     0  libinit2.o(.ARM.Collect$$libinit$$0000001B)
    __rt_lib_init_stdio_1                    0x0800016b   Thumb Code     0  libinit2.o(.ARM.Collect$$libinit$$00000023)
    __rt_lib_init_user_alloc_1               0x0800016b   Thumb Code     0  libinit2.o(.ARM.Collect$$libinit$$0000000A)
    __rt_lib_shutdown                        0x0800016d   Thumb Code     0  libshutdown.o(.ARM.Collect$$libshutdown$$00000000)
    __rt_lib_shutdown_fp_trap_1              0x0800016f   Thumb Code     0  libshutdown2.o(.ARM.Collect$$libshutdown$$00000006)
    __rt_lib_shutdown_heap_1                 0x0800016f   Thumb Code     0  libshutdown2.o(.ARM.Collect$$libshutdown$$0000000E)
    __rt_lib_shutdown_return                 0x0800016f   Thumb Code     0  libshutdown2.o(.ARM.Collect$$libshutdown$$0000000F)
    __rt_lib_shutdown_signal_1               0x0800016f   Thumb Code     0  libshutdown2.o(.ARM.Collect$$libshutdown$$00000009)
    __rt_lib_shutdown_stdio_1                0x0800016f   Thumb Code     0  libshutdown2.o(.ARM.Collect$$libshutdown$$00000003)
    __rt_lib_shutdown_user_alloc_1           0x0800016f   Thumb Code     0  libshutdown2.o(.ARM.Collect$$libshutdown$$0000000B)
    __rt_entry                               0x08000171   Thumb Code     0  rtentry.o(.ARM.Collect$$rtentry$$00000000)
    __rt_entry_presh_1                       0x08000171   Thumb Code     0  rtentry2.o(.ARM.Collect$$rtentry$$00000002)
    __rt_entry_sh                            0x08000171   Thumb Code     0  rtentry4.o(.ARM.Collect$$rtentry$$00000004)
    __rt_entry_li                            0x08000177   Thumb Code     0  rtentry2.o(.ARM.Collect$$rtentry$$0000000A)
    __rt_entry_postsh_1                      0x08000177   Thumb Code     0  rtentry2.o(.ARM.Collect$$rtentry$$00000009)
    __rt_entry_main                          0x0800017b   Thumb Code     0  rtentry2.o(.ARM.Collect$$rtentry$$0000000D)
    __rt_entry_postli_1                      0x0800017b   Thumb Code     0  rtentry2.o(.ARM.Collect$$rtentry$$0000000C)
    __rt_exit                                0x08000183   Thumb Code     0  rtexit.o(.ARM.Collect$$rtexit$$00000000)
    __rt_exit_ls                             0x08000185   Thumb Code     0  rtexit2.o(.ARM.Collect$$rtexit$$00000003)
    __rt_exit_prels_1                        0x08000185   Thumb Code     0  rtexit2.o(.ARM.Collect$$rtexit$$00000002)
    __rt_exit_exit                           0x08000189   Thumb Code     0  rtexit2.o(.ARM.Collect$$rtexit$$00000004)
    Reset_Handler                            0x08000191   Thumb Code     8  startup_stm32l1xx_md.o(.text)
    NMI_Handler                              0x08000199   Thumb Code     2  startup_stm32l1xx_md.o(.text)
    HardFault_Handler                        0x0800019b   Thumb Code     2  startup_stm32l1xx_md.o(.text)
    MemManage_Handler                        0x0800019d   Thumb Code     2  startup_stm32l1xx_md.o(.text)
    BusFault_Handler                         0x0800019f   Thumb Code     2  startup_stm32l1xx_md.o(.text)
    UsageFault_Handler                       0x080001a1   Thumb Code     2  startup_stm32l1xx_md.o(.text)
    SVC_Handler                              0x080001a3   Thumb Code     2  startup_stm32l1xx_md.o(.text)
    DebugMon_Handler                         0x080001a5   Thumb Code     2  startup_stm32l1xx_md.o(.text)
    PendSV_Handler                           0x080001a7   Thumb Code     2  startup_stm32l1xx_md.o(.text)
    ADC1_IRQHandler                          0x080001ab   Thumb Code     0  startup_stm32l1xx_md.o(.text)
    COMP_IRQHandler                          0x080001ab   Thumb Code     0  startup_stm32l1xx_md.o(.text)
    DAC_IRQHandler                           0x080001ab   Thumb Code     0  startup_stm32l1xx_md.o(.text)
    DMA1_Channel1_IRQHandler                 0x080001ab   Thumb Code     0  startup_stm32l1xx_md.o(.text)
    DMA1_Channel2_IRQHandler                 0x080001ab   Thumb Code     0  startup_stm32l1xx_md.o(.text)
    DMA1_Channel3_IRQHandler                 0x080001ab   Thumb Code     0  startup_stm32l1xx_md.o(.text)
    DMA1_Channel4_IRQHandler                 0x080001ab   Thumb Code     0  startup_stm32l1xx_md.o(.text)
    DMA1_Channel5_IRQHandler                 0x080001ab   Thumb Code     0  startup_stm32l1xx_md.o(.text)
    DMA1_Channel6_IRQHandler                 0x080001ab   Thumb Code     0  startup_stm32l1xx_md.o(.text)
    DMA1_Channel7_IRQHandler                 0x080001ab   Thumb Code     0  startup_stm32l1xx_md.o(.text)
    EXTI0_IRQHandler                         0x080001ab   Thumb Code     0  startup_stm32l1xx_md.o(.text)
    EXTI1_IRQHandler                         0x080001ab   Thumb Code     0  startup_stm32l1xx_md.o(.text)
    EXTI2_IRQHandler                         0x080001ab   Thumb Code     0  startup_stm32l1xx_md.o(.text)
    EXTI3_IRQHandler                         0x080001ab   Thumb Code     0  startup_stm32l1xx_md.o(.text)
    EXTI4_IRQHandler                         0x080001ab   Thumb Code     0  startup_stm32l1xx_md.o(.text)
    EXTI9_5_IRQHandler                       0x080001ab   Thumb Code     0  startup_stm32l1xx_md.o(.text)
    FLASH_IRQHandler                         0x080001ab   Thumb Code     0  startup_stm32l1xx_md.o(.text)
    I2C1_ER_IRQHandler                       0x080001ab   Thumb Code     0  startup_stm32l1xx_md.o(.text)
    I2C1_EV_IRQHandler                       0x080001ab   Thumb Code     0  startup_stm32l1xx_md.o(.text)
    I2C2_ER_IRQHandler                       0x080001ab   Thumb Code     0  startup_stm32l1xx_md.o(.text)
    I2C2_EV_IRQHandler                       0x080001ab   Thumb Code     0  startup_stm32l1xx_md.o(.text)
    LCD_IRQHandler                           0x080001ab   Thumb Code     0  startup_stm32l1xx_md.o(.text)
    PVD_IRQHandler                           0x080001ab   Thumb Code     0  startup_stm32l1xx_md.o(.text)
    RCC_IRQHandler                           0x080001ab   Thumb Code     0  startup_stm32l1xx_md.o(.text)
    RTC_Alarm_IRQHandler                     0x080001ab   Thumb Code     0  startup_stm32l1xx_md.o(.text)
    RTC_WKUP_IRQHandler                      0x080001ab   Thumb Code     0  startup_stm32l1xx_md.o(.text)
    SPI2_IRQHandler                          0x080001ab   Thumb Code     0  startup_stm32l1xx_md.o(.text)
    TAMPER_STAMP_IRQHandler                  0x080001ab   Thumb Code     0  startup_stm32l1xx_md.o(.text)
    TIM10_IRQHandler                         0x080001ab   Thumb Code     0  startup_stm32l1xx_md.o(.text)
    TIM11_IRQHandler                         0x080001ab   Thumb Code     0  startup_stm32l1xx_md.o(.text)
    TIM2_IRQHandler                          0x080001ab   Thumb Code     0  startup_stm32l1xx_md.o(.text)
    TIM3_IRQHandler                          0x080001ab   Thumb Code     0  startup_stm32l1xx_md.o(.text)
    TIM4_IRQHandler                          0x080001ab   Thumb Code     0  startup_stm32l1xx_md.o(.text)
    TIM7_IRQHandler                          0x080001ab   Thumb Code     0  startup_stm32l1xx_md.o(.text)
    TIM9_IRQHandler                          0x080001ab   Thumb Code     0  startup_stm32l1xx_md.o(.text)
    USART2_IRQHandler                        0x080001ab   Thumb Code     0  startup_stm32l1xx_md.o(.text)
    USART3_IRQHandler                        0x080001ab   Thumb Code     0  startup_stm32l1xx_md.o(.text)
    USB_FS_WKUP_IRQHandler                   0x080001ab   Thumb Code     0  startup_stm32l1xx_md.o(.text)
    USB_HP_IRQHandler                        0x080001ab   Thumb Code     0  startup_stm32l1xx_md.o(.text)
    USB_LP_IRQHandler                        0x080001ab   Thumb Code     0  startup_stm32l1xx_md.o(.text)
    WWDG_IRQHandler                          0x080001ab   Thumb Code     0  startup_stm32l1xx_md.o(.text)
    __user_initial_stackheap                 0x080001ad   Thumb Code     0  startup_stm32l1xx_md.o(.text)
    __use_two_region_memory                  0x080001d1   Thumb Code     2  heapauxi.o(.text)
    __rt_heap_escrow                         0x080001d3   Thumb Code     2  heapauxi.o(.text)
    __rt_heap_expand                         0x080001d5   Thumb Code     2  heapauxi.o(.text)
    __user_libspace                          0x080001d9   Thumb Code     8  libspace.o(.text)
    __user_perproc_libspace                  0x080001d9   Thumb Code     0  libspace.o(.text)
    __user_perthread_libspace                0x080001d9   Thumb Code     0  libspace.o(.text)
    __I$use$semihosting                      0x080001e1   Thumb Code     0  use_no_semi.o(.text)
    __use_no_semihosting_swi                 0x080001e1   Thumb Code     2  use_no_semi.o(.text)
    __semihosting_library_function           0x080001e3   Thumb Code     0  indicate_semi.o(.text)
    __user_setup_stackheap                   0x080001e3   Thumb Code    74  sys_stackheap_outer.o(.text)
    exit                                     0x0800022d   Thumb Code    12  exit.o(.text)
    _sys_exit                                0x08000239   Thumb Code     8  sys_exit.o(.text)
    ClrKeyb                                  0x08000245   Thumb Code    50  key.o(i.ClrKeyb)
    EXTI15_10_IRQHandler                     0x08000299   Thumb Code    30  rfm69w.o(i.EXTI15_10_IRQHandler)
    GPIO_config                              0x080002bd   Thumb Code   342  system_stm32l1xx.o(i.GPIO_config)
    GetKeybSample                            0x08000421   Thumb Code    26  key.o(i.GetKeybSample)
    KeybProc                                 0x08000441   Thumb Code   138  key.o(i.KeybProc)
    RFM69W_GPIO_init                         0x08000509   Thumb Code   154  rfm69w.o(i.RFM69W_GPIO_init)
    RFM69W_REG_init                          0x080005b1   Thumb Code   424  rfm69w.o(i.RFM69W_REG_init)
    RFM69W_SPI_init                          0x0800076d   Thumb Code    36  rfm69w.o(i.RFM69W_SPI_init)
    RFM69W_SPI_send_8poll                    0x08000799   Thumb Code    78  rfm69w.o(i.RFM69W_SPI_send_8poll)
    RFM69W_SPI_send_poll                     0x080007ed   Thumb Code   284  rfm69w.o(i.RFM69W_SPI_send_poll)
    RFM69W_encrypt                           0x08000911   Thumb Code   138  rfm69w.o(i.RFM69W_encrypt)
    RFM69W_init                              0x080009a5   Thumb Code    22  rfm69w.o(i.RFM69W_init)
    RFM69W_interruptHandler                  0x080009bd   Thumb Code   316  rfm69w.o(i.RFM69W_interruptHandler)
    RFM69W_readRSSI                          0x08000b2d   Thumb Code    58  rfm69w.o(i.RFM69W_readRSSI)
    RFM69W_receiveBegin                      0x08000b69   Thumb Code    92  rfm69w.o(i.RFM69W_receiveBegin)
    RFM69W_setHighPower                      0x08000be1   Thumb Code    72  rfm69w.o(i.RFM69W_setHighPower)
    RFM69W_setMode                           0x08000c2d   Thumb Code   208  rfm69w.o(i.RFM69W_setMode)
    SPI1_IRQHandler                          0x08000d01   Thumb Code   214  rfm69w.o(i.SPI1_IRQHandler)
    SYS_TICK_init                            0x08000de5   Thumb Code    68  main.o(i.SYS_TICK_init)
    SysTick_Handler                          0x08000f45   Thumb Code    24  main.o(i.SysTick_Handler)
    SystemInit                               0x08000f61   Thumb Code    88  system_stm32l1xx.o(i.SystemInit)
    TIM6_IRQHandler                          0x08000fc9   Thumb Code    30  key.o(i.TIM6_IRQHandler)
    USART1_IRQHandler                        0x08000fed   Thumb Code   114  usart.o(i.USART1_IRQHandler)
    USART_init                               0x08001069   Thumb Code   168  usart.o(i.USART_init)
    USART_send                               0x08001129   Thumb Code    28  usart.o(i.USART_send)
    USART_write                              0x08001145   Thumb Code   122  usart.o(i.USART_write)
    USART_write_buf                          0x080011c9   Thumb Code    88  usart.o(i.USART_write_buf)
    _dbl2stri                                0x08001221   Thumb Code   374  float.o(i._dbl2stri)
    _decimal_binary                          0x080013a9   Thumb Code    44  float.o(i._decimal_binary)
    main                                     0x080013d5   Thumb Code    62  main.o(i.main)
    milis                                    0x0800141d   Thumb Code    76  rfm69w.o(i.milis)
    __aeabi_dadd                             0x08001471   Thumb Code     0  daddsub_clz.o(x$fpl$dadd)
    _dadd                                    0x08001471   Thumb Code   332  daddsub_clz.o(x$fpl$dadd)
    __fpl_dcmp_Inf                           0x080015c1   Thumb Code    24  dcmpi.o(x$fpl$dcmpinf)
    __aeabi_d2uiz                            0x080015d9   Thumb Code     0  dfixu.o(x$fpl$dfixu)
    _dfixu                                   0x080015d9   Thumb Code    90  dfixu.o(x$fpl$dfixu)
    __aeabi_i2d                              0x08001633   Thumb Code     0  dflt_clz.o(x$fpl$dflt)
    _dflt                                    0x08001633   Thumb Code    46  dflt_clz.o(x$fpl$dflt)
    __aeabi_ui2d                             0x08001661   Thumb Code     0  dflt_clz.o(x$fpl$dfltu)
    _dfltu                                   0x08001661   Thumb Code    38  dflt_clz.o(x$fpl$dfltu)
    __aeabi_cdcmple                          0x08001689   Thumb Code     0  dleqf.o(x$fpl$dleqf)
    _dcmple                                  0x08001689   Thumb Code   120  dleqf.o(x$fpl$dleqf)
    __fpl_dcmple_InfNaN                      0x080016eb   Thumb Code     0  dleqf.o(x$fpl$dleqf)
    __aeabi_dmul                             0x08001701   Thumb Code     0  dmul.o(x$fpl$dmul)
    _dmul                                    0x08001701   Thumb Code   332  dmul.o(x$fpl$dmul)
    __fpl_dnaninf                            0x08001855   Thumb Code   156  dnaninf.o(x$fpl$dnaninf)
    __fpl_dretinf                            0x080018f1   Thumb Code    12  dretinf.o(x$fpl$dretinf)
    __aeabi_drsub                            0x080018fd   Thumb Code     0  daddsub_clz.o(x$fpl$drsb)
    _drsb                                    0x080018fd   Thumb Code    22  daddsub_clz.o(x$fpl$drsb)
    __aeabi_dsub                             0x08001915   Thumb Code     0  daddsub_clz.o(x$fpl$dsub)
    _dsub                                    0x08001915   Thumb Code   464  daddsub_clz.o(x$fpl$dsub)
    __I$use$fp                               0x08001ae8   Number         0  usenofp.o(x$fpl$usenofp)
    Region$$Table$$Base                      0x08001b40   Number         0  anon$$obj.o(Region$$Table)
    Region$$Table$$Limit                     0x08001b60   Number         0  anon$$obj.o(Region$$Table)
    SystemCoreClock                          0x20000000   Data           4  system_stm32l1xx.o(.data)
    PLLMulTable                              0x20000004   Data           9  system_stm32l1xx.o(.data)
    AHBPrescTable                            0x2000000d   Data          16  system_stm32l1xx.o(.data)
    RFM69W_mode                              0x2000001e   Data           1  rfm69w.o(.data)
    RFM69W_address                           0x2000001f   Data           1  rfm69w.o(.data)
    RFM69W_promiscuousMode                   0x20000020   Data           1  rfm69w.o(.data)
    DATALEN                                  0x20000021   Data           1  rfm69w.o(.data)
    SENDERID                                 0x20000022   Data           1  rfm69w.o(.data)
    TARGETID                                 0x20000023   Data           1  rfm69w.o(.data)
    PAYLOADLEN                               0x20000024   Data           1  rfm69w.o(.data)
    ACK_REQUESTED                            0x20000025   Data           1  rfm69w.o(.data)
    ACK_RECEIVED                             0x20000026   Data           1  rfm69w.o(.data)
    RSSI                                     0x20000028   Data           2  rfm69w.o(.data)
    RFM69W_powerLevel                        0x2000002a   Data           1  rfm69w.o(.data)
    RFM69W_FIFO                              0x20000050   Data          82  rfm69w.o(.bss)
    DATA                                     0x200000a2   Data          61  rfm69w.o(.bss)
    USART_FIFO                               0x200000df   Data          52  usart.o(.bss)
    __libspace_start                         0x20000194   Data          96  libspace.o(.bss)
    __temporary_stack_top$libspace           0x200001f4   Data           0  libspace.o(.bss)



==============================================================================

Memory Map of the image

  Image Entry point : 0x08000191

  Load Region LR_1 (Base: 0x08000000, Size: 0x00001bb0, Max: 0xffffffff, ABSOLUTE)

    Execution Region ER_RO (Base: 0x08000000, Size: 0x00001b60, Max: 0xffffffff, ABSOLUTE)

    Base Addr    Size         Type   Attr      Idx    E Section Name        Object

    0x08000000   0x000000f4   Data   RO            3    RESET               startup_stm32l1xx_md.o
    0x080000f4   0x00000008   Code   RO          803  * !!!main             c_w.l(__main.o)
    0x080000fc   0x00000034   Code   RO         1040    !!!scatter          c_w.l(__scatter.o)
    0x08000130   0x0000001a   Code   RO         1042    !!handler_copy      c_w.l(__scatter_copy.o)
    0x0800014a   0x00000002   PAD
    0x0800014c   0x0000001c   Code   RO         1044    !!handler_zi        c_w.l(__scatter_zi.o)
    0x08000168   0x00000002   Code   RO          980    .ARM.Collect$$libinit$$00000000  c_w.l(libinit.o)
    0x0800016a   0x00000000   Code   RO          868    .ARM.Collect$$libinit$$00000002  c_w.l(libinit2.o)
    0x0800016a   0x00000000   Code   RO          871    .ARM.Collect$$libinit$$00000008  c_w.l(libinit2.o)
    0x0800016a   0x00000000   Code   RO          873    .ARM.Collect$$libinit$$0000000A  c_w.l(libinit2.o)
    0x0800016a   0x00000000   Code   RO          875    .ARM.Collect$$libinit$$0000000C  c_w.l(libinit2.o)
    0x0800016a   0x00000000   Code   RO          878    .ARM.Collect$$libinit$$0000000F  c_w.l(libinit2.o)
    0x0800016a   0x00000000   Code   RO          880    .ARM.Collect$$libinit$$00000011  c_w.l(libinit2.o)
    0x0800016a   0x00000000   Code   RO          882    .ARM.Collect$$libinit$$00000013  c_w.l(libinit2.o)
    0x0800016a   0x00000000   Code   RO          884    .ARM.Collect$$libinit$$00000015  c_w.l(libinit2.o)
    0x0800016a   0x00000000   Code   RO          886    .ARM.Collect$$libinit$$00000017  c_w.l(libinit2.o)
    0x0800016a   0x00000000   Code   RO          888    .ARM.Collect$$libinit$$00000019  c_w.l(libinit2.o)
    0x0800016a   0x00000000   Code   RO          890    .ARM.Collect$$libinit$$0000001B  c_w.l(libinit2.o)
    0x0800016a   0x00000000   Code   RO          892    .ARM.Collect$$libinit$$0000001D  c_w.l(libinit2.o)
    0x0800016a   0x00000000   Code   RO          894    .ARM.Collect$$libinit$$0000001F  c_w.l(libinit2.o)
    0x0800016a   0x00000000   Code   RO          896    .ARM.Collect$$libinit$$00000021  c_w.l(libinit2.o)
    0x0800016a   0x00000000   Code   RO          898    .ARM.Collect$$libinit$$00000023  c_w.l(libinit2.o)
    0x0800016a   0x00000000   Code   RO          902    .ARM.Collect$$libinit$$0000002A  c_w.l(libinit2.o)
    0x0800016a   0x00000000   Code   RO          904    .ARM.Collect$$libinit$$0000002C  c_w.l(libinit2.o)
    0x0800016a   0x00000000   Code   RO          906    .ARM.Collect$$libinit$$0000002E  c_w.l(libinit2.o)
    0x0800016a   0x00000000   Code   RO          908    .ARM.Collect$$libinit$$00000030  c_w.l(libinit2.o)
    0x0800016a   0x00000002   Code   RO          909    .ARM.Collect$$libinit$$00000031  c_w.l(libinit2.o)
    0x0800016c   0x00000002   Code   RO         1037    .ARM.Collect$$libshutdown$$00000000  c_w.l(libshutdown.o)
    0x0800016e   0x00000000   Code   RO          995    .ARM.Collect$$libshutdown$$00000003  c_w.l(libshutdown2.o)
    0x0800016e   0x00000000   Code   RO          998    .ARM.Collect$$libshutdown$$00000006  c_w.l(libshutdown2.o)
    0x0800016e   0x00000000   Code   RO         1001    .ARM.Collect$$libshutdown$$00000009  c_w.l(libshutdown2.o)
    0x0800016e   0x00000000   Code   RO         1003    .ARM.Collect$$libshutdown$$0000000B  c_w.l(libshutdown2.o)
    0x0800016e   0x00000000   Code   RO         1006    .ARM.Collect$$libshutdown$$0000000E  c_w.l(libshutdown2.o)
    0x0800016e   0x00000002   Code   RO         1007    .ARM.Collect$$libshutdown$$0000000F  c_w.l(libshutdown2.o)
    0x08000170   0x00000000   Code   RO          831    .ARM.Collect$$rtentry$$00000000  c_w.l(rtentry.o)
    0x08000170   0x00000000   Code   RO          923    .ARM.Collect$$rtentry$$00000002  c_w.l(rtentry2.o)
    0x08000170   0x00000006   Code   RO          935    .ARM.Collect$$rtentry$$00000004  c_w.l(rtentry4.o)
    0x08000176   0x00000000   Code   RO          925    .ARM.Collect$$rtentry$$00000009  c_w.l(rtentry2.o)
    0x08000176   0x00000004   Code   RO          926    .ARM.Collect$$rtentry$$0000000A  c_w.l(rtentry2.o)
    0x0800017a   0x00000000   Code   RO          928    .ARM.Collect$$rtentry$$0000000C  c_w.l(rtentry2.o)
    0x0800017a   0x00000008   Code   RO          929    .ARM.Collect$$rtentry$$0000000D  c_w.l(rtentry2.o)
    0x08000182   0x00000002   Code   RO          983    .ARM.Collect$$rtexit$$00000000  c_w.l(rtexit.o)
    0x08000184   0x00000000   Code   RO         1011    .ARM.Collect$$rtexit$$00000002  c_w.l(rtexit2.o)
    0x08000184   0x00000004   Code   RO         1012    .ARM.Collect$$rtexit$$00000003  c_w.l(rtexit2.o)
    0x08000188   0x00000006   Code   RO         1013    .ARM.Collect$$rtexit$$00000004  c_w.l(rtexit2.o)
    0x0800018e   0x00000002   PAD
    0x08000190   0x00000040   Code   RO            4  * .text               startup_stm32l1xx_md.o
    0x080001d0   0x00000006   Code   RO          801    .text               c_w.l(heapauxi.o)
    0x080001d6   0x00000002   PAD
    0x080001d8   0x00000008   Code   RO          919    .text               c_w.l(libspace.o)
    0x080001e0   0x00000002   Code   RO          956    .text               c_w.l(use_no_semi.o)
    0x080001e2   0x00000000   Code   RO          958    .text               c_w.l(indicate_semi.o)
    0x080001e2   0x0000004a   Code   RO          959    .text               c_w.l(sys_stackheap_outer.o)
    0x0800022c   0x0000000c   Code   RO          965    .text               c_w.l(exit.o)
    0x08000238   0x0000000c   Code   RO          981    .text               c_w.l(sys_exit.o)
    0x08000244   0x00000054   Code   RO          550    i.ClrKeyb           key.o
    0x08000298   0x00000024   Code   RO          254    i.EXTI15_10_IRQHandler  rfm69w.o
    0x080002bc   0x00000164   Code   RO           12    i.GPIO_config       system_stm32l1xx.o
    0x08000420   0x00000020   Code   RO          551    i.GetKeybSample     key.o
    0x08000440   0x000000b0   Code   RO          556    i.KeybProc          key.o
    0x080004f0   0x00000016   Code   RO          255    i.NVIC_EnableIRQ    rfm69w.o
    0x08000506   0x00000002   PAD
    0x08000508   0x000000a8   Code   RO          258    i.RFM69W_GPIO_init  rfm69w.o
    0x080005b0   0x000001bc   Code   RO          259    i.RFM69W_REG_init   rfm69w.o
    0x0800076c   0x0000002c   Code   RO          260    i.RFM69W_SPI_init   rfm69w.o
    0x08000798   0x00000054   Code   RO          262    i.RFM69W_SPI_send_8poll  rfm69w.o
    0x080007ec   0x00000124   Code   RO          263    i.RFM69W_SPI_send_poll  rfm69w.o
    0x08000910   0x00000094   Code   RO          266    i.RFM69W_encrypt    rfm69w.o
    0x080009a4   0x00000016   Code   RO          268    i.RFM69W_init       rfm69w.o
    0x080009ba   0x00000002   PAD
    0x080009bc   0x00000170   Code   RO          269    i.RFM69W_interruptHandler  rfm69w.o
    0x08000b2c   0x0000003a   Code   RO          275    i.RFM69W_readRSSI   rfm69w.o
    0x08000b66   0x00000002   PAD
    0x08000b68   0x00000078   Code   RO          276    i.RFM69W_receiveBegin  rfm69w.o
    0x08000be0   0x0000004c   Code   RO          284    i.RFM69W_setHighPower  rfm69w.o
    0x08000c2c   0x000000d4   Code   RO          286    i.RFM69W_setMode    rfm69w.o
    0x08000d00   0x000000e4   Code   RO          290    i.SPI1_IRQHandler   rfm69w.o
    0x08000de4   0x00000050   Code   RO          202    i.SYS_TICK_init     main.o
    0x08000e34   0x00000110   Code   RO           13    i.SetSysClock       system_stm32l1xx.o
    0x08000f44   0x0000001c   Code   RO          203    i.SysTick_Handler   main.o
    0x08000f60   0x00000068   Code   RO           15    i.SystemInit        system_stm32l1xx.o
    0x08000fc8   0x00000024   Code   RO          559    i.TIM6_IRQHandler   key.o
    0x08000fec   0x0000007c   Code   RO          503    i.USART1_IRQHandler  usart.o
    0x08001068   0x000000c0   Code   RO          504    i.USART_init        usart.o
    0x08001128   0x0000001c   Code   RO          505    i.USART_send        usart.o
    0x08001144   0x00000084   Code   RO          506    i.USART_write       usart.o
    0x080011c8   0x00000058   Code   RO          507    i.USART_write_buf   usart.o
    0x08001220   0x00000188   Code   RO          722    i._dbl2stri         float.o
    0x080013a8   0x0000002c   Code   RO          723    i._decimal_binary   float.o
    0x080013d4   0x00000048   Code   RO          204    i.main              main.o
    0x0800141c   0x00000054   Code   RO          291    i.milis             rfm69w.o
    0x08001470   0x00000150   Code   RO          805    x$fpl$dadd          fz_ws.l(daddsub_clz.o)
    0x080015c0   0x00000018   Code   RO          910    x$fpl$dcmpinf       fz_ws.l(dcmpi.o)
    0x080015d8   0x0000005a   Code   RO          815    x$fpl$dfixu         fz_ws.l(dfixu.o)
    0x08001632   0x0000002e   Code   RO          820    x$fpl$dflt          fz_ws.l(dflt_clz.o)
    0x08001660   0x00000026   Code   RO          819    x$fpl$dfltu         fz_ws.l(dflt_clz.o)
    0x08001686   0x00000002   PAD
    0x08001688   0x00000078   Code   RO          825    x$fpl$dleqf         fz_ws.l(dleqf.o)
    0x08001700   0x00000154   Code   RO          827    x$fpl$dmul          fz_ws.l(dmul.o)
    0x08001854   0x0000009c   Code   RO          912    x$fpl$dnaninf       fz_ws.l(dnaninf.o)
    0x080018f0   0x0000000c   Code   RO          914    x$fpl$dretinf       fz_ws.l(dretinf.o)
    0x080018fc   0x00000016   Code   RO          806    x$fpl$drsb          fz_ws.l(daddsub_clz.o)
    0x08001912   0x00000002   PAD
    0x08001914   0x000001d4   Code   RO          807    x$fpl$dsub          fz_ws.l(daddsub_clz.o)
    0x08001ae8   0x00000000   Code   RO          916    x$fpl$usenofp       fz_ws.l(usenofp.o)
    0x08001ae8   0x00000016   Data   RO          561    .constdata          key.o
    0x08001afe   0x00000002   PAD
    0x08001b00   0x00000040   Data   RO          725    .constdata          float.o
    0x08001b40   0x00000020   Data   RO         1038    Region$$Table       anon$$obj.o


    Execution Region ER_RW (Base: 0x20000000, Size: 0x00000050, Max: 0xffffffff, ABSOLUTE)

    Base Addr    Size         Type   Attr      Idx    E Section Name        Object

    0x20000000   0x0000001d   Data   RW           16    .data               system_stm32l1xx.o
    0x2000001d   0x00000001   PAD
    0x2000001e   0x0000000d   Data   RW          293    .data               rfm69w.o
    0x2000002b   0x00000001   PAD
    0x2000002c   0x00000020   Data   RW          562    .data               key.o
    0x2000004c   0x00000004   Data   RW          726    .data               float.o


    Execution Region ER_ZI (Base: 0x20000050, Size: 0x000007a8, Max: 0xffffffff, ABSOLUTE)

    Base Addr    Size         Type   Attr      Idx    E Section Name        Object

    0x20000050   0x0000008f   Zero   RW          292    .bss                rfm69w.o
    0x200000df   0x00000034   Zero   RW          508    .bss                usart.o
    0x20000113   0x00000080   Zero   RW          724    .bss                float.o
    0x20000193   0x00000001   PAD
    0x20000194   0x00000060   Zero   RW          920    .bss                c_w.l(libspace.o)
    0x200001f4   0x00000004   PAD
    0x200001f8   0x00000200   Zero   RW            2    HEAP                startup_stm32l1xx_md.o
    0x200003f8   0x00000400   Zero   RW            1    STACK               startup_stm32l1xx_md.o


==============================================================================

Image component sizes


      Code (inc. data)   RO Data    RW Data    ZI Data      Debug   Object Name

         0          0          0          0          0     174260   eeprom.o
       436         18         64          4        128       1954   float.o
       328         84         22         32          0       2527   key.o
       180         26          0          0          0      25132   main.o
      2406        188          0         13        143      33782   rfm69w.o
        64         26        244          0       1536        792   startup_stm32l1xx_md.o
       732         44          0         29          0     180919   system_stm32l1xx.o
       564         44          0          0         52       3235   usart.o

    ----------------------------------------------------------------------
      4716        430        364         80       1860     422601   Object Totals
         0          0         32          0          0          0   (incl. Generated)
         6          0          2          2          1          0   (incl. Padding)

    ----------------------------------------------------------------------

      Code (inc. data)   RO Data    RW Data    ZI Data      Debug   Library Member Name

         8          0          0          0          0         68   __main.o
        52          8          0          0          0          0   __scatter.o
        26          0          0          0          0          0   __scatter_copy.o
        28          0          0          0          0          0   __scatter_zi.o
        12          0          0          0          0         72   exit.o
         6          0          0          0          0        152   heapauxi.o
         0          0          0          0          0          0   indicate_semi.o
         2          0          0          0          0          0   libinit.o
         2          0          0          0          0          0   libinit2.o
         2          0          0          0          0          0   libshutdown.o
         2          0          0          0          0          0   libshutdown2.o
         8          4          0          0         96         68   libspace.o
         0          0          0          0          0          0   rtentry.o
        12          0          0          0          0          0   rtentry2.o
         6          0          0          0          0          0   rtentry4.o
         2          0          0          0          0          0   rtexit.o
        10          0          0          0          0          0   rtexit2.o
        12          4          0          0          0         68   sys_exit.o
        74          0          0          0          0         80   sys_stackheap_outer.o
         2          0          0          0          0         68   use_no_semi.o
       826         16          0          0          0        348   daddsub_clz.o
        24          0          0          0          0         68   dcmpi.o
        90          4          0          0          0         92   dfixu.o
        84          0          0          0          0        136   dflt_clz.o
       120          4          0          0          0         92   dleqf.o
       340         12          0          0          0        104   dmul.o
       156          4          0          0          0         92   dnaninf.o
        12          0          0          0          0         68   dretinf.o
         0          0          0          0          0          0   usenofp.o

    ----------------------------------------------------------------------
      1928         56          0          0        100       1576   Library Totals
        10          0          0          0          4          0   (incl. Padding)

    ----------------------------------------------------------------------

      Code (inc. data)   RO Data    RW Data    ZI Data      Debug   Library Name

       266         16          0          0         96        576   c_w.l
      1652         40          0          0          0       1000   fz_ws.l

    ----------------------------------------------------------------------
      1928         56          0          0        100       1576   Library Totals

    ----------------------------------------------------------------------

==============================================================================


      Code (inc. data)   RO Data    RW Data    ZI Data      Debug   

      6644        486        364         80       1960     421885   Grand Totals
      6644        486        364         80       1960     421885   ELF Image Totals
      6644        486        364         80          0          0   ROM Totals

==============================================================================

    Total RO  Size (Code + RO Data)                 7008 (   6.84kB)
    Total RW  Size (RW Data + ZI Data)              2040 (   1.99kB)
    Total ROM Size (Code + RO Data + RW Data)       7088 (   6.92kB)

==============================================================================

